Archive member included to satisfy reference by file (symbol)

c:/st/stm32cubeide_1.12.0/stm32cubeide/plugins/com.st.stm32cube.ide.mcu.externaltools.gnu-tools-for-stm32.10.3-2021.10.win32_1.0.200.202301161003/tools/bin/../lib/gcc/arm-none-eabi/10.3.1/../../../../arm-none-eabi/lib/thumb/v7e-m+fp/hard\libstdc++_nano.a(pure.o)
                              ./Core/Src/mainpp.o (__cxa_pure_virtual)
c:/st/stm32cubeide_1.12.0/stm32cubeide/plugins/com.st.stm32cube.ide.mcu.externaltools.gnu-tools-for-stm32.10.3-2021.10.win32_1.0.200.202301161003/tools/bin/../lib/gcc/arm-none-eabi/10.3.1/../../../../arm-none-eabi/lib/thumb/v7e-m+fp/hard\libstdc++_nano.a(eh_terminate.o)
                              c:/st/stm32cubeide_1.12.0/stm32cubeide/plugins/com.st.stm32cube.ide.mcu.externaltools.gnu-tools-for-stm32.10.3-2021.10.win32_1.0.200.202301161003/tools/bin/../lib/gcc/arm-none-eabi/10.3.1/../../../../arm-none-eabi/lib/thumb/v7e-m+fp/hard\libstdc++_nano.a(pure.o) (std::terminate())
c:/st/stm32cubeide_1.12.0/stm32cubeide/plugins/com.st.stm32cube.ide.mcu.externaltools.gnu-tools-for-stm32.10.3-2021.10.win32_1.0.200.202301161003/tools/bin/../lib/gcc/arm-none-eabi/10.3.1/../../../../arm-none-eabi/lib/thumb/v7e-m+fp/hard\libstdc++_nano.a(eh_unex_handler.o)
                              c:/st/stm32cubeide_1.12.0/stm32cubeide/plugins/com.st.stm32cube.ide.mcu.externaltools.gnu-tools-for-stm32.10.3-2021.10.win32_1.0.200.202301161003/tools/bin/../lib/gcc/arm-none-eabi/10.3.1/../../../../arm-none-eabi/lib/thumb/v7e-m+fp/hard\libstdc++_nano.a(eh_terminate.o) (__cxxabiv1::__unexpected_handler)
c:/st/stm32cubeide_1.12.0/stm32cubeide/plugins/com.st.stm32cube.ide.mcu.externaltools.gnu-tools-for-stm32.10.3-2021.10.win32_1.0.200.202301161003/tools/bin/../lib/gcc/arm-none-eabi/10.3.1/../../../../arm-none-eabi/lib/thumb/v7e-m+fp/hard\libstdc++_nano.a(eh_term_handler.o)
                              c:/st/stm32cubeide_1.12.0/stm32cubeide/plugins/com.st.stm32cube.ide.mcu.externaltools.gnu-tools-for-stm32.10.3-2021.10.win32_1.0.200.202301161003/tools/bin/../lib/gcc/arm-none-eabi/10.3.1/../../../../arm-none-eabi/lib/thumb/v7e-m+fp/hard\libstdc++_nano.a(eh_terminate.o) (__cxxabiv1::__terminate_handler)
c:/st/stm32cubeide_1.12.0/stm32cubeide/plugins/com.st.stm32cube.ide.mcu.externaltools.gnu-tools-for-stm32.10.3-2021.10.win32_1.0.200.202301161003/tools/bin/../lib/gcc/arm-none-eabi/10.3.1/../../../../arm-none-eabi/lib/thumb/v7e-m+fp/hard\libm.a(lib_a-s_cos.o)
                              ./Core/Src/odom.o (cos)
c:/st/stm32cubeide_1.12.0/stm32cubeide/plugins/com.st.stm32cube.ide.mcu.externaltools.gnu-tools-for-stm32.10.3-2021.10.win32_1.0.200.202301161003/tools/bin/../lib/gcc/arm-none-eabi/10.3.1/../../../../arm-none-eabi/lib/thumb/v7e-m+fp/hard\libm.a(lib_a-s_sin.o)
                              ./Core/Src/odom.o (sin)
c:/st/stm32cubeide_1.12.0/stm32cubeide/plugins/com.st.stm32cube.ide.mcu.externaltools.gnu-tools-for-stm32.10.3-2021.10.win32_1.0.200.202301161003/tools/bin/../lib/gcc/arm-none-eabi/10.3.1/../../../../arm-none-eabi/lib/thumb/v7e-m+fp/hard\libm.a(lib_a-sf_cos.o)
                              ./Core/Src/odom.o (cosf)
c:/st/stm32cubeide_1.12.0/stm32cubeide/plugins/com.st.stm32cube.ide.mcu.externaltools.gnu-tools-for-stm32.10.3-2021.10.win32_1.0.200.202301161003/tools/bin/../lib/gcc/arm-none-eabi/10.3.1/../../../../arm-none-eabi/lib/thumb/v7e-m+fp/hard\libm.a(lib_a-sf_sin.o)
                              ./Core/Src/odom.o (sinf)
c:/st/stm32cubeide_1.12.0/stm32cubeide/plugins/com.st.stm32cube.ide.mcu.externaltools.gnu-tools-for-stm32.10.3-2021.10.win32_1.0.200.202301161003/tools/bin/../lib/gcc/arm-none-eabi/10.3.1/../../../../arm-none-eabi/lib/thumb/v7e-m+fp/hard\libm.a(lib_a-e_rem_pio2.o)
                              c:/st/stm32cubeide_1.12.0/stm32cubeide/plugins/com.st.stm32cube.ide.mcu.externaltools.gnu-tools-for-stm32.10.3-2021.10.win32_1.0.200.202301161003/tools/bin/../lib/gcc/arm-none-eabi/10.3.1/../../../../arm-none-eabi/lib/thumb/v7e-m+fp/hard\libm.a(lib_a-s_cos.o) (__ieee754_rem_pio2)
c:/st/stm32cubeide_1.12.0/stm32cubeide/plugins/com.st.stm32cube.ide.mcu.externaltools.gnu-tools-for-stm32.10.3-2021.10.win32_1.0.200.202301161003/tools/bin/../lib/gcc/arm-none-eabi/10.3.1/../../../../arm-none-eabi/lib/thumb/v7e-m+fp/hard\libm.a(lib_a-ef_rem_pio2.o)
                              c:/st/stm32cubeide_1.12.0/stm32cubeide/plugins/com.st.stm32cube.ide.mcu.externaltools.gnu-tools-for-stm32.10.3-2021.10.win32_1.0.200.202301161003/tools/bin/../lib/gcc/arm-none-eabi/10.3.1/../../../../arm-none-eabi/lib/thumb/v7e-m+fp/hard\libm.a(lib_a-sf_cos.o) (__ieee754_rem_pio2f)
c:/st/stm32cubeide_1.12.0/stm32cubeide/plugins/com.st.stm32cube.ide.mcu.externaltools.gnu-tools-for-stm32.10.3-2021.10.win32_1.0.200.202301161003/tools/bin/../lib/gcc/arm-none-eabi/10.3.1/../../../../arm-none-eabi/lib/thumb/v7e-m+fp/hard\libm.a(lib_a-k_cos.o)
[...]
Memory Configuration

Name             Origin             Length             Attributes
CCMRAM           0x0000000010000000 0x0000000000010000 xrw
RAM              0x0000000020000000 0x0000000000020000 xrw
FLASH            0x0000000008000000 0x0000000000100000 xr
*default*        0x0000000000000000 0xffffffffffffffff

Linker script and memory map

LOAD c:/st/stm32cubeide_1.12.0/stm32cubeide/plugins/com.st.stm32cube.ide.mcu.externaltools.gnu-tools-for-stm32.10.3-2021.10.win32_1.0.200.202301161003/tools/bin/../lib/gcc/arm-none-eabi/10.3.1/thumb/v7e-m+fp/hard/crti.o
LOAD c:/st/stm32cubeide_1.12.0/stm32cubeide/plugins/com.st.stm32cube.ide.mcu.externaltools.gnu-tools-for-stm32.10.3-2021.10.win32_1.0.200.202301161003/tools/bin/../lib/gcc/arm-none-eabi/10.3.1/thumb/v7e-m+fp/hard/crtbegin.o
LOAD c:/st/stm32cubeide_1.12.0/stm32cubeide/plugins/com.st.stm32cube.ide.mcu.externaltools.gnu-tools-for-stm32.10.3-2021.10.win32_1.0.200.202301161003/tools/bin/../lib/gcc/arm-none-eabi/10.3.1/../../../../arm-none-eabi/lib/thumb/v7e-m+fp/hard/crt0.o
LOAD ./Core/Src/control_motor.o
LOAD ./Core/Src/dma.o
LOAD ./Core/Src/duration.o
LOAD ./Core/Src/freertos.o
LOAD ./Core/Src/gpio.o
LOAD ./Core/Src/main.o
LOAD ./Core/Src/mainpp.o
LOAD ./Core/Src/odom.o
LOAD ./Core/Src/pid.o
LOAD ./Core/Src/stm32f4xx_hal_msp.o
LOAD ./Core/Src/stm32f4xx_hal_timebase_tim.o
LOAD ./Core/Src/stm32f4xx_it.o
LOAD ./Core/Src/syscalls.o
LOAD ./Core/Src/sysmem.o
LOAD ./Core/Src/system_stm32f4xx.o
LOAD ./Core/Src/tim.o
LOAD ./Core/Src/time.o
LOAD ./Core/Src/usart.o
LOAD ./Core/Startup/startup_stm32f407vgtx.o
LOAD ./Drivers/STM32F4xx_HAL_Driver/Src/stm32f4xx_hal.o
LOAD ./Drivers/STM32F4xx_HAL_Driver/Src/stm32f4xx_hal_cortex.o
LOAD ./Drivers/STM32F4xx_HAL_Driver/Src/stm32f4xx_hal_dma.o
LOAD ./Drivers/STM32F4xx_HAL_Driver/Src/stm32f4xx_hal_dma_ex.o
LOAD ./Drivers/STM32F4xx_HAL_Driver/Src/stm32f4xx_hal_exti.o
LOAD ./Drivers/STM32F4xx_HAL_Driver/Src/stm32f4xx_hal_flash.o
LOAD ./Drivers/STM32F4xx_HAL_Driver/Src/stm32f4xx_hal_flash_ex.o
LOAD ./Drivers/STM32F4xx_HAL_Driver/Src/stm32f4xx_hal_flash_ramfunc.o
LOAD ./Drivers/STM32F4xx_HAL_Driver/Src/stm32f4xx_hal_gpio.o
LOAD ./Drivers/STM32F4xx_HAL_Driver/Src/stm32f4xx_hal_pwr.o
LOAD ./Drivers/STM32F4xx_HAL_Driver/Src/stm32f4xx_hal_pwr_ex.o
LOAD ./Drivers/STM32F4xx_HAL_Driver/Src/stm32f4xx_hal_rcc.o
LOAD ./Drivers/STM32F4xx_HAL_Driver/Src/stm32f4xx_hal_rcc_ex.o
LOAD ./Drivers/STM32F4xx_HAL_Driver/Src/stm32f4xx_hal_tim.o
LOAD ./Drivers/STM32F4xx_HAL_Driver/Src/stm32f4xx_hal_tim_ex.o
LOAD ./Drivers/STM32F4xx_HAL_Driver/Src/stm32f4xx_hal_uart.o
LOAD ./Middlewares/Third_Party/FreeRTOS/Source/CMSIS_RTOS/cmsis_os.o
LOAD ./Middlewares/Third_Party/FreeRTOS/Source/croutine.o
LOAD ./Middlewares/Third_Party/FreeRTOS/Source/event_groups.o
LOAD ./Middlewares/Third_Party/FreeRTOS/Source/list.o
LOAD ./Middlewares/Third_Party/FreeRTOS/Source/queue.o
LOAD ./Middlewares/Third_Party/FreeRTOS/Source/stream_buffer.o
LOAD ./Middlewares/Third_Party/FreeRTOS/Source/tasks.o
LOAD ./Middlewares/Third_Party/FreeRTOS/Source/timers.o
LOAD ./Middlewares/Third_Party/FreeRTOS/Source/portable/GCC/ARM_CM4F/port.o
LOAD ./Middlewares/Third_Party/FreeRTOS/Source/portable/MemMang/heap_4.o
START GROUP
LOAD c:/st/stm32cubeide_1.12.0/stm32cubeide/plugins/com.st.stm32cube.ide.mcu.externaltools.gnu-tools-for-stm32.10.3-2021.10.win32_1.0.200.202301161003/tools/bin/../lib/gcc/arm-none-eabi/10.3.1/../../../../arm-none-eabi/lib/thumb/v7e-m+fp/hard\libstdc++_nano.a
LOAD c:/st/stm32cubeide_1.12.0/stm32cubeide/plugins/com.st.stm32cube.ide.mcu.externaltools.gnu-tools-for-stm32.10.3-2021.10.win32_1.0.200.202301161003/tools/bin/../lib/gcc/arm-none-eabi/10.3.1/../../../../arm-none-eabi/lib/thumb/v7e-m+fp/hard\libsupc++_nano.a
END GROUP
LOAD c:/st/stm32cubeide_1.12.0/stm32cubeide/plugins/com.st.stm32cube.ide.mcu.externaltools.gnu-tools-for-stm32.10.3-2021.10.win32_1.0.200.202301161003/tools/bin/../lib/gcc/arm-none-eabi/10.3.1/../../../../arm-none-eabi/lib/thumb/v7e-m+fp/hard\libstdc++_nano.a
LOAD c:/st/stm32cubeide_1.12.0/stm32cubeide/plugins/com.st.stm32cube.ide.mcu.externaltools.gnu-tools-for-stm32.10.3-2021.10.win32_1.0.200.202301161003/tools/bin/../lib/gcc/arm-none-eabi/10.3.1/../../../../arm-none-eabi/lib/thumb/v7e-m+fp/hard\libm.a
LOAD c:/st/stm32cubeide_1.12.0/stm32cubeide/plugins/com.st.stm32cube.ide.mcu.externaltools.gnu-tools-for-stm32.10.3-2021.10.win32_1.0.200.202301161003/tools/bin/../lib/gcc/arm-none-eabi/10.3.1/../../../../arm-none-eabi/lib/thumb/v7e-m+fp/hard\libc_nano.a
START GROUP
LOAD c:/st/stm32cubeide_1.12.0/stm32cubeide/plugins/com.st.stm32cube.ide.mcu.externaltools.gnu-tools-for-stm32.10.3-2021.10.win32_1.0.200.202301161003/tools/bin/../lib/gcc/arm-none-eabi/10.3.1/thumb/v7e-m+fp/hard\libgcc.a
LOAD c:/st/stm32cubeide_1.12.0/stm32cubeide/plugins/com.st.stm32cube.ide.mcu.externaltools.gnu-tools-for-stm32.10.3-2021.10.win32_1.0.200.202301161003/tools/bin/../lib/gcc/arm-none-eabi/10.3.1/../../../../arm-none-eabi/lib/thumb/v7e-m+fp/hard\libc_nano.a
END GROUP
START GROUP
LOAD c:/st/stm32cubeide_1.12.0/stm32cubeide/plugins/com.st.stm32cube.ide.mcu.externaltools.gnu-tools-for-stm32.10.3-2021.10.win32_1.0.200.202301161003/tools/bin/../lib/gcc/arm-none-eabi/10.3.1/thumb/v7e-m+fp/hard\libgcc.a
LOAD c:/st/stm32cubeide_1.12.0/stm32cubeide/plugins/com.st.stm32cube.ide.mcu.externaltools.gnu-tools-for-stm32.10.3-2021.10.win32_1.0.200.202301161003/tools/bin/../lib/gcc/arm-none-eabi/10.3.1/../../../../arm-none-eabi/lib/thumb/v7e-m+fp/hard\libc_nano.a
END GROUP
LOAD c:/st/stm32cubeide_1.12.0/stm32cubeide/plugins/com.st.stm32cube.ide.mcu.externaltools.gnu-tools-for-stm32.10.3-2021.10.win32_1.0.200.202301161003/tools/bin/../lib/gcc/arm-none-eabi/10.3.1/thumb/v7e-m+fp/hard/crtend.o
LOAD c:/st/stm32cubeide_1.12.0/stm32cubeide/plugins/com.st.stm32cube.ide.mcu.externaltools.gnu-tools-for-stm32.10.3-2021.10.win32_1.0.200.202301161003/tools/bin/../lib/gcc/arm-none-eabi/10.3.1/thumb/v7e-m+fp/hard/crtn.o
                0x0000000020020000                _estack = (ORIGIN (RAM) + LENGTH (RAM))
                0x0000000000000200                _Min_Heap_Size = 0x200
                0x0000000000000400                _Min_Stack_Size = 0x400

.isr_vector     0x0000000008000000      0x188
                0x0000000008000000                . = ALIGN (0x4)
 *(.isr_vector)
 .isr_vector    0x0000000008000000      0x188 ./Core/Startup/startup_stm32f407vgtx.o
                0x0000000008000000                g_pfnVectors
                0x0000000008000188                . = ALIGN (0x4)

.text           0x0000000008000190     0xeb1c
                0x0000000008000190                . = ALIGN (0x4)
 *(.text)
 .text          0x0000000008000190       0x40 c:/st/stm32cubeide_1.12.0/stm32cubeide/plugins/com.st.stm32cube.ide.mcu.externaltools.gnu-tools-for-stm32.10.3-2021.10.win32_1.0.200.202301161003/tools/bin/../lib/gcc/arm-none-eabi/10.3.1/thumb/v7e-m+fp/hard/crtbegin.o
 .text          0x00000000080001d0       0x10 c:/st/stm32cubeide_1.12.0/stm32cubeide/plugins/com.st.stm32cube.ide.mcu.externaltools.gnu-tools-for-stm32.10.3-2021.10.win32_1.0.200.202301161003/tools/bin/../lib/gcc/arm-none-eabi/10.3.1/../../../../arm-none-eabi/lib/thumb/v7e-m+fp/hard\libc_nano.a(lib_a-strlen.o)
                0x00000000080001d0                strlen
 .text          0x00000000080001e0      0x378 c:/st/stm32cubeide_1.12.0/stm32cubeide/plugins/com.st.stm32cube.ide.mcu.externaltools.gnu-tools-for-stm32.10.3-2021.10.win32_1.0.200.202301161003/tools/bin/../lib/gcc/arm-none-eabi/10.3.1/thumb/v7e-m+fp/hard\libgcc.a(_arm_addsubdf3.o)
                0x00000000080001e0                __aeabi_drsub
                0x00000000080001e8                __aeabi_dsub
                0x00000000080001e8                __subdf3
                0x00000000080001ec                __aeabi_dadd
                0x00000000080001ec                __adddf3
                0x0000000008000464                __floatunsidf
                0x0000000008000464                __aeabi_ui2d
                0x0000000008000484                __floatsidf
                0x0000000008000484                __aeabi_i2d
                0x00000000080004a8                __aeabi_f2d
                0x00000000080004a8                __extendsfdf2
                0x00000000080004ec                __floatundidf
                0x00000000080004ec                __aeabi_ul2d
                0x00000000080004fc                __floatdidf
                0x00000000080004fc                __aeabi_l2d
 .text          0x0000000008000558      0x424 c:/st/stm32cubeide_1.12.0/stm32cubeide/plugins/com.st.stm32cube.ide.mcu.externaltools.gnu-tools-for-stm32.10.3-2021.10.win32_1.0.200.202301161003/tools/bin/../lib/gcc/arm-none-eabi/10.3.1/thumb/v7e-m+fp/hard\libgcc.a(_arm_muldivdf3.o)
                0x0000000008000558                __aeabi_dmul
                0x0000000008000558                __muldf3
                0x00000000080007ac                __divdf3
                0x00000000080007ac                __aeabi_ddiv
 .text          0x000000000800097c      0x110 c:/st/stm32cubeide_1.12.0/stm32cubeide/plugins/com.st.stm32cube.ide.mcu.externaltools.gnu-tools-for-stm32.10.3-2021.10.win32_1.0.200.202301161003/tools/bin/../lib/gcc/arm-none-eabi/10.3.1/thumb/v7e-m+fp/hard\libgcc.a(_arm_cmpdf2.o)
                0x000000000800097c                __gtdf2
                0x000000000800097c                __gedf2
                0x0000000008000984                __ltdf2
                0x0000000008000984                __ledf2
                0x000000000800098c                __nedf2
                0x000000000800098c                __eqdf2
                0x000000000800098c                __cmpdf2
                0x0000000008000a08                __aeabi_cdrcmple
                0x0000000008000a18                __aeabi_cdcmpeq
                0x0000000008000a18                __aeabi_cdcmple
                0x0000000008000a28                __aeabi_dcmpeq
                0x0000000008000a3c                __aeabi_dcmplt
                0x0000000008000a50                __aeabi_dcmple
                0x0000000008000a64                __aeabi_dcmpge
                0x0000000008000a78                __aeabi_dcmpgt
 .text          0x0000000008000a8c       0x50 c:/st/stm32cubeide_1.12.0/stm32cubeide/plugins/com.st.stm32cube.ide.mcu.externaltools.gnu-tools-for-stm32.10.3-2021.10.win32_1.0.200.202301161003/tools/bin/../lib/gcc/arm-none-eabi/10.3.1/thumb/v7e-m+fp/hard\libgcc.a(_arm_fixdfsi.o)
                0x0000000008000a8c                __aeabi_d2iz
                0x0000000008000a8c                __fixdfsi
 .text          0x0000000008000adc       0xa0 c:/st/stm32cubeide_1.12.0/stm32cubeide/plugins/com.st.stm32cube.ide.mcu.externaltools.gnu-tools-for-stm32.10.3-2021.10.win32_1.0.200.202301161003/tools/bin/../lib/gcc/arm-none-eabi/10.3.1/thumb/v7e-m+fp/hard\libgcc.a(_arm_truncdfsf2.o)
                0x0000000008000adc                __truncdfsf2
                0x0000000008000adc                __aeabi_d2f
 .text          0x0000000008000b7c       0x30 c:/st/stm32cubeide_1.12.0/stm32cubeide/plugins/com.st.stm32cube.ide.mcu.externaltools.gnu-tools-for-stm32.10.3-2021.10.win32_1.0.200.202301161003/tools/bin/../lib/gcc/arm-none-eabi/10.3.1/thumb/v7e-m+fp/hard\libgcc.a(_aeabi_uldivmod.o)
                0x0000000008000b7c                __aeabi_uldivmod
 .text          0x0000000008000bac      0x2d0 c:/st/stm32cubeide_1.12.0/stm32cubeide/plugins/com.st.stm32cube.ide.mcu.externaltools.gnu-tools-for-stm32.10.3-2021.10.win32_1.0.200.202301161003/tools/bin/../lib/gcc/arm-none-eabi/10.3.1/thumb/v7e-m+fp/hard\libgcc.a(_udivmoddi4.o)
                0x0000000008000bac                __udivmoddi4
 .text          0x0000000008000e7c        0x4 c:/st/stm32cubeide_1.12.0/stm32cubeide/plugins/com.st.stm32cube.ide.mcu.externaltools.gnu-tools-for-stm32.10.3-2021.10.win32_1.0.200.202301161003/tools/bin/../lib/gcc/arm-none-eabi/10.3.1/thumb/v7e-m+fp/hard\libgcc.a(_dvmd_tls.o)
                0x0000000008000e7c                __aeabi_idiv0
                0x0000000008000e7c                __aeabi_ldiv0
 *(.text*)
 .text.map      0x0000000008000e80       0x5c ./Core/Src/control_motor.o
                0x0000000008000e80                map
 *fill*         0x0000000008000edc        0x4 
 .text.motor_VectorKinematic
                0x0000000008000ee0      0x198 ./Core/Src/control_motor.o
                0x0000000008000ee0                motor_VectorKinematic
 .text.motor_VeloControl
                0x0000000008001078      0x298 ./Core/Src/control_motor.o
                0x0000000008001078                motor_VeloControl
 .text.MX_DMA_Init
                0x0000000008001310       0x70 ./Core/Src/dma.o
                0x0000000008001310                MX_DMA_Init
 .text.vApplicationGetIdleTaskMemory
                0x0000000008001380       0x34 ./Core/Src/freertos.o
                0x0000000008001380                vApplicationGetIdleTaskMemory
 .text.MX_FREERTOS_Init
                0x00000000080013b4       0x94 ./Core/Src/freertos.o
                0x00000000080013b4                MX_FREERTOS_Init
 .text.Startjoys_imuTask
                0x0000000008001448      0x3c0 ./Core/Src/freertos.o
                0x0000000008001448                Startjoys_imuTask
 .text.StartrosserialTask
                0x0000000008001808       0x28 ./Core/Src/freertos.o
                0x0000000008001808                StartrosserialTask
 .text.Startout_motorTask
                0x0000000008001830      0x354 ./Core/Src/freertos.o
                0x0000000008001830                Startout_motorTask
 .text.MX_GPIO_Init
                0x0000000008001b84      0x28c ./Core/Src/gpio.o
                0x0000000008001b84                MX_GPIO_Init
 .text.HAL_TIM_IC_CaptureCallback
                0x0000000008001e10       0xb0 ./Core/Src/main.o
                0x0000000008001e10                HAL_TIM_IC_CaptureCallback
 .text.main     0x0000000008001ec0       0xcc ./Core/Src/main.o
                0x0000000008001ec0                main
 .text.SystemClock_Config
                0x0000000008001f8c       0xd4 ./Core/Src/main.o
                0x0000000008001f8c                SystemClock_Config
 .text.HAL_TIM_PeriodElapsedCallback
                0x0000000008002060       0x34 ./Core/Src/main.o
                0x0000000008002060                HAL_TIM_PeriodElapsedCallback
 .text.Error_Handler
                0x0000000008002094        0xa ./Core/Src/main.o
                0x0000000008002094                Error_Handler
 .text._ZN3ros4TimeC2Ev
                0x000000000800209e       0x22 ./Core/Src/mainpp.o
                0x000000000800209e                ros::Time::Time()
                0x000000000800209e                ros::Time::Time()
 .text._ZN3ros3Msg19serializeAvrFloat64EPhf
                0x00000000080020c0      0x138 ./Core/Src/mainpp.o
                0x00000000080020c0                ros::Msg::serializeAvrFloat64(unsigned char*, float)
 .text._ZN3ros3Msg21deserializeAvrFloat64EPKhPf
                0x00000000080021f8      0x138 ./Core/Src/mainpp.o
                0x00000000080021f8                ros::Msg::deserializeAvrFloat64(unsigned char const*, float*)
 .text._ZN3ros3MsgC2Ev
                0x0000000008002330       0x20 ./Core/Src/mainpp.o
                0x0000000008002330                ros::Msg::Msg()
                0x0000000008002330                ros::Msg::Msg()
 .text._ZN13geometry_msgs7Vector3C2Ev
                0x0000000008002350       0x3c ./Core/Src/mainpp.o
                0x0000000008002350                geometry_msgs::Vector3::Vector3()
                0x0000000008002350                geometry_msgs::Vector3::Vector3()
 .text._ZNK13geometry_msgs7Vector39serializeEPh
                0x000000000800238c       0x72 ./Core/Src/mainpp.o
                0x000000000800238c                geometry_msgs::Vector3::serialize(unsigned char*) const
 .text._ZN13geometry_msgs7Vector311deserializeEPh
                0x00000000080023fe       0x66 ./Core/Src/mainpp.o
                0x00000000080023fe                geometry_msgs::Vector3::deserialize(unsigned char*)
 .text._ZN13geometry_msgs7Vector37getTypeEv
                0x0000000008002464       0x1c ./Core/Src/mainpp.o
                0x0000000008002464                geometry_msgs::Vector3::getType()
 .text._ZN13geometry_msgs7Vector36getMD5Ev
                0x0000000008002480       0x1c ./Core/Src/mainpp.o
                0x0000000008002480                geometry_msgs::Vector3::getMD5()
 .text._ZN13geometry_msgs5TwistC2Ev
                0x000000000800249c       0x38 ./Core/Src/mainpp.o
                0x000000000800249c                geometry_msgs::Twist::Twist()
                0x000000000800249c                geometry_msgs::Twist::Twist()
 .text._ZNK13geometry_msgs5Twist9serializeEPh
                0x00000000080024d4       0x4a ./Core/Src/mainpp.o
                0x00000000080024d4                geometry_msgs::Twist::serialize(unsigned char*) const
 .text._ZN13geometry_msgs5Twist11deserializeEPh
                0x000000000800251e       0x4a ./Core/Src/mainpp.o
                0x000000000800251e                geometry_msgs::Twist::deserialize(unsigned char*)
 .text._ZN13geometry_msgs5Twist7getTypeEv
                0x0000000008002568       0x1c ./Core/Src/mainpp.o
                0x0000000008002568                geometry_msgs::Twist::getType()
 .text._ZN13geometry_msgs5Twist6getMD5Ev
                0x0000000008002584       0x1c ./Core/Src/mainpp.o
                0x0000000008002584                geometry_msgs::Twist::getMD5()
 .text._ZN8std_msgs4TimeC2Ev
                0x00000000080025a0       0x30 ./Core/Src/mainpp.o
                0x00000000080025a0                std_msgs::Time::Time()
                0x00000000080025a0                std_msgs::Time::Time()
 .text._ZNK8std_msgs4Time9serializeEPh
                0x00000000080025d0       0xb0 ./Core/Src/mainpp.o
                0x00000000080025d0                std_msgs::Time::serialize(unsigned char*) const
 .text._ZN8std_msgs4Time11deserializeEPh
                0x0000000008002680       0xc8 ./Core/Src/mainpp.o
                0x0000000008002680                std_msgs::Time::deserialize(unsigned char*)
 .text._ZN8std_msgs4Time7getTypeEv
                0x0000000008002748       0x1c ./Core/Src/mainpp.o
                0x0000000008002748                std_msgs::Time::getType()
 .text._ZN8std_msgs4Time6getMD5Ev
                0x0000000008002764       0x1c ./Core/Src/mainpp.o
                0x0000000008002764                std_msgs::Time::getMD5()
 .text._ZN14rosserial_msgs9TopicInfoC2Ev
                0x0000000008002780       0x48 ./Core/Src/mainpp.o
                0x0000000008002780                rosserial_msgs::TopicInfo::TopicInfo()
                0x0000000008002780                rosserial_msgs::TopicInfo::TopicInfo()
 .text._ZNK14rosserial_msgs9TopicInfo9serializeEPh
                0x00000000080027c8      0x136 ./Core/Src/mainpp.o
                0x00000000080027c8                rosserial_msgs::TopicInfo::serialize(unsigned char*) const
 .text._ZN14rosserial_msgs9TopicInfo11deserializeEPh
                0x00000000080028fe      0x1d0 ./Core/Src/mainpp.o
                0x00000000080028fe                rosserial_msgs::TopicInfo::deserialize(unsigned char*)
 *fill*         0x0000000008002ace        0x2 
 .text._ZN14rosserial_msgs9TopicInfo7getTypeEv
                0x0000000008002ad0       0x1c ./Core/Src/mainpp.o
                0x0000000008002ad0                rosserial_msgs::TopicInfo::getType()
 .text._ZN14rosserial_msgs9TopicInfo6getMD5Ev
                0x0000000008002aec       0x1c ./Core/Src/mainpp.o
                0x0000000008002aec                rosserial_msgs::TopicInfo::getMD5()
 .text._ZN14rosserial_msgs3LogC2Ev
                0x0000000008002b08       0x34 ./Core/Src/mainpp.o
                0x0000000008002b08                rosserial_msgs::Log::Log()
                0x0000000008002b08                rosserial_msgs::Log::Log()
 .text._ZNK14rosserial_msgs3Log9serializeEPh
                0x0000000008002b3c       0x64 ./Core/Src/mainpp.o
                0x0000000008002b3c                rosserial_msgs::Log::serialize(unsigned char*) const
 .text._ZN14rosserial_msgs3Log11deserializeEPh
                0x0000000008002ba0       0x90 ./Core/Src/mainpp.o
                0x0000000008002ba0                rosserial_msgs::Log::deserialize(unsigned char*)
 .text._ZN14rosserial_msgs3Log7getTypeEv
                0x0000000008002c30       0x1c ./Core/Src/mainpp.o
                0x0000000008002c30                rosserial_msgs::Log::getType()
 .text._ZN14rosserial_msgs3Log6getMD5Ev
                0x0000000008002c4c       0x1c ./Core/Src/mainpp.o
                0x0000000008002c4c                rosserial_msgs::Log::getMD5()
 .text._ZN14rosserial_msgs20RequestParamResponseC2Ev
                0x0000000008002c68       0x5c ./Core/Src/mainpp.o
                0x0000000008002c68                rosserial_msgs::RequestParamResponse::RequestParamResponse()
                0x0000000008002c68                rosserial_msgs::RequestParamResponse::RequestParamResponse()
 .text._ZNK14rosserial_msgs20RequestParamResponse9serializeEPh
                0x0000000008002cc4      0x222 ./Core/Src/mainpp.o
                0x0000000008002cc4                rosserial_msgs::RequestParamResponse::serialize(unsigned char*) const
 .text._ZN14rosserial_msgs20RequestParamResponse11deserializeEPh
                0x0000000008002ee6      0x2e2 ./Core/Src/mainpp.o
                0x0000000008002ee6                rosserial_msgs::RequestParamResponse::deserialize(unsigned char*)
 .text._ZN14rosserial_msgs20RequestParamResponse7getTypeEv
                0x00000000080031c8       0x1c ./Core/Src/mainpp.o
                0x00000000080031c8                rosserial_msgs::RequestParamResponse::getType()
 .text._ZN14rosserial_msgs20RequestParamResponse6getMD5Ev
                0x00000000080031e4       0x1c ./Core/Src/mainpp.o
                0x00000000080031e4                rosserial_msgs::RequestParamResponse::getMD5()
 .text._ZN3ros9Publisher15getEndpointTypeEv
                0x0000000008003200       0x18 ./Core/Src/mainpp.o
                0x0000000008003200                ros::Publisher::getEndpointType()
 .text._ZN13STM32Hardware10getRdmaIndEv
                0x0000000008003218       0x26 ./Core/Src/mainpp.o
                0x0000000008003218                STM32Hardware::getRdmaInd()
 *fill*         0x000000000800323e        0x2 
 .text._ZN13STM32HardwareC2Ev
                0x0000000008003240       0x40 ./Core/Src/mainpp.o
                0x0000000008003240                STM32Hardware::STM32Hardware()
                0x0000000008003240                STM32Hardware::STM32Hardware()
 .text._ZN13STM32Hardware4initEv
                0x0000000008003280       0x16 ./Core/Src/mainpp.o
                0x0000000008003280                STM32Hardware::init()
 .text._ZN13STM32Hardware10reset_rbufEv
                0x0000000008003296       0x22 ./Core/Src/mainpp.o
                0x0000000008003296                STM32Hardware::reset_rbuf()
 .text._ZN13STM32Hardware4readEv
                0x00000000080032b8       0x5a ./Core/Src/mainpp.o
                0x00000000080032b8                STM32Hardware::read()
 *fill*         0x0000000008003312        0x2 
 .text._ZN13STM32Hardware5flushEv
                0x0000000008003314       0xd0 ./Core/Src/mainpp.o
                0x0000000008003314                STM32Hardware::flush()
 .text._ZN13STM32Hardware5writeEPhi
                0x00000000080033e4       0x94 ./Core/Src/mainpp.o
                0x00000000080033e4                STM32Hardware::write(unsigned char*, int)
 .text._ZN13STM32Hardware4timeEv
                0x0000000008003478       0x16 ./Core/Src/mainpp.o
                0x0000000008003478                STM32Hardware::time()
 *fill*         0x000000000800348e        0x2 
 .text._ZN3ros15NodeHandleBase_C2Ev
                0x0000000008003490       0x20 ./Core/Src/mainpp.o
                0x0000000008003490                ros::NodeHandleBase_::NodeHandleBase_()
                0x0000000008003490                ros::NodeHandleBase_::NodeHandleBase_()
 .text._ZN3ros11NodeHandle_I13STM32HardwareLi25ELi25ELi2048ELi2048EEC2Ev
                0x00000000080034b0      0x144 ./Core/Src/mainpp.o
                0x00000000080034b0                ros::NodeHandle_<STM32Hardware, 25, 25, 2048, 2048>::NodeHandle_()
                0x00000000080034b0                ros::NodeHandle_<STM32Hardware, 25, 25, 2048, 2048>::NodeHandle_()
 .text.HAL_UART_TxCpltCallback
                0x00000000080035f4       0x24 ./Core/Src/mainpp.o
                0x00000000080035f4                HAL_UART_TxCpltCallback
 .text.HAL_UART_RxCpltCallback
                0x0000000008003618       0x24 ./Core/Src/mainpp.o
                0x0000000008003618                HAL_UART_RxCpltCallback
 *fill*         0x000000000800363c        0x4 
 .text.setup    0x0000000008003640       0x90 ./Core/Src/mainpp.o
                0x0000000008003640                setup
 .text.loop     0x00000000080036d0      0x1fc ./Core/Src/mainpp.o
                0x00000000080036d0                loop
 .text._Z15cmd_velCallbackRKN13geometry_msgs5TwistE
                0x00000000080038cc       0x38 ./Core/Src/mainpp.o
                0x00000000080038cc                cmd_velCallback(geometry_msgs::Twist const&)
 .text._ZN3ros3Msg8varToArrIPhmEEvT_T0_
                0x0000000008003904       0x3c ./Core/Src/mainpp.o
                0x0000000008003904                void ros::Msg::varToArr<unsigned char*, unsigned long>(unsigned char*, unsigned long)
 .text._ZN3ros3Msg8arrToVarImPhEEvRT_T0_
                0x0000000008003940       0x4a ./Core/Src/mainpp.o
                0x0000000008003940                void ros::Msg::arrToVar<unsigned long, unsigned char*>(unsigned long&, unsigned char*)
 *fill*         0x000000000800398a        0x2 
 .text._ZN3ros11Subscriber_C2Ev
                0x000000000800398c       0x20 ./Core/Src/mainpp.o
                0x000000000800398c                ros::Subscriber_::Subscriber_()
                0x000000000800398c                ros::Subscriber_::Subscriber_()
 .text._ZN3ros10SubscriberIN13geometry_msgs5TwistEvEC2EPKcPFvRKS2_Ei
                0x00000000080039ac       0x48 ./Core/Src/mainpp.o
                0x00000000080039ac                ros::Subscriber<geometry_msgs::Twist, void>::Subscriber(char const*, void (*)(geometry_msgs::Twist const&), int)
                0x00000000080039ac                ros::Subscriber<geometry_msgs::Twist, void>::Subscriber(char const*, void (*)(geometry_msgs::Twist const&), int)
 .text._ZN3ros11NodeHandle_I13STM32HardwareLi25ELi25ELi2048ELi2048EE11getHardwareEv
                0x00000000080039f4       0x18 ./Core/Src/mainpp.o
                0x00000000080039f4                ros::NodeHandle_<STM32Hardware, 25, 25, 2048, 2048>::getHardware()
 .text._ZN3ros11NodeHandle_I13STM32HardwareLi25ELi25ELi2048ELi2048EE8initNodeEv
                0x0000000008003a0c       0x52 ./Core/Src/mainpp.o
                0x0000000008003a0c                ros::NodeHandle_<STM32Hardware, 25, 25, 2048, 2048>::initNode()
 .text._ZN3ros11NodeHandle_I13STM32HardwareLi25ELi25ELi2048ELi2048EE9subscribeERNS_11Subscriber_E
                0x0000000008003a5e       0x56 ./Core/Src/mainpp.o
                0x0000000008003a5e                ros::NodeHandle_<STM32Hardware, 25, 25, 2048, 2048>::subscribe(ros::Subscriber_&)
 .text._ZN3ros11NodeHandle_I13STM32HardwareLi25ELi25ELi2048ELi2048EE7loginfoEPKc
                0x0000000008003ab4       0x1c ./Core/Src/mainpp.o
                0x0000000008003ab4                ros::NodeHandle_<STM32Hardware, 25, 25, 2048, 2048>::loginfo(char const*)
 .text._ZN3ros11NodeHandle_I13STM32HardwareLi25ELi25ELi2048ELi2048EE3nowEv
                0x0000000008003ad0       0x7c ./Core/Src/mainpp.o
                0x0000000008003ad0                ros::NodeHandle_<STM32Hardware, 25, 25, 2048, 2048>::now()
 .text._ZN3ros11NodeHandle_I13STM32HardwareLi25ELi25ELi2048ELi2048EE8spinOnceEv
                0x0000000008003b4c      0x4f0 ./Core/Src/mainpp.o
                0x0000000008003b4c                ros::NodeHandle_<STM32Hardware, 25, 25, 2048, 2048>::spinOnce()
 .text._ZN3ros11NodeHandle_I13STM32HardwareLi25ELi25ELi2048ELi2048EE3logEcPKc
                0x000000000800403c       0x38 ./Core/Src/mainpp.o
                0x000000000800403c                ros::NodeHandle_<STM32Hardware, 25, 25, 2048, 2048>::log(char, char const*)
 .text._ZN3ros11NodeHandle_I13STM32HardwareLi25ELi25ELi2048ELi2048EE15requestSyncTimeEv
                0x0000000008004074       0x3e ./Core/Src/mainpp.o
                0x0000000008004074                ros::NodeHandle_<STM32Hardware, 25, 25, 2048, 2048>::requestSyncTime()
 .text._ZN3ros11NodeHandle_I13STM32HardwareLi25ELi25ELi2048ELi2048EE15negotiateTopicsEv
                0x00000000080040b2      0x1c2 ./Core/Src/mainpp.o
                0x00000000080040b2                ros::NodeHandle_<STM32Hardware, 25, 25, 2048, 2048>::negotiateTopics()
 .text._ZN3ros11NodeHandle_I13STM32HardwareLi25ELi25ELi2048ELi2048EE8syncTimeEPh
                0x0000000008004274       0x9c ./Core/Src/mainpp.o
                0x0000000008004274                ros::NodeHandle_<STM32Hardware, 25, 25, 2048, 2048>::syncTime(unsigned char*)
 .text._ZN3ros11NodeHandle_I13STM32HardwareLi25ELi25ELi2048ELi2048EE7publishEiPKNS_3MsgE
                0x0000000008004310      0x158 ./Core/Src/mainpp.o
                0x0000000008004310                ros::NodeHandle_<STM32Hardware, 25, 25, 2048, 2048>::publish(int, ros::Msg const*)
 .text._ZN3ros11NodeHandle_I13STM32HardwareLi25ELi25ELi2048ELi2048EE6setNowERKNS_4TimeE
                0x0000000008004468       0x88 ./Core/Src/mainpp.o
                0x0000000008004468                ros::NodeHandle_<STM32Hardware, 25, 25, 2048, 2048>::setNow(ros::Time const&)
 .text._ZN3ros11NodeHandle_I13STM32HardwareLi25ELi25ELi2048ELi2048EE8logerrorEPKc
                0x00000000080044f0       0x1c ./Core/Src/mainpp.o
                0x00000000080044f0                ros::NodeHandle_<STM32Hardware, 25, 25, 2048, 2048>::logerror(char const*)
 .text._Z41__static_initialization_and_destruction_0ii
                0x000000000800450c      0x100 ./Core/Src/mainpp.o
 .text._ZN3ros10SubscriberIN13geometry_msgs5TwistEvE8callbackEPh
                0x000000000800460c       0x2a ./Core/Src/mainpp.o
                0x000000000800460c                ros::Subscriber<geometry_msgs::Twist, void>::callback(unsigned char*)
 .text._ZN3ros10SubscriberIN13geometry_msgs5TwistEvE15getEndpointTypeEv
                0x0000000008004636       0x18 ./Core/Src/mainpp.o
                0x0000000008004636                ros::Subscriber<geometry_msgs::Twist, void>::getEndpointType()
 .text._ZN3ros10SubscriberIN13geometry_msgs5TwistEvE10getMsgTypeEv
                0x000000000800464e       0x1c ./Core/Src/mainpp.o
                0x000000000800464e                ros::Subscriber<geometry_msgs::Twist, void>::getMsgType()
 .text._ZN3ros10SubscriberIN13geometry_msgs5TwistEvE9getMsgMD5Ev
                0x000000000800466a       0x1c ./Core/Src/mainpp.o
                0x000000000800466a                ros::Subscriber<geometry_msgs::Twist, void>::getMsgMD5()
 .text._ZN3ros11NodeHandle_I13STM32HardwareLi25ELi25ELi2048ELi2048EE9connectedEv
                0x0000000008004686       0x1e ./Core/Src/mainpp.o
                0x0000000008004686                ros::NodeHandle_<STM32Hardware, 25, 25, 2048, 2048>::connected()
 .text._GLOBAL__sub_I_nh
                0x00000000080046a4       0x10 ./Core/Src/mainpp.o
 .text._ZSt3absf
                0x00000000080046b4       0x20 ./Core/Src/odom.o
                0x00000000080046b4                std::abs(float)
 .text._ZSt3cosf
                0x00000000080046d4       0x20 ./Core/Src/odom.o
                0x00000000080046d4                std::cos(float)
 .text._ZSt3sinf
                0x00000000080046f4       0x20 ./Core/Src/odom.o
                0x00000000080046f4                std::sin(float)
 .text._ZN8std_msgs6HeaderC2Ev
                0x0000000008004714       0x40 ./Core/Src/odom.o
                0x0000000008004714                std_msgs::Header::Header()
                0x0000000008004714                std_msgs::Header::Header()
 .text._ZNK8std_msgs6Header9serializeEPh
                0x0000000008004754      0x130 ./Core/Src/odom.o
                0x0000000008004754                std_msgs::Header::serialize(unsigned char*) const
 .text._ZN8std_msgs6Header11deserializeEPh
                0x0000000008004884      0x180 ./Core/Src/odom.o
                0x0000000008004884                std_msgs::Header::deserialize(unsigned char*)
 .text._ZN8std_msgs6Header7getTypeEv
                0x0000000008004a04       0x1c ./Core/Src/odom.o
                0x0000000008004a04                std_msgs::Header::getType()
 .text._ZN8std_msgs6Header6getMD5Ev
                0x0000000008004a20       0x1c ./Core/Src/odom.o
                0x0000000008004a20                std_msgs::Header::getMD5()
 .text._ZN13geometry_msgs5PointC2Ev
                0x0000000008004a3c       0x3c ./Core/Src/odom.o
                0x0000000008004a3c                geometry_msgs::Point::Point()
                0x0000000008004a3c                geometry_msgs::Point::Point()
 .text._ZNK13geometry_msgs5Point9serializeEPh
                0x0000000008004a78       0x72 ./Core/Src/odom.o
                0x0000000008004a78                geometry_msgs::Point::serialize(unsigned char*) const
 .text._ZN13geometry_msgs5Point11deserializeEPh
                0x0000000008004aea       0x66 ./Core/Src/odom.o
                0x0000000008004aea                geometry_msgs::Point::deserialize(unsigned char*)
 .text._ZN13geometry_msgs5Point7getTypeEv
                0x0000000008004b50       0x1c ./Core/Src/odom.o
                0x0000000008004b50                geometry_msgs::Point::getType()
 .text._ZN13geometry_msgs5Point6getMD5Ev
                0x0000000008004b6c       0x1c ./Core/Src/odom.o
                0x0000000008004b6c                geometry_msgs::Point::getMD5()
 .text._ZN13geometry_msgs10QuaternionC2Ev
                0x0000000008004b88       0x44 ./Core/Src/odom.o
                0x0000000008004b88                geometry_msgs::Quaternion::Quaternion()
                0x0000000008004b88                geometry_msgs::Quaternion::Quaternion()
 .text._ZNK13geometry_msgs10Quaternion9serializeEPh
                0x0000000008004bcc       0x90 ./Core/Src/odom.o
                0x0000000008004bcc                geometry_msgs::Quaternion::serialize(unsigned char*) const
 .text._ZN13geometry_msgs10Quaternion11deserializeEPh
                0x0000000008004c5c       0x80 ./Core/Src/odom.o
                0x0000000008004c5c                geometry_msgs::Quaternion::deserialize(unsigned char*)
 .text._ZN13geometry_msgs10Quaternion7getTypeEv
                0x0000000008004cdc       0x1c ./Core/Src/odom.o
                0x0000000008004cdc                geometry_msgs::Quaternion::getType()
 .text._ZN13geometry_msgs10Quaternion6getMD5Ev
                0x0000000008004cf8       0x1c ./Core/Src/odom.o
                0x0000000008004cf8                geometry_msgs::Quaternion::getMD5()
 .text._ZN13geometry_msgs4PoseC2Ev
                0x0000000008004d14       0x38 ./Core/Src/odom.o
                0x0000000008004d14                geometry_msgs::Pose::Pose()
                0x0000000008004d14                geometry_msgs::Pose::Pose()
 .text._ZNK13geometry_msgs4Pose9serializeEPh
                0x0000000008004d4c       0x4a ./Core/Src/odom.o
                0x0000000008004d4c                geometry_msgs::Pose::serialize(unsigned char*) const
 .text._ZN13geometry_msgs4Pose11deserializeEPh
                0x0000000008004d96       0x4a ./Core/Src/odom.o
                0x0000000008004d96                geometry_msgs::Pose::deserialize(unsigned char*)
 .text._ZN13geometry_msgs4Pose7getTypeEv
                0x0000000008004de0       0x1c ./Core/Src/odom.o
                0x0000000008004de0                geometry_msgs::Pose::getType()
 .text._ZN13geometry_msgs4Pose6getMD5Ev
                0x0000000008004dfc       0x1c ./Core/Src/odom.o
                0x0000000008004dfc                geometry_msgs::Pose::getMD5()
 .text._ZN13geometry_msgs18PoseWithCovarianceC2Ev
                0x0000000008004e18       0x48 ./Core/Src/odom.o
                0x0000000008004e18                geometry_msgs::PoseWithCovariance::PoseWithCovariance()
                0x0000000008004e18                geometry_msgs::PoseWithCovariance::PoseWithCovariance()
 .text._ZNK13geometry_msgs18PoseWithCovariance9serializeEPh
                0x0000000008004e60       0x6a ./Core/Src/odom.o
                0x0000000008004e60                geometry_msgs::PoseWithCovariance::serialize(unsigned char*) const
 .text._ZN13geometry_msgs18PoseWithCovariance11deserializeEPh
                0x0000000008004eca       0x62 ./Core/Src/odom.o
                0x0000000008004eca                geometry_msgs::PoseWithCovariance::deserialize(unsigned char*)
 .text._ZN13geometry_msgs18PoseWithCovariance7getTypeEv
                0x0000000008004f2c       0x1c ./Core/Src/odom.o
                0x0000000008004f2c                geometry_msgs::PoseWithCovariance::getType()
 .text._ZN13geometry_msgs18PoseWithCovariance6getMD5Ev
                0x0000000008004f48       0x1c ./Core/Src/odom.o
                0x0000000008004f48                geometry_msgs::PoseWithCovariance::getMD5()
 .text._ZN13geometry_msgs19TwistWithCovarianceC2Ev
                0x0000000008004f64       0x48 ./Core/Src/odom.o
                0x0000000008004f64                geometry_msgs::TwistWithCovariance::TwistWithCovariance()
                0x0000000008004f64                geometry_msgs::TwistWithCovariance::TwistWithCovariance()
 .text._ZNK13geometry_msgs19TwistWithCovariance9serializeEPh
                0x0000000008004fac       0x68 ./Core/Src/odom.o
                0x0000000008004fac                geometry_msgs::TwistWithCovariance::serialize(unsigned char*) const
 .text._ZN13geometry_msgs19TwistWithCovariance11deserializeEPh
                0x0000000008005014       0x60 ./Core/Src/odom.o
                0x0000000008005014                geometry_msgs::TwistWithCovariance::deserialize(unsigned char*)
 .text._ZN13geometry_msgs19TwistWithCovariance7getTypeEv
                0x0000000008005074       0x1c ./Core/Src/odom.o
                0x0000000008005074                geometry_msgs::TwistWithCovariance::getType()
 .text._ZN13geometry_msgs19TwistWithCovariance6getMD5Ev
                0x0000000008005090       0x1c ./Core/Src/odom.o
                0x0000000008005090                geometry_msgs::TwistWithCovariance::getMD5()
 .text._ZN8nav_msgs8OdometryC2Ev
                0x00000000080050ac       0x4c ./Core/Src/odom.o
                0x00000000080050ac                nav_msgs::Odometry::Odometry()
                0x00000000080050ac                nav_msgs::Odometry::Odometry()
 .text._ZNK8nav_msgs8Odometry9serializeEPh
                0x00000000080050f8       0x9e ./Core/Src/odom.o
                0x00000000080050f8                nav_msgs::Odometry::serialize(unsigned char*) const
 .text._ZN8nav_msgs8Odometry11deserializeEPh
                0x0000000008005196       0xca ./Core/Src/odom.o
                0x0000000008005196                nav_msgs::Odometry::deserialize(unsigned char*)
 .text._ZN8nav_msgs8Odometry7getTypeEv
                0x0000000008005260       0x1c ./Core/Src/odom.o
                0x0000000008005260                nav_msgs::Odometry::getType()
 .text._ZN8nav_msgs8Odometry6getMD5Ev
                0x000000000800527c       0x1c ./Core/Src/odom.o
                0x000000000800527c                nav_msgs::Odometry::getMD5()
 .text._ZN13geometry_msgs9TransformC2Ev
                0x0000000008005298       0x38 ./Core/Src/odom.o
                0x0000000008005298                geometry_msgs::Transform::Transform()
                0x0000000008005298                geometry_msgs::Transform::Transform()
 .text._ZNK13geometry_msgs9Transform9serializeEPh
                0x00000000080052d0       0x4a ./Core/Src/odom.o
                0x00000000080052d0                geometry_msgs::Transform::serialize(unsigned char*) const
 .text._ZN13geometry_msgs9Transform11deserializeEPh
                0x000000000800531a       0x4a ./Core/Src/odom.o
                0x000000000800531a                geometry_msgs::Transform::deserialize(unsigned char*)
 .text._ZN13geometry_msgs9Transform7getTypeEv
                0x0000000008005364       0x1c ./Core/Src/odom.o
                0x0000000008005364                geometry_msgs::Transform::getType()
 .text._ZN13geometry_msgs9Transform6getMD5Ev
                0x0000000008005380       0x1c ./Core/Src/odom.o
                0x0000000008005380                geometry_msgs::Transform::getMD5()
 .text._ZN13geometry_msgs16TransformStampedC2Ev
                0x000000000800539c       0x44 ./Core/Src/odom.o
                0x000000000800539c                geometry_msgs::TransformStamped::TransformStamped()
                0x000000000800539c                geometry_msgs::TransformStamped::TransformStamped()
 .text._ZNK13geometry_msgs16TransformStamped9serializeEPh
                0x00000000080053e0       0x84 ./Core/Src/odom.o
                0x00000000080053e0                geometry_msgs::TransformStamped::serialize(unsigned char*) const
 .text._ZN13geometry_msgs16TransformStamped11deserializeEPh
                0x0000000008005464       0xb0 ./Core/Src/odom.o
                0x0000000008005464                geometry_msgs::TransformStamped::deserialize(unsigned char*)
 .text._ZN13geometry_msgs16TransformStamped7getTypeEv
                0x0000000008005514       0x1c ./Core/Src/odom.o
                0x0000000008005514                geometry_msgs::TransformStamped::getType()
 .text._ZN13geometry_msgs16TransformStamped6getMD5Ev
                0x0000000008005530       0x1c ./Core/Src/odom.o
                0x0000000008005530                geometry_msgs::TransformStamped::getMD5()
 .text._ZN3ros9PublisherC2EPKcPNS_3MsgEi
                0x000000000800554c       0x2e ./Core/Src/odom.o
                0x000000000800554c                ros::Publisher::Publisher(char const*, ros::Msg*, int)
                0x000000000800554c                ros::Publisher::Publisher(char const*, ros::Msg*, int)
 .text._ZN3ros9Publisher7publishEPKNS_3MsgE
                0x000000000800557a       0x28 ./Core/Src/odom.o
                0x000000000800557a                ros::Publisher::publish(ros::Msg const*)
 *fill*         0x00000000080055a2        0x2 
 .text._ZN2tf9tfMessageC2Ev
                0x00000000080055a4       0x3c ./Core/Src/odom.o
                0x00000000080055a4                tf::tfMessage::tfMessage()
                0x00000000080055a4                tf::tfMessage::tfMessage()
 .text._ZNK2tf9tfMessage9serializeEPh
                0x00000000080055e0       0xae ./Core/Src/odom.o
                0x00000000080055e0                tf::tfMessage::serialize(unsigned char*) const
 .text._ZN2tf9tfMessage11deserializeEPh
                0x000000000800568e       0xd4 ./Core/Src/odom.o
                0x000000000800568e                tf::tfMessage::deserialize(unsigned char*)
 *fill*         0x0000000008005762        0x2 
 .text._ZN2tf9tfMessage7getTypeEv
                0x0000000008005764       0x1c ./Core/Src/odom.o
                0x0000000008005764                tf::tfMessage::getType()
 .text._ZN2tf9tfMessage6getMD5Ev
                0x0000000008005780       0x1c ./Core/Src/odom.o
                0x0000000008005780                tf::tfMessage::getMD5()
 .text._ZN2tf20TransformBroadcasterC2Ev
                0x000000000800579c       0x30 ./Core/Src/odom.o
                0x000000000800579c                tf::TransformBroadcaster::TransformBroadcaster()
                0x000000000800579c                tf::TransformBroadcaster::TransformBroadcaster()
 .text._ZN2tf20TransformBroadcaster4initERN3ros11NodeHandle_I13STM32HardwareLi25ELi25ELi2048ELi2048EEE
                0x00000000080057cc       0x1e ./Core/Src/odom.o
                0x00000000080057cc                tf::TransformBroadcaster::init(ros::NodeHandle_<STM32Hardware, 25, 25, 2048, 2048>&)
 .text._ZN2tf20TransformBroadcaster13sendTransformERN13geometry_msgs16TransformStampedE
                0x00000000080057ea       0x2c ./Core/Src/odom.o
                0x00000000080057ea                tf::TransformBroadcaster::sendTransform(geometry_msgs::TransformStamped&)
 *fill*         0x0000000008005816        0x2 
 .text._ZN2tfL23createQuaternionFromYawEd
                0x0000000008005818       0x98 ./Core/Src/odom.o
 .text._ZN8OdometerC2Eff
                0x00000000080058b0       0x42 ./Core/Src/odom.o
                0x00000000080058b0                Odometer::Odometer(float, float)
                0x00000000080058b0                Odometer::Odometer(float, float)
 *fill*         0x00000000080058f2        0x2 
 .text._ZN8Odometer9setupPubsERN3ros11NodeHandle_I13STM32HardwareLi25ELi25ELi2048ELi2048EEE
                0x00000000080058f4       0x2c ./Core/Src/odom.o
                0x00000000080058f4                Odometer::setupPubs(ros::NodeHandle_<STM32Hardware, 25, 25, 2048, 2048>&)
 .text._ZN8Odometer14update_publishEN3ros4TimeEfff
                0x0000000008005920       0x6c ./Core/Src/odom.o
                0x0000000008005920                Odometer::update_publish(ros::Time, float, float, float)
 *fill*         0x000000000800598c        0x4 
 .text._ZN8Odometer11update_odomEfffRfS0_
                0x0000000008005990      0x1f8 ./Core/Src/odom.o
                0x0000000008005990                Odometer::update_odom(float, float, float, float&, float&)
 .text._ZN3ros3MsgaSEOS0_
                0x0000000008005b88       0x18 ./Core/Src/odom.o
                0x0000000008005b88                ros::Msg::operator=(ros::Msg&&)
 .text._ZN13geometry_msgs10QuaternionaSEOS0_
                0x0000000008005ba0       0x40 ./Core/Src/odom.o
                0x0000000008005ba0                geometry_msgs::Quaternion::operator=(geometry_msgs::Quaternion&&)
 .text._ZN8Odometer12publish_odomEN3ros4TimeEff
                0x0000000008005be0       0xb0 ./Core/Src/odom.o
                0x0000000008005be0                Odometer::publish_odom(ros::Time, float, float)
 .text._ZN8Odometer11broadcastTfEN3ros4TimeE
                0x0000000008005c90       0x94 ./Core/Src/odom.o
                0x0000000008005c90                Odometer::broadcastTf(ros::Time)
 *fill*         0x0000000008005d24        0x4 
 .text._ZN8Odometer15normalize_angleEf
                0x0000000008005d28       0xa8 ./Core/Src/odom.o
                0x0000000008005d28                Odometer::normalize_angle(float)
 .text._ZN3ros11NodeHandle_I13STM32HardwareLi25ELi25ELi2048ELi2048EE9advertiseERNS_9PublisherE
                0x0000000008005dd0       0x60 ./Core/Src/odom.o
                0x0000000008005dd0                ros::NodeHandle_<STM32Hardware, 25, 25, 2048, 2048>::advertise(ros::Publisher&)
 .text._Z41__static_initialization_and_destruction_0ii
                0x0000000008005e30       0x54 ./Core/Src/odom.o
 .text._GLOBAL__sub_I_base_link
                0x0000000008005e84       0x10 ./Core/Src/odom.o
 *fill*         0x0000000008005e94        0x4 
 .text._ZN3PIDC2EPdS0_S0_dddii
                0x0000000008005e98       0x94 ./Core/Src/pid.o
                0x0000000008005e98                PID::PID(double*, double*, double*, double, double, double, int, int)
                0x0000000008005e98                PID::PID(double*, double*, double*, double, double, double, int, int)
 .text._ZN3PIDC2EPdS0_S0_dddi
                0x0000000008005f2c       0x44 ./Core/Src/pid.o
                0x0000000008005f2c                PID::PID(double*, double*, double*, double, double, double, int)
                0x0000000008005f2c                PID::PID(double*, double*, double*, double, double, double, int)
 .text._ZN3PID7ComputeEv
                0x0000000008005f70      0x1ec ./Core/Src/pid.o
                0x0000000008005f70                PID::Compute()
 .text._ZN3PID10SetTuningsEdddi
                0x000000000800615c      0x14c ./Core/Src/pid.o
                0x000000000800615c                PID::SetTunings(double, double, double, int)
 .text._ZN3PID13SetSampleTimeEi
                0x00000000080062a8       0x76 ./Core/Src/pid.o
                0x00000000080062a8                PID::SetSampleTime(int)
 .text._ZN3PID15SetOutputLimitsEdd
                0x000000000800631e       0xde ./Core/Src/pid.o
                0x000000000800631e                PID::SetOutputLimits(double, double)
 .text._ZN3PID7SetModeEi
                0x00000000080063fc       0x42 ./Core/Src/pid.o
                0x00000000080063fc                PID::SetMode(int)
 .text._ZN3PID10InitializeEv
                0x000000000800643e       0x74 ./Core/Src/pid.o
                0x000000000800643e                PID::Initialize()
 .text._ZN3PID22SetControllerDirectionEi
                0x00000000080064b2       0x80 ./Core/Src/pid.o
                0x00000000080064b2                PID::SetControllerDirection(int)
 *fill*         0x0000000008006532        0x2 
 .text.HAL_InitTick
                0x0000000008006534       0xf8 ./Core/Src/stm32f4xx_hal_timebase_tim.o
                0x0000000008006534                HAL_InitTick
 .text.NMI_Handler
                0x000000000800662c        0x6 ./Core/Src/stm32f4xx_it.o
                0x000000000800662c                NMI_Handler
 .text.HardFault_Handler
                0x0000000008006632        0x6 ./Core/Src/stm32f4xx_it.o
                0x0000000008006632                HardFault_Handler
 .text.MemManage_Handler
                0x0000000008006638        0x6 ./Core/Src/stm32f4xx_it.o
                0x0000000008006638                MemManage_Handler
 .text.BusFault_Handler
                0x000000000800663e        0x6 ./Core/Src/stm32f4xx_it.o
                0x000000000800663e                BusFault_Handler
 .text.UsageFault_Handler
                0x0000000008006644        0x6 ./Core/Src/stm32f4xx_it.o
                0x0000000008006644                UsageFault_Handler
 .text.DebugMon_Handler
                0x000000000800664a        0xe ./Core/Src/stm32f4xx_it.o
                0x000000000800664a                DebugMon_Handler
 .text.DMA1_Stream0_IRQHandler
                0x0000000008006658       0x14 ./Core/Src/stm32f4xx_it.o
                0x0000000008006658                DMA1_Stream0_IRQHandler
 .text.DMA1_Stream2_IRQHandler
                0x000000000800666c       0x14 ./Core/Src/stm32f4xx_it.o
                0x000000000800666c                DMA1_Stream2_IRQHandler
 .text.DMA1_Stream5_IRQHandler
                0x0000000008006680       0x14 ./Core/Src/stm32f4xx_it.o
                0x0000000008006680                DMA1_Stream5_IRQHandler
 .text.TIM1_CC_IRQHandler
                0x0000000008006694       0x14 ./Core/Src/stm32f4xx_it.o
                0x0000000008006694                TIM1_CC_IRQHandler
 .text.TIM2_IRQHandler
                0x00000000080066a8       0x14 ./Core/Src/stm32f4xx_it.o
                0x00000000080066a8                TIM2_IRQHandler
 .text.TIM3_IRQHandler
                0x00000000080066bc       0x14 ./Core/Src/stm32f4xx_it.o
                0x00000000080066bc                TIM3_IRQHandler
 .text.TIM4_IRQHandler
                0x00000000080066d0       0x14 ./Core/Src/stm32f4xx_it.o
                0x00000000080066d0                TIM4_IRQHandler
 .text.USART1_IRQHandler
                0x00000000080066e4       0x14 ./Core/Src/stm32f4xx_it.o
                0x00000000080066e4                USART1_IRQHandler
 .text.USART2_IRQHandler
                0x00000000080066f8       0x14 ./Core/Src/stm32f4xx_it.o
                0x00000000080066f8                USART2_IRQHandler
 .text.TIM8_CC_IRQHandler
                0x000000000800670c       0x14 ./Core/Src/stm32f4xx_it.o
                0x000000000800670c                TIM8_CC_IRQHandler
 .text.DMA1_Stream7_IRQHandler
                0x0000000008006720       0x14 ./Core/Src/stm32f4xx_it.o
                0x0000000008006720                DMA1_Stream7_IRQHandler
 .text.UART4_IRQHandler
                0x0000000008006734       0x14 ./Core/Src/stm32f4xx_it.o
                0x0000000008006734                UART4_IRQHandler
 .text.UART5_IRQHandler
                0x0000000008006748       0x14 ./Core/Src/stm32f4xx_it.o
                0x0000000008006748                UART5_IRQHandler
 .text.TIM6_DAC_IRQHandler
                0x000000000800675c       0x14 ./Core/Src/stm32f4xx_it.o
                0x000000000800675c                TIM6_DAC_IRQHandler
 .text.TIM7_IRQHandler
                0x0000000008006770       0x14 ./Core/Src/stm32f4xx_it.o
                0x0000000008006770                TIM7_IRQHandler
 .text._getpid  0x0000000008006784       0x10 ./Core/Src/syscalls.o
                0x0000000008006784                _getpid
 .text._kill    0x0000000008006794       0x20 ./Core/Src/syscalls.o
                0x0000000008006794                _kill
 .text._exit    0x00000000080067b4       0x14 ./Core/Src/syscalls.o
                0x00000000080067b4                _exit
 .text._sbrk    0x00000000080067c8       0x6c ./Core/Src/sysmem.o
                0x00000000080067c8                _sbrk
 .text.SystemInit
                0x0000000008006834       0x24 ./Core/Src/system_stm32f4xx.o
                0x0000000008006834                SystemInit
 .text.MX_TIM1_Init
                0x0000000008006858       0xb0 ./Core/Src/tim.o
                0x0000000008006858                MX_TIM1_Init
 .text.MX_TIM2_Init
                0x0000000008006908       0xa8 ./Core/Src/tim.o
                0x0000000008006908                MX_TIM2_Init
 .text.MX_TIM3_Init
                0x00000000080069b0       0xa8 ./Core/Src/tim.o
                0x00000000080069b0                MX_TIM3_Init
 .text.MX_TIM4_Init
                0x0000000008006a58       0xa8 ./Core/Src/tim.o
                0x0000000008006a58                MX_TIM4_Init
 .text.MX_TIM7_Init
                0x0000000008006b00       0x6c ./Core/Src/tim.o
                0x0000000008006b00                MX_TIM7_Init
 .text.MX_TIM8_Init
                0x0000000008006b6c       0xb0 ./Core/Src/tim.o
                0x0000000008006b6c                MX_TIM8_Init
 .text.MX_TIM9_Init
                0x0000000008006c1c       0xd8 ./Core/Src/tim.o
                0x0000000008006c1c                MX_TIM9_Init
 .text.MX_TIM12_Init
                0x0000000008006cf4       0xd8 ./Core/Src/tim.o
                0x0000000008006cf4                MX_TIM12_Init
 .text.MX_TIM13_Init
                0x0000000008006dcc       0x44 ./Core/Src/tim.o
                0x0000000008006dcc                MX_TIM13_Init
 .text.HAL_TIM_Encoder_MspInit
                0x0000000008006e10      0x2cc ./Core/Src/tim.o
                0x0000000008006e10                HAL_TIM_Encoder_MspInit
 .text.HAL_TIM_Base_MspInit
                0x00000000080070dc       0xd4 ./Core/Src/tim.o
                0x00000000080070dc                HAL_TIM_Base_MspInit
 .text.HAL_TIM_MspPostInit
                0x00000000080071b0       0xc4 ./Core/Src/tim.o
                0x00000000080071b0                HAL_TIM_MspPostInit
 .text._ZN3ros16normalizeSecNSecERmS0_
                0x0000000008007274       0x58 ./Core/Src/time.o
                0x0000000008007274                ros::normalizeSecNSec(unsigned long&, unsigned long&)
 .text.MX_UART4_Init
                0x00000000080072cc       0x54 ./Core/Src/usart.o
                0x00000000080072cc                MX_UART4_Init
 .text.MX_UART5_Init
                0x0000000008007320       0x54 ./Core/Src/usart.o
                0x0000000008007320                MX_UART5_Init
 .text.MX_USART1_UART_Init
                0x0000000008007374       0x54 ./Core/Src/usart.o
                0x0000000008007374                MX_USART1_UART_Init
 .text.MX_USART2_UART_Init
                0x00000000080073c8       0x54 ./Core/Src/usart.o
                0x00000000080073c8                MX_USART2_UART_Init
 .text.MX_USART3_UART_Init
                0x000000000800741c       0x54 ./Core/Src/usart.o
                0x000000000800741c                MX_USART3_UART_Init
 .text.HAL_UART_MspInit
                0x0000000008007470      0x458 ./Core/Src/usart.o
                0x0000000008007470                HAL_UART_MspInit
 .text.Reset_Handler
                0x00000000080078c8       0x50 ./Core/Startup/startup_stm32f407vgtx.o
                0x00000000080078c8                Reset_Handler
 .text.Default_Handler
                0x0000000008007918        0x2 ./Core/Startup/startup_stm32f407vgtx.o
                0x0000000008007918                RTC_Alarm_IRQHandler
                0x0000000008007918                HASH_RNG_IRQHandler
                0x0000000008007918                EXTI2_IRQHandler
                0x0000000008007918                DMA2_Stream5_IRQHandler
                0x0000000008007918                PVD_IRQHandler
                0x0000000008007918                SDIO_IRQHandler
                0x0000000008007918                TAMP_STAMP_IRQHandler
                0x0000000008007918                CAN2_RX1_IRQHandler
                0x0000000008007918                EXTI3_IRQHandler
                0x0000000008007918                TIM8_TRG_COM_TIM14_IRQHandler
                0x0000000008007918                TIM1_UP_TIM10_IRQHandler
                0x0000000008007918                TIM8_UP_TIM13_IRQHandler
                0x0000000008007918                I2C3_ER_IRQHandler
                0x0000000008007918                EXTI0_IRQHandler
                0x0000000008007918                I2C2_EV_IRQHandler
                0x0000000008007918                CAN1_RX0_IRQHandler
                0x0000000008007918                FPU_IRQHandler
                0x0000000008007918                OTG_HS_WKUP_IRQHandler
                0x0000000008007918                CAN2_SCE_IRQHandler
                0x0000000008007918                DMA2_Stream2_IRQHandler
                0x0000000008007918                SPI1_IRQHandler
                0x0000000008007918                TIM1_BRK_TIM9_IRQHandler
                0x0000000008007918                DCMI_IRQHandler
                0x0000000008007918                CAN2_RX0_IRQHandler
                0x0000000008007918                DMA2_Stream3_IRQHandler
                0x0000000008007918                USART6_IRQHandler
                0x0000000008007918                USART3_IRQHandler
                0x0000000008007918                CAN1_RX1_IRQHandler
                0x0000000008007918                DMA2_Stream0_IRQHandler
                0x0000000008007918                I2C1_EV_IRQHandler
                0x0000000008007918                DMA1_Stream6_IRQHandler
                0x0000000008007918                DMA1_Stream1_IRQHandler
                0x0000000008007918                RCC_IRQHandler
                0x0000000008007918                TIM8_BRK_TIM12_IRQHandler
                0x0000000008007918                Default_Handler
                0x0000000008007918                EXTI15_10_IRQHandler
                0x0000000008007918                ADC_IRQHandler
                0x0000000008007918                CAN2_TX_IRQHandler
                0x0000000008007918                TIM5_IRQHandler
                0x0000000008007918                DMA2_Stream7_IRQHandler
                0x0000000008007918                I2C3_EV_IRQHandler
                0x0000000008007918                EXTI9_5_IRQHandler
                0x0000000008007918                RTC_WKUP_IRQHandler
                0x0000000008007918                ETH_WKUP_IRQHandler
                0x0000000008007918                SPI2_IRQHandler
                0x0000000008007918                OTG_HS_EP1_IN_IRQHandler
                0x0000000008007918                CAN1_TX_IRQHandler
                0x0000000008007918                EXTI4_IRQHandler
                0x0000000008007918                FSMC_IRQHandler
                0x0000000008007918                ETH_IRQHandler
                0x0000000008007918                OTG_HS_EP1_OUT_IRQHandler
                0x0000000008007918                WWDG_IRQHandler
                0x0000000008007918                OTG_FS_WKUP_IRQHandler
                0x0000000008007918                TIM1_TRG_COM_TIM11_IRQHandler
                0x0000000008007918                OTG_HS_IRQHandler
                0x0000000008007918                EXTI1_IRQHandler
                0x0000000008007918                I2C2_ER_IRQHandler
                0x0000000008007918                DMA2_Stream1_IRQHandler
                0x0000000008007918                CAN1_SCE_IRQHandler
                0x0000000008007918                FLASH_IRQHandler
                0x0000000008007918                DMA2_Stream4_IRQHandler
                0x0000000008007918                OTG_FS_IRQHandler
                0x0000000008007918                SPI3_IRQHandler
                0x0000000008007918                DMA1_Stream4_IRQHandler
                0x0000000008007918                I2C1_ER_IRQHandler
                0x0000000008007918                DMA2_Stream6_IRQHandler
                0x0000000008007918                DMA1_Stream3_IRQHandler
 *fill*         0x000000000800791a        0x2 
 .text.HAL_IncTick
                0x000000000800791c       0x28 ./Drivers/STM32F4xx_HAL_Driver/Src/stm32f4xx_hal.o
                0x000000000800791c                HAL_IncTick
 .text.HAL_GetTick
                0x0000000008007944       0x18 ./Drivers/STM32F4xx_HAL_Driver/Src/stm32f4xx_hal.o
                0x0000000008007944                HAL_GetTick
 .text.__NVIC_GetPriorityGrouping
                0x000000000800795c       0x1c ./Drivers/STM32F4xx_HAL_Driver/Src/stm32f4xx_hal_cortex.o
 .text.__NVIC_EnableIRQ
                0x0000000008007978       0x3c ./Drivers/STM32F4xx_HAL_Driver/Src/stm32f4xx_hal_cortex.o
 .text.__NVIC_SetPriority
                0x00000000080079b4       0x54 ./Drivers/STM32F4xx_HAL_Driver/Src/stm32f4xx_hal_cortex.o
 .text.NVIC_EncodePriority
                0x0000000008007a08       0x66 ./Drivers/STM32F4xx_HAL_Driver/Src/stm32f4xx_hal_cortex.o
 .text.HAL_NVIC_SetPriority
                0x0000000008007a6e       0x38 ./Drivers/STM32F4xx_HAL_Driver/Src/stm32f4xx_hal_cortex.o
                0x0000000008007a6e                HAL_NVIC_SetPriority
 .text.HAL_NVIC_EnableIRQ
                0x0000000008007aa6       0x1c ./Drivers/STM32F4xx_HAL_Driver/Src/stm32f4xx_hal_cortex.o
                0x0000000008007aa6                HAL_NVIC_EnableIRQ
 *fill*         0x0000000008007ac2        0x2 
 .text.HAL_DMA_Init
                0x0000000008007ac4      0x15c ./Drivers/STM32F4xx_HAL_Driver/Src/stm32f4xx_hal_dma.o
                0x0000000008007ac4                HAL_DMA_Init
 .text.HAL_DMA_Start_IT
                0x0000000008007c20       0xb0 ./Drivers/STM32F4xx_HAL_Driver/Src/stm32f4xx_hal_dma.o
                0x0000000008007c20                HAL_DMA_Start_IT
 .text.HAL_DMA_Abort
                0x0000000008007cd0       0xe0 ./Drivers/STM32F4xx_HAL_Driver/Src/stm32f4xx_hal_dma.o
                0x0000000008007cd0                HAL_DMA_Abort
 .text.HAL_DMA_Abort_IT
                0x0000000008007db0       0x44 ./Drivers/STM32F4xx_HAL_Driver/Src/stm32f4xx_hal_dma.o
                0x0000000008007db0                HAL_DMA_Abort_IT
 .text.HAL_DMA_IRQHandler
                0x0000000008007df4      0x314 ./Drivers/STM32F4xx_HAL_Driver/Src/stm32f4xx_hal_dma.o
                0x0000000008007df4                HAL_DMA_IRQHandler
 .text.DMA_SetConfig
                0x0000000008008108       0x5c ./Drivers/STM32F4xx_HAL_Driver/Src/stm32f4xx_hal_dma.o
 .text.DMA_CalcBaseAndBitshift
                0x0000000008008164       0x6c ./Drivers/STM32F4xx_HAL_Driver/Src/stm32f4xx_hal_dma.o
 .text.DMA_CheckFifoParam
                0x00000000080081d0       0xf8 ./Drivers/STM32F4xx_HAL_Driver/Src/stm32f4xx_hal_dma.o
 .text.HAL_GPIO_Init
                0x00000000080082c8      0x338 ./Drivers/STM32F4xx_HAL_Driver/Src/stm32f4xx_hal_gpio.o
                0x00000000080082c8                HAL_GPIO_Init
 .text.HAL_GPIO_WritePin
                0x0000000008008600       0x32 ./Drivers/STM32F4xx_HAL_Driver/Src/stm32f4xx_hal_gpio.o
                0x0000000008008600                HAL_GPIO_WritePin
 *fill*         0x0000000008008632        0x2 
 .text.HAL_RCC_OscConfig
                0x0000000008008634      0x4f0 ./Drivers/STM32F4xx_HAL_Driver/Src/stm32f4xx_hal_rcc.o
                0x0000000008008634                HAL_RCC_OscConfig
 .text.HAL_RCC_ClockConfig
                0x0000000008008b24      0x1cc ./Drivers/STM32F4xx_HAL_Driver/Src/stm32f4xx_hal_rcc.o
                0x0000000008008b24                HAL_RCC_ClockConfig
 .text.HAL_RCC_GetSysClockFreq
                0x0000000008008cf0      0x20c ./Drivers/STM32F4xx_HAL_Driver/Src/stm32f4xx_hal_rcc.o
                0x0000000008008cf0                HAL_RCC_GetSysClockFreq
 .text.HAL_RCC_GetHCLKFreq
                0x0000000008008efc       0x18 ./Drivers/STM32F4xx_HAL_Driver/Src/stm32f4xx_hal_rcc.o
                0x0000000008008efc                HAL_RCC_GetHCLKFreq
 .text.HAL_RCC_GetPCLK1Freq
                0x0000000008008f14       0x28 ./Drivers/STM32F4xx_HAL_Driver/Src/stm32f4xx_hal_rcc.o
                0x0000000008008f14                HAL_RCC_GetPCLK1Freq
 .text.HAL_RCC_GetPCLK2Freq
                0x0000000008008f3c       0x28 ./Drivers/STM32F4xx_HAL_Driver/Src/stm32f4xx_hal_rcc.o
                0x0000000008008f3c                HAL_RCC_GetPCLK2Freq
 .text.HAL_RCC_GetClockConfig
                0x0000000008008f64       0x64 ./Drivers/STM32F4xx_HAL_Driver/Src/stm32f4xx_hal_rcc.o
                0x0000000008008f64                HAL_RCC_GetClockConfig
 .text.HAL_TIM_Base_Init
                0x0000000008008fc8       0x9e ./Drivers/STM32F4xx_HAL_Driver/Src/stm32f4xx_hal_tim.o
                0x0000000008008fc8                HAL_TIM_Base_Init
 *fill*         0x0000000008009066        0x2 
 .text.HAL_TIM_Base_Start_IT
                0x0000000008009068       0xe0 ./Drivers/STM32F4xx_HAL_Driver/Src/stm32f4xx_hal_tim.o
                0x0000000008009068                HAL_TIM_Base_Start_IT
 .text.HAL_TIM_PWM_Init
                0x0000000008009148       0x9e ./Drivers/STM32F4xx_HAL_Driver/Src/stm32f4xx_hal_tim.o
                0x0000000008009148                HAL_TIM_PWM_Init
 .text.HAL_TIM_PWM_MspInit
                0x00000000080091e6       0x14 ./Drivers/STM32F4xx_HAL_Driver/Src/stm32f4xx_hal_tim.o
                0x00000000080091e6                HAL_TIM_PWM_MspInit
 *fill*         0x00000000080091fa        0x2 
 .text.HAL_TIM_PWM_Start
                0x00000000080091fc      0x190 ./Drivers/STM32F4xx_HAL_Driver/Src/stm32f4xx_hal_tim.o
                0x00000000080091fc                HAL_TIM_PWM_Start
 .text.HAL_TIM_Encoder_Init
                0x000000000800938c      0x14c ./Drivers/STM32F4xx_HAL_Driver/Src/stm32f4xx_hal_tim.o
                0x000000000800938c                HAL_TIM_Encoder_Init
 .text.HAL_TIM_Encoder_Start_IT
                0x00000000080094d8      0x15c ./Drivers/STM32F4xx_HAL_Driver/Src/stm32f4xx_hal_tim.o
                0x00000000080094d8                HAL_TIM_Encoder_Start_IT
 .text.HAL_TIM_IRQHandler
                0x0000000008009634      0x210 ./Drivers/STM32F4xx_HAL_Driver/Src/stm32f4xx_hal_tim.o
                0x0000000008009634                HAL_TIM_IRQHandler
 .text.HAL_TIM_PWM_ConfigChannel
                0x0000000008009844      0x184 ./Drivers/STM32F4xx_HAL_Driver/Src/stm32f4xx_hal_tim.o
                0x0000000008009844                HAL_TIM_PWM_ConfigChannel
 .text.HAL_TIM_ConfigClockSource
                0x00000000080099c8      0x18e ./Drivers/STM32F4xx_HAL_Driver/Src/stm32f4xx_hal_tim.o
                0x00000000080099c8                HAL_TIM_ConfigClockSource
 .text.HAL_TIM_OC_DelayElapsedCallback
                0x0000000008009b56       0x14 ./Drivers/STM32F4xx_HAL_Driver/Src/stm32f4xx_hal_tim.o
                0x0000000008009b56                HAL_TIM_OC_DelayElapsedCallback
 .text.HAL_TIM_PWM_PulseFinishedCallback
                0x0000000008009b6a       0x14 ./Drivers/STM32F4xx_HAL_Driver/Src/stm32f4xx_hal_tim.o
                0x0000000008009b6a                HAL_TIM_PWM_PulseFinishedCallback
 .text.HAL_TIM_TriggerCallback
                0x0000000008009b7e       0x14 ./Drivers/STM32F4xx_HAL_Driver/Src/stm32f4xx_hal_tim.o
                0x0000000008009b7e                HAL_TIM_TriggerCallback
 *fill*         0x0000000008009b92        0x2 
 .text.TIM_Base_SetConfig
                0x0000000008009b94      0x140 ./Drivers/STM32F4xx_HAL_Driver/Src/stm32f4xx_hal_tim.o
                0x0000000008009b94                TIM_Base_SetConfig
 .text.TIM_OC1_SetConfig
                0x0000000008009cd4       0xe0 ./Drivers/STM32F4xx_HAL_Driver/Src/stm32f4xx_hal_tim.o
 .text.TIM_OC2_SetConfig
                0x0000000008009db4       0xec ./Drivers/STM32F4xx_HAL_Driver/Src/stm32f4xx_hal_tim.o
                0x0000000008009db4                TIM_OC2_SetConfig
 .text.TIM_OC3_SetConfig
                0x0000000008009ea0       0xe8 ./Drivers/STM32F4xx_HAL_Driver/Src/stm32f4xx_hal_tim.o
 .text.TIM_OC4_SetConfig
                0x0000000008009f88       0xac ./Drivers/STM32F4xx_HAL_Driver/Src/stm32f4xx_hal_tim.o
 .text.TIM_TI1_ConfigInputStage
                0x000000000800a034       0x5e ./Drivers/STM32F4xx_HAL_Driver/Src/stm32f4xx_hal_tim.o
 .text.TIM_TI2_ConfigInputStage
                0x000000000800a092       0x60 ./Drivers/STM32F4xx_HAL_Driver/Src/stm32f4xx_hal_tim.o
 .text.TIM_ITRx_SetConfig
                0x000000000800a0f2       0x36 ./Drivers/STM32F4xx_HAL_Driver/Src/stm32f4xx_hal_tim.o
 .text.TIM_ETR_SetConfig
                0x000000000800a128       0x40 ./Drivers/STM32F4xx_HAL_Driver/Src/stm32f4xx_hal_tim.o
                0x000000000800a128                TIM_ETR_SetConfig
 .text.TIM_CCxChannelCmd
                0x000000000800a168       0x4a ./Drivers/STM32F4xx_HAL_Driver/Src/stm32f4xx_hal_tim.o
                0x000000000800a168                TIM_CCxChannelCmd
 *fill*         0x000000000800a1b2        0x2 
 .text.HAL_TIMEx_MasterConfigSynchronization
                0x000000000800a1b4       0xf8 ./Drivers/STM32F4xx_HAL_Driver/Src/stm32f4xx_hal_tim_ex.o
                0x000000000800a1b4                HAL_TIMEx_MasterConfigSynchronization
 .text.HAL_TIMEx_CommutCallback
                0x000000000800a2ac       0x14 ./Drivers/STM32F4xx_HAL_Driver/Src/stm32f4xx_hal_tim_ex.o
                0x000000000800a2ac                HAL_TIMEx_CommutCallback
 .text.HAL_TIMEx_BreakCallback
                0x000000000800a2c0       0x14 ./Drivers/STM32F4xx_HAL_Driver/Src/stm32f4xx_hal_tim_ex.o
                0x000000000800a2c0                HAL_TIMEx_BreakCallback
 .text.HAL_UART_Init
                0x000000000800a2d4       0x9a ./Drivers/STM32F4xx_HAL_Driver/Src/stm32f4xx_hal_uart.o
                0x000000000800a2d4                HAL_UART_Init
 *fill*         0x000000000800a36e        0x2 
 .text.HAL_UART_Transmit_DMA
                0x000000000800a370       0xfc ./Drivers/STM32F4xx_HAL_Driver/Src/stm32f4xx_hal_uart.o
                0x000000000800a370                HAL_UART_Transmit_DMA
 .text.HAL_UART_Receive_DMA
                0x000000000800a46c       0x60 ./Drivers/STM32F4xx_HAL_Driver/Src/stm32f4xx_hal_uart.o
                0x000000000800a46c                HAL_UART_Receive_DMA
 .text.HAL_UART_IRQHandler
                0x000000000800a4cc      0x51c ./Drivers/STM32F4xx_HAL_Driver/Src/stm32f4xx_hal_uart.o
                0x000000000800a4cc                HAL_UART_IRQHandler
 .text.HAL_UART_TxHalfCpltCallback
                0x000000000800a9e8       0x14 ./Drivers/STM32F4xx_HAL_Driver/Src/stm32f4xx_hal_uart.o
                0x000000000800a9e8                HAL_UART_TxHalfCpltCallback
 .text.HAL_UART_RxHalfCpltCallback
                0x000000000800a9fc       0x14 ./Drivers/STM32F4xx_HAL_Driver/Src/stm32f4xx_hal_uart.o
                0x000000000800a9fc                HAL_UART_RxHalfCpltCallback
 .text.HAL_UART_ErrorCallback
                0x000000000800aa10       0x14 ./Drivers/STM32F4xx_HAL_Driver/Src/stm32f4xx_hal_uart.o
                0x000000000800aa10                HAL_UART_ErrorCallback
 .text.HAL_UARTEx_RxEventCallback
                0x000000000800aa24       0x18 ./Drivers/STM32F4xx_HAL_Driver/Src/stm32f4xx_hal_uart.o
                0x000000000800aa24                HAL_UARTEx_RxEventCallback
 .text.UART_DMATransmitCplt
                0x000000000800aa3c       0x9a ./Drivers/STM32F4xx_HAL_Driver/Src/stm32f4xx_hal_uart.o
 .text.UART_DMATxHalfCplt
                0x000000000800aad6       0x1c ./Drivers/STM32F4xx_HAL_Driver/Src/stm32f4xx_hal_uart.o
 .text.UART_DMAReceiveCplt
                0x000000000800aaf2      0x126 ./Drivers/STM32F4xx_HAL_Driver/Src/stm32f4xx_hal_uart.o
 .text.UART_DMARxHalfCplt
                0x000000000800ac18       0x36 ./Drivers/STM32F4xx_HAL_Driver/Src/stm32f4xx_hal_uart.o
 .text.UART_DMAError
                0x000000000800ac4e       0x94 ./Drivers/STM32F4xx_HAL_Driver/Src/stm32f4xx_hal_uart.o
 *fill*         0x000000000800ace2        0x2 
 .text.UART_Start_Receive_DMA
                0x000000000800ace4      0x13c ./Drivers/STM32F4xx_HAL_Driver/Src/stm32f4xx_hal_uart.o
                0x000000000800ace4                UART_Start_Receive_DMA
 .text.UART_EndTxTransfer
                0x000000000800ae20       0x50 ./Drivers/STM32F4xx_HAL_Driver/Src/stm32f4xx_hal_uart.o
 .text.UART_EndRxTransfer
                0x000000000800ae70       0xc6 ./Drivers/STM32F4xx_HAL_Driver/Src/stm32f4xx_hal_uart.o
 .text.UART_DMAAbortOnError
                0x000000000800af36       0x28 ./Drivers/STM32F4xx_HAL_Driver/Src/stm32f4xx_hal_uart.o
 .text.UART_Transmit_IT
                0x000000000800af5e       0xa0 ./Drivers/STM32F4xx_HAL_Driver/Src/stm32f4xx_hal_uart.o
 .text.UART_EndTransmit_IT
                0x000000000800affe       0x30 ./Drivers/STM32F4xx_HAL_Driver/Src/stm32f4xx_hal_uart.o
 .text.UART_Receive_IT
                0x000000000800b02e      0x176 ./Drivers/STM32F4xx_HAL_Driver/Src/stm32f4xx_hal_uart.o
 .text.UART_SetConfig
                0x000000000800b1a4      0x4e8 ./Drivers/STM32F4xx_HAL_Driver/Src/stm32f4xx_hal_uart.o
 .text.makeFreeRtosPriority
                0x000000000800b68c       0x30 ./Middlewares/Third_Party/FreeRTOS/Source/CMSIS_RTOS/cmsis_os.o
 .text.osKernelStart
                0x000000000800b6bc        0xe ./Middlewares/Third_Party/FreeRTOS/Source/CMSIS_RTOS/cmsis_os.o
                0x000000000800b6bc                osKernelStart
 .text.osThreadCreate
                0x000000000800b6ca       0x98 ./Middlewares/Third_Party/FreeRTOS/Source/CMSIS_RTOS/cmsis_os.o
                0x000000000800b6ca                osThreadCreate
 .text.osDelay  0x000000000800b762       0x28 ./Middlewares/Third_Party/FreeRTOS/Source/CMSIS_RTOS/cmsis_os.o
                0x000000000800b762                osDelay
 .text.vListInitialise
                0x000000000800b78a       0x40 ./Middlewares/Third_Party/FreeRTOS/Source/list.o
                0x000000000800b78a                vListInitialise
 .text.vListInitialiseItem
                0x000000000800b7ca       0x1a ./Middlewares/Third_Party/FreeRTOS/Source/list.o
                0x000000000800b7ca                vListInitialiseItem
 .text.vListInsertEnd
                0x000000000800b7e4       0x48 ./Middlewares/Third_Party/FreeRTOS/Source/list.o
                0x000000000800b7e4                vListInsertEnd
 .text.vListInsert
                0x000000000800b82c       0x72 ./Middlewares/Third_Party/FreeRTOS/Source/list.o
                0x000000000800b82c                vListInsert
 .text.uxListRemove
                0x000000000800b89e       0x54 ./Middlewares/Third_Party/FreeRTOS/Source/list.o
                0x000000000800b89e                uxListRemove
 .text.xTaskCreateStatic
                0x000000000800b8f2       0xba ./Middlewares/Third_Party/FreeRTOS/Source/tasks.o
                0x000000000800b8f2                xTaskCreateStatic
 .text.xTaskCreate
                0x000000000800b9ac       0x8a ./Middlewares/Third_Party/FreeRTOS/Source/tasks.o
                0x000000000800b9ac                xTaskCreate
 *fill*         0x000000000800ba36        0x2 
 .text.prvInitialiseNewTask
                0x000000000800ba38      0x13c ./Middlewares/Third_Party/FreeRTOS/Source/tasks.o
 .text.prvAddNewTaskToReadyList
                0x000000000800bb74       0xd4 ./Middlewares/Third_Party/FreeRTOS/Source/tasks.o
 .text.vTaskDelay
                0x000000000800bc48       0x68 ./Middlewares/Third_Party/FreeRTOS/Source/tasks.o
                0x000000000800bc48                vTaskDelay
 .text.vTaskStartScheduler
                0x000000000800bcb0       0xd4 ./Middlewares/Third_Party/FreeRTOS/Source/tasks.o
                0x000000000800bcb0                vTaskStartScheduler
 .text.vTaskSuspendAll
                0x000000000800bd84       0x1c ./Middlewares/Third_Party/FreeRTOS/Source/tasks.o
                0x000000000800bd84                vTaskSuspendAll
 .text.xTaskResumeAll
                0x000000000800bda0      0x138 ./Middlewares/Third_Party/FreeRTOS/Source/tasks.o
                0x000000000800bda0                xTaskResumeAll
 .text.xTaskIncrementTick
                0x000000000800bed8      0x170 ./Middlewares/Third_Party/FreeRTOS/Source/tasks.o
                0x000000000800bed8                xTaskIncrementTick
 .text.vTaskSwitchContext
                0x000000000800c048       0xc4 ./Middlewares/Third_Party/FreeRTOS/Source/tasks.o
                0x000000000800c048                vTaskSwitchContext
 .text.prvIdleTask
                0x000000000800c10c       0x30 ./Middlewares/Third_Party/FreeRTOS/Source/tasks.o
 .text.prvInitialiseTaskLists
                0x000000000800c13c       0x80 ./Middlewares/Third_Party/FreeRTOS/Source/tasks.o
 .text.prvCheckTasksWaitingTermination
                0x000000000800c1bc       0x5c ./Middlewares/Third_Party/FreeRTOS/Source/tasks.o
 .text.prvDeleteTCB
                0x000000000800c218       0x68 ./Middlewares/Third_Party/FreeRTOS/Source/tasks.o
 .text.prvResetNextTaskUnblockTime
                0x000000000800c280       0x40 ./Middlewares/Third_Party/FreeRTOS/Source/tasks.o
 .text.prvAddCurrentTaskToDelayedList
                0x000000000800c2c0       0xcc ./Middlewares/Third_Party/FreeRTOS/Source/tasks.o
 .text.pxPortInitialiseStack
                0x000000000800c38c       0x68 ./Middlewares/Third_Party/FreeRTOS/Source/portable/GCC/ARM_CM4F/port.o
                0x000000000800c38c                pxPortInitialiseStack
 .text.prvTaskExitError
                0x000000000800c3f4       0x58 ./Middlewares/Third_Party/FreeRTOS/Source/portable/GCC/ARM_CM4F/port.o
 *fill*         0x000000000800c44c        0x4 
 .text.SVC_Handler
                0x000000000800c450       0x28 ./Middlewares/Third_Party/FreeRTOS/Source/portable/GCC/ARM_CM4F/port.o
                0x000000000800c450                SVC_Handler
 .text.prvPortStartFirstTask
                0x000000000800c478       0x28 ./Middlewares/Third_Party/FreeRTOS/Source/portable/GCC/ARM_CM4F/port.o
 .text.xPortStartScheduler
                0x000000000800c4a0      0x144 ./Middlewares/Third_Party/FreeRTOS/Source/portable/GCC/ARM_CM4F/port.o
                0x000000000800c4a0                xPortStartScheduler
 .text.vPortEnterCritical
                0x000000000800c5e4       0x60 ./Middlewares/Third_Party/FreeRTOS/Source/portable/GCC/ARM_CM4F/port.o
                0x000000000800c5e4                vPortEnterCritical
 .text.vPortExitCritical
                0x000000000800c644       0x54 ./Middlewares/Third_Party/FreeRTOS/Source/portable/GCC/ARM_CM4F/port.o
                0x000000000800c644                vPortExitCritical
 *fill*         0x000000000800c698        0x8 
 .text.PendSV_Handler
                0x000000000800c6a0       0x68 ./Middlewares/Third_Party/FreeRTOS/Source/portable/GCC/ARM_CM4F/port.o
                0x000000000800c6a0                PendSV_Handler
 .text.SysTick_Handler
                0x000000000800c708       0x44 ./Middlewares/Third_Party/FreeRTOS/Source/portable/GCC/ARM_CM4F/port.o
                0x000000000800c708                SysTick_Handler
 .text.vPortSetupTimerInterrupt
                0x000000000800c74c       0x48 ./Middlewares/Third_Party/FreeRTOS/Source/portable/GCC/ARM_CM4F/port.o
                0x000000000800c74c                vPortSetupTimerInterrupt
 .text.vPortEnableVFP
                0x000000000800c794       0x14 ./Middlewares/Third_Party/FreeRTOS/Source/portable/GCC/ARM_CM4F/port.o
 .text.pvPortMalloc
                0x000000000800c7a8      0x198 ./Middlewares/Third_Party/FreeRTOS/Source/portable/MemMang/heap_4.o
                0x000000000800c7a8                pvPortMalloc
 .text.vPortFree
                0x000000000800c940       0xc4 ./Middlewares/Third_Party/FreeRTOS/Source/portable/MemMang/heap_4.o
                0x000000000800c940                vPortFree
 .text.prvHeapInit
                0x000000000800ca04       0xc4 ./Middlewares/Third_Party/FreeRTOS/Source/portable/MemMang/heap_4.o
 .text.prvInsertBlockIntoFreeList
                0x000000000800cac8       0xb4 ./Middlewares/Third_Party/FreeRTOS/Source/portable/MemMang/heap_4.o
 .text.__cxa_pure_virtual
                0x000000000800cb7c        0x6 c:/st/stm32cubeide_1.12.0/stm32cubeide/plugins/com.st.stm32cube.ide.mcu.externaltools.gnu-tools-for-stm32.10.3-2021.10.win32_1.0.200.202301161003/tools/bin/../lib/gcc/arm-none-eabi/10.3.1/../../../../arm-none-eabi/lib/thumb/v7e-m+fp/hard\libstdc++_nano.a(pure.o)
                0x000000000800cb7c                __cxa_pure_virtual
 .text._ZN10__cxxabiv111__terminateEPFvvE
                0x000000000800cb82        0x8 c:/st/stm32cubeide_1.12.0/stm32cubeide/plugins/com.st.stm32cube.ide.mcu.externaltools.gnu-tools-for-stm32.10.3-2021.10.win32_1.0.200.202301161003/tools/bin/../lib/gcc/arm-none-eabi/10.3.1/../../../../arm-none-eabi/lib/thumb/v7e-m+fp/hard\libstdc++_nano.a(eh_terminate.o)
                0x000000000800cb82                __cxxabiv1::__terminate(void (*)())
 *fill*         0x000000000800cb8a        0x2 
 .text._ZSt13get_terminatev
                0x000000000800cb8c       0x10 c:/st/stm32cubeide_1.12.0/stm32cubeide/plugins/com.st.stm32cube.ide.mcu.externaltools.gnu-tools-for-stm32.10.3-2021.10.win32_1.0.200.202301161003/tools/bin/../lib/gcc/arm-none-eabi/10.3.1/../../../../arm-none-eabi/lib/thumb/v7e-m+fp/hard\libstdc++_nano.a(eh_terminate.o)
                0x000000000800cb8c                std::get_terminate()
 .text._ZSt9terminatev
                0x000000000800cb9c        0xa c:/st/stm32cubeide_1.12.0/stm32cubeide/plugins/com.st.stm32cube.ide.mcu.externaltools.gnu-tools-for-stm32.10.3-2021.10.win32_1.0.200.202301161003/tools/bin/../lib/gcc/arm-none-eabi/10.3.1/../../../../arm-none-eabi/lib/thumb/v7e-m+fp/hard\libstdc++_nano.a(eh_terminate.o)
                0x000000000800cb9c                std::terminate()
 *fill*         0x000000000800cba6        0x2 
 .text.cos      0x000000000800cba8       0xa8 c:/st/stm32cubeide_1.12.0/stm32cubeide/plugins/com.st.stm32cube.ide.mcu.externaltools.gnu-tools-for-stm32.10.3-2021.10.win32_1.0.200.202301161003/tools/bin/../lib/gcc/arm-none-eabi/10.3.1/../../../../arm-none-eabi/lib/thumb/v7e-m+fp/hard\libm.a(lib_a-s_cos.o)
                0x000000000800cba8                cos
 .text.sin      0x000000000800cc50       0xb0 c:/st/stm32cubeide_1.12.0/stm32cubeide/plugins/com.st.stm32cube.ide.mcu.externaltools.gnu-tools-for-stm32.10.3-2021.10.win32_1.0.200.202301161003/tools/bin/../lib/gcc/arm-none-eabi/10.3.1/../../../../arm-none-eabi/lib/thumb/v7e-m+fp/hard\libm.a(lib_a-s_sin.o)
                0x000000000800cc50                sin
 .text.cosf     0x000000000800cd00       0x88 c:/st/stm32cubeide_1.12.0/stm32cubeide/plugins/com.st.stm32cube.ide.mcu.externaltools.gnu-tools-for-stm32.10.3-2021.10.win32_1.0.200.202301161003/tools/bin/../lib/gcc/arm-none-eabi/10.3.1/../../../../arm-none-eabi/lib/thumb/v7e-m+fp/hard\libm.a(lib_a-sf_cos.o)
                0x000000000800cd00                cosf
 .text.sinf     0x000000000800cd88       0x8c c:/st/stm32cubeide_1.12.0/stm32cubeide/plugins/com.st.stm32cube.ide.mcu.externaltools.gnu-tools-for-stm32.10.3-2021.10.win32_1.0.200.202301161003/tools/bin/../lib/gcc/arm-none-eabi/10.3.1/../../../../arm-none-eabi/lib/thumb/v7e-m+fp/hard\libm.a(lib_a-sf_sin.o)
                0x000000000800cd88                sinf
 *fill*         0x000000000800ce14        0x4 
 .text.__ieee754_rem_pio2
                0x000000000800ce18      0x418 c:/st/stm32cubeide_1.12.0/stm32cubeide/plugins/com.st.stm32cube.ide.mcu.externaltools.gnu-tools-for-stm32.10.3-2021.10.win32_1.0.200.202301161003/tools/bin/../lib/gcc/arm-none-eabi/10.3.1/../../../../arm-none-eabi/lib/thumb/v7e-m+fp/hard\libm.a(lib_a-e_rem_pio2.o)
                0x000000000800ce18                __ieee754_rem_pio2
 .text.__ieee754_rem_pio2f
                0x000000000800d230      0x278 c:/st/stm32cubeide_1.12.0/stm32cubeide/plugins/com.st.stm32cube.ide.mcu.externaltools.gnu-tools-for-stm32.10.3-2021.10.win32_1.0.200.202301161003/tools/bin/../lib/gcc/arm-none-eabi/10.3.1/../../../../arm-none-eabi/lib/thumb/v7e-m+fp/hard\libm.a(lib_a-ef_rem_pio2.o)
                0x000000000800d230                __ieee754_rem_pio2f
 .text.__kernel_cos
                0x000000000800d4a8      0x18c c:/st/stm32cubeide_1.12.0/stm32cubeide/plugins/com.st.stm32cube.ide.mcu.externaltools.gnu-tools-for-stm32.10.3-2021.10.win32_1.0.200.202301161003/tools/bin/../lib/gcc/arm-none-eabi/10.3.1/../../../../arm-none-eabi/lib/thumb/v7e-m+fp/hard\libm.a(lib_a-k_cos.o)
                0x000000000800d4a8                __kernel_cos
 *fill*         0x000000000800d634        0x4 
 .text.__kernel_rem_pio2
                0x000000000800d638      0x69c c:/st/stm32cubeide_1.12.0/stm32cubeide/plugins/com.st.stm32cube.ide.mcu.externaltools.gnu-tools-for-stm32.10.3-2021.10.win32_1.0.200.202301161003/tools/bin/../lib/gcc/arm-none-eabi/10.3.1/../../../../arm-none-eabi/lib/thumb/v7e-m+fp/hard\libm.a(lib_a-k_rem_pio2.o)
                0x000000000800d638                __kernel_rem_pio2
 *fill*         0x000000000800dcd4        0x4 
 .text.__kernel_sin
                0x000000000800dcd8      0x17c c:/st/stm32cubeide_1.12.0/stm32cubeide/plugins/com.st.stm32cube.ide.mcu.externaltools.gnu-tools-for-stm32.10.3-2021.10.win32_1.0.200.202301161003/tools/bin/../lib/gcc/arm-none-eabi/10.3.1/../../../../arm-none-eabi/lib/thumb/v7e-m+fp/hard\libm.a(lib_a-k_sin.o)
                0x000000000800dcd8                __kernel_sin
 .text.__kernel_cosf
                0x000000000800de54       0xc0 c:/st/stm32cubeide_1.12.0/stm32cubeide/plugins/com.st.stm32cube.ide.mcu.externaltools.gnu-tools-for-stm32.10.3-2021.10.win32_1.0.200.202301161003/tools/bin/../lib/gcc/arm-none-eabi/10.3.1/../../../../arm-none-eabi/lib/thumb/v7e-m+fp/hard\libm.a(lib_a-kf_cos.o)
                0x000000000800de54                __kernel_cosf
 .text.__kernel_rem_pio2f
                0x000000000800df14      0x4ec c:/st/stm32cubeide_1.12.0/stm32cubeide/plugins/com.st.stm32cube.ide.mcu.externaltools.gnu-tools-for-stm32.10.3-2021.10.win32_1.0.200.202301161003/tools/bin/../lib/gcc/arm-none-eabi/10.3.1/../../../../arm-none-eabi/lib/thumb/v7e-m+fp/hard\libm.a(lib_a-kf_rem_pio2.o)
                0x000000000800df14                __kernel_rem_pio2f
 .text.__kernel_sinf
                0x000000000800e400       0x90 c:/st/stm32cubeide_1.12.0/stm32cubeide/plugins/com.st.stm32cube.ide.mcu.externaltools.gnu-tools-for-stm32.10.3-2021.10.win32_1.0.200.202301161003/tools/bin/../lib/gcc/arm-none-eabi/10.3.1/../../../../arm-none-eabi/lib/thumb/v7e-m+fp/hard\libm.a(lib_a-kf_sin.o)
                0x000000000800e400                __kernel_sinf
 .text.fabs     0x000000000800e490       0x12 c:/st/stm32cubeide_1.12.0/stm32cubeide/plugins/com.st.stm32cube.ide.mcu.externaltools.gnu-tools-for-stm32.10.3-2021.10.win32_1.0.200.202301161003/tools/bin/../lib/gcc/arm-none-eabi/10.3.1/../../../../arm-none-eabi/lib/thumb/v7e-m+fp/hard\libm.a(lib_a-s_fabs.o)
                0x000000000800e490                fabs
 *fill*         0x000000000800e4a2        0x6 
 .text.floor    0x000000000800e4a8      0x100 c:/st/stm32cubeide_1.12.0/stm32cubeide/plugins/com.st.stm32cube.ide.mcu.externaltools.gnu-tools-for-stm32.10.3-2021.10.win32_1.0.200.202301161003/tools/bin/../lib/gcc/arm-none-eabi/10.3.1/../../../../arm-none-eabi/lib/thumb/v7e-m+fp/hard\libm.a(lib_a-s_floor.o)
                0x000000000800e4a8                floor
 .text.scalbn   0x000000000800e5a8      0x10c c:/st/stm32cubeide_1.12.0/stm32cubeide/plugins/com.st.stm32cube.ide.mcu.externaltools.gnu-tools-for-stm32.10.3-2021.10.win32_1.0.200.202301161003/tools/bin/../lib/gcc/arm-none-eabi/10.3.1/../../../../arm-none-eabi/lib/thumb/v7e-m+fp/hard\libm.a(lib_a-s_scalbn.o)
                0x000000000800e5a8                scalbn
 .text.fabsf    0x000000000800e6b4        0xe c:/st/stm32cubeide_1.12.0/stm32cubeide/plugins/com.st.stm32cube.ide.mcu.externaltools.gnu-tools-for-stm32.10.3-2021.10.win32_1.0.200.202301161003/tools/bin/../lib/gcc/arm-none-eabi/10.3.1/../../../../arm-none-eabi/lib/thumb/v7e-m+fp/hard\libm.a(lib_a-sf_fabs.o)
                0x000000000800e6b4                fabsf
 *fill*         0x000000000800e6c2        0x2 
 .text.floorf   0x000000000800e6c4       0x84 c:/st/stm32cubeide_1.12.0/stm32cubeide/plugins/com.st.stm32cube.ide.mcu.externaltools.gnu-tools-for-stm32.10.3-2021.10.win32_1.0.200.202301161003/tools/bin/../lib/gcc/arm-none-eabi/10.3.1/../../../../arm-none-eabi/lib/thumb/v7e-m+fp/hard\libm.a(lib_a-sf_floor.o)
                0x000000000800e6c4                floorf
 .text.scalbnf  0x000000000800e748       0xe4 c:/st/stm32cubeide_1.12.0/stm32cubeide/plugins/com.st.stm32cube.ide.mcu.externaltools.gnu-tools-for-stm32.10.3-2021.10.win32_1.0.200.202301161003/tools/bin/../lib/gcc/arm-none-eabi/10.3.1/../../../../arm-none-eabi/lib/thumb/v7e-m+fp/hard\libm.a(lib_a-sf_scalbn.o)
                0x000000000800e748                scalbnf
 .text.abort    0x000000000800e82c        0xe c:/st/stm32cubeide_1.12.0/stm32cubeide/plugins/com.st.stm32cube.ide.mcu.externaltools.gnu-tools-for-stm32.10.3-2021.10.win32_1.0.200.202301161003/tools/bin/../lib/gcc/arm-none-eabi/10.3.1/../../../../arm-none-eabi/lib/thumb/v7e-m+fp/hard\libc_nano.a(lib_a-abort.o)
                0x000000000800e82c                abort
 *fill*         0x000000000800e83a        0x2 
 .text.__errno  0x000000000800e83c        0xc c:/st/stm32cubeide_1.12.0/stm32cubeide/plugins/com.st.stm32cube.ide.mcu.externaltools.gnu-tools-for-stm32.10.3-2021.10.win32_1.0.200.202301161003/tools/bin/../lib/gcc/arm-none-eabi/10.3.1/../../../../arm-none-eabi/lib/thumb/v7e-m+fp/hard\libc_nano.a(lib_a-errno.o)
                0x000000000800e83c                __errno
 .text.__libc_init_array
                0x000000000800e848       0x48 c:/st/stm32cubeide_1.12.0/stm32cubeide/plugins/com.st.stm32cube.ide.mcu.externaltools.gnu-tools-for-stm32.10.3-2021.10.win32_1.0.200.202301161003/tools/bin/../lib/gcc/arm-none-eabi/10.3.1/../../../../arm-none-eabi/lib/thumb/v7e-m+fp/hard\libc_nano.a(lib_a-init.o)
                0x000000000800e848                __libc_init_array
 .text.__retarget_lock_acquire_recursive
                0x000000000800e890        0x2 c:/st/stm32cubeide_1.12.0/stm32cubeide/plugins/com.st.stm32cube.ide.mcu.externaltools.gnu-tools-for-stm32.10.3-2021.10.win32_1.0.200.202301161003/tools/bin/../lib/gcc/arm-none-eabi/10.3.1/../../../../arm-none-eabi/lib/thumb/v7e-m+fp/hard\libc_nano.a(lib_a-lock.o)
                0x000000000800e890                __retarget_lock_acquire_recursive
 .text.__retarget_lock_release_recursive
                0x000000000800e892        0x2 c:/st/stm32cubeide_1.12.0/stm32cubeide/plugins/com.st.stm32cube.ide.mcu.externaltools.gnu-tools-for-stm32.10.3-2021.10.win32_1.0.200.202301161003/tools/bin/../lib/gcc/arm-none-eabi/10.3.1/../../../../arm-none-eabi/lib/thumb/v7e-m+fp/hard\libc_nano.a(lib_a-lock.o)
                0x000000000800e892                __retarget_lock_release_recursive
 .text.memcpy   0x000000000800e894       0x1c c:/st/stm32cubeide_1.12.0/stm32cubeide/plugins/com.st.stm32cube.ide.mcu.externaltools.gnu-tools-for-stm32.10.3-2021.10.win32_1.0.200.202301161003/tools/bin/../lib/gcc/arm-none-eabi/10.3.1/../../../../arm-none-eabi/lib/thumb/v7e-m+fp/hard\libc_nano.a(lib_a-memcpy-stub.o)
                0x000000000800e894                memcpy
 .text.memset   0x000000000800e8b0       0x10 c:/st/stm32cubeide_1.12.0/stm32cubeide/plugins/com.st.stm32cube.ide.mcu.externaltools.gnu-tools-for-stm32.10.3-2021.10.win32_1.0.200.202301161003/tools/bin/../lib/gcc/arm-none-eabi/10.3.1/../../../../arm-none-eabi/lib/thumb/v7e-m+fp/hard\libc_nano.a(lib_a-memset.o)
                0x000000000800e8b0                memset
 .text.sbrk_aligned
                0x000000000800e8c0       0x40 c:/st/stm32cubeide_1.12.0/stm32cubeide/plugins/com.st.stm32cube.ide.mcu.externaltools.gnu-tools-for-stm32.10.3-2021.10.win32_1.0.200.202301161003/tools/bin/../lib/gcc/arm-none-eabi/10.3.1/../../../../arm-none-eabi/lib/thumb/v7e-m+fp/hard\libc_nano.a(lib_a-nano-mallocr.o)
 .text._malloc_r
                0x000000000800e900       0xe8 c:/st/stm32cubeide_1.12.0/stm32cubeide/plugins/com.st.stm32cube.ide.mcu.externaltools.gnu-tools-for-stm32.10.3-2021.10.win32_1.0.200.202301161003/tools/bin/../lib/gcc/arm-none-eabi/10.3.1/../../../../arm-none-eabi/lib/thumb/v7e-m+fp/hard\libc_nano.a(lib_a-nano-mallocr.o)
                0x000000000800e900                _malloc_r
 .text.realloc  0x000000000800e9e8       0x10 c:/st/stm32cubeide_1.12.0/stm32cubeide/plugins/com.st.stm32cube.ide.mcu.externaltools.gnu-tools-for-stm32.10.3-2021.10.win32_1.0.200.202301161003/tools/bin/../lib/gcc/arm-none-eabi/10.3.1/../../../../arm-none-eabi/lib/thumb/v7e-m+fp/hard\libc_nano.a(lib_a-realloc.o)
                0x000000000800e9e8                realloc
 .text.cleanup_glue
                0x000000000800e9f8       0x1a c:/st/stm32cubeide_1.12.0/stm32cubeide/plugins/com.st.stm32cube.ide.mcu.externaltools.gnu-tools-for-stm32.10.3-2021.10.win32_1.0.200.202301161003/tools/bin/../lib/gcc/arm-none-eabi/10.3.1/../../../../arm-none-eabi/lib/thumb/v7e-m+fp/hard\libc_nano.a(lib_a-reent.o)
                0x000000000800e9f8                cleanup_glue
 *fill*         0x000000000800ea12        0x2 
 .text._reclaim_reent