Archive member included to satisfy reference by file (symbol)

c:/st/stm32cubeide_1.12.0/stm32cubeide/plugins/com.st.stm32cube.ide.mcu.externaltools.gnu-tools-for-stm32.10.3-2021.10.win32_1.0.200.202301161003/tools/bin/../lib/gcc/arm-none-eabi/10.3.1/../../../../arm-none-eabi/lib/thumb/v7e-m+fp/hard\libc_nano.a(lib_a-errno.o)
                              ./Core/Src/syscalls.o (__errno)
c:/st/stm32cubeide_1.12.0/stm32cubeide/plugins/com.st.stm32cube.ide.mcu.externaltools.gnu-tools-for-stm32.10.3-2021.10.win32_1.0.200.202301161003/tools/bin/../lib/gcc/arm-none-eabi/10.3.1/../../../../arm-none-eabi/lib/thumb/v7e-m+fp/hard\libc_nano.a(lib_a-exit.o)
                              c:/st/stm32cubeide_1.12.0/stm32cubeide/plugins/com.st.stm32cube.ide.mcu.externaltools.gnu-tools-for-stm32.10.3-2021.10.win32_1.0.200.202301161003/tools/bin/../lib/gcc/arm-none-eabi/10.3.1/../../../../arm-none-eabi/lib/thumb/v7e-m+fp/hard/crt0.o (exit)
c:/st/stm32cubeide_1.12.0/stm32cubeide/plugins/com.st.stm32cube.ide.mcu.externaltools.gnu-tools-for-stm32.10.3-2021.10.win32_1.0.200.202301161003/tools/bin/../lib/gcc/arm-none-eabi/10.3.1/../../../../arm-none-eabi/lib/thumb/v7e-m+fp/hard\libc_nano.a(lib_a-findfp.o)
                              ./Middlewares/Third_Party/FreeRTOS/Source/tasks.o (__sf_fake_stderr)
c:/st/stm32cubeide_1.12.0/stm32cubeide/plugins/com.st.stm32cube.ide.mcu.externaltools.gnu-tools-for-stm32.10.3-2021.10.win32_1.0.200.202301161003/tools/bin/../lib/gcc/arm-none-eabi/10.3.1/../../../../arm-none-eabi/lib/thumb/v7e-m+fp/hard\libc_nano.a(lib_a-fwalk.o)
                              c:/st/stm32cubeide_1.12.0/stm32cubeide/plugins/com.st.stm32cube.ide.mcu.externaltools.gnu-tools-for-stm32.10.3-2021.10.win32_1.0.200.202301161003/tools/bin/../lib/gcc/arm-none-eabi/10.3.1/../../../../arm-none-eabi/lib/thumb/v7e-m+fp/hard\libc_nano.a(lib_a-findfp.o) (_fwalk)
c:/st/stm32cubeide_1.12.0/stm32cubeide/plugins/com.st.stm32cube.ide.mcu.externaltools.gnu-tools-for-stm32.10.3-2021.10.win32_1.0.200.202301161003/tools/bin/../lib/gcc/arm-none-eabi/10.3.1/../../../../arm-none-eabi/lib/thumb/v7e-m+fp/hard\libc_nano.a(lib_a-impure.o)
                              c:/st/stm32cubeide_1.12.0/stm32cubeide/plugins/com.st.stm32cube.ide.mcu.externaltools.gnu-tools-for-stm32.10.3-2021.10.win32_1.0.200.202301161003/tools/bin/../lib/gcc/arm-none-eabi/10.3.1/../../../../arm-none-eabi/lib/thumb/v7e-m+fp/hard\libc_nano.a(lib_a-exit.o) (_global_impure_ptr)
c:/st/stm32cubeide_1.12.0/stm32cubeide/plugins/com.st.stm32cube.ide.mcu.externaltools.gnu-tools-for-stm32.10.3-2021.10.win32_1.0.200.202301161003/tools/bin/../lib/gcc/arm-none-eabi/10.3.1/../../../../arm-none-eabi/lib/thumb/v7e-m+fp/hard\libc_nano.a(lib_a-init.o)
                              c:/st/stm32cubeide_1.12.0/stm32cubeide/plugins/com.st.stm32cube.ide.mcu.externaltools.gnu-tools-for-stm32.10.3-2021.10.win32_1.0.200.202301161003/tools/bin/../lib/gcc/arm-none-eabi/10.3.1/../../../../arm-none-eabi/lib/thumb/v7e-m+fp/hard/crt0.o (__libc_init_array)
c:/st/stm32cubeide_1.12.0/stm32cubeide/plugins/com.st.stm32cube.ide.mcu.externaltools.gnu-tools-for-stm32.10.3-2021.10.win32_1.0.200.202301161003/tools/bin/../lib/gcc/arm-none-eabi/10.3.1/../../../../arm-none-eabi/lib/thumb/v7e-m+fp/hard\libc_nano.a(lib_a-lock.o)
                              c:/st/stm32cubeide_1.12.0/stm32cubeide/plugins/com.st.stm32cube.ide.mcu.externaltools.gnu-tools-for-stm32.10.3-2021.10.win32_1.0.200.202301161003/tools/bin/../lib/gcc/arm-none-eabi/10.3.1/../../../../arm-none-eabi/lib/thumb/v7e-m+fp/hard\libc_nano.a(lib_a-findfp.o) (__retarget_lock_init_recursive)
c:/st/stm32cubeide_1.12.0/stm32cubeide/plugins/com.st.stm32cube.ide.mcu.externaltools.gnu-tools-for-stm32.10.3-2021.10.win32_1.0.200.202301161003/tools/bin/../lib/gcc/arm-none-eabi/10.3.1/../../../../arm-none-eabi/lib/thumb/v7e-m+fp/hard\libc_nano.a(lib_a-memcpy-stub.o)
                              ./Middlewares/Third_Party/FreeRTOS/Source/queue.o (memcpy)
c:/st/stm32cubeide_1.12.0/stm32cubeide/plugins/com.st.stm32cube.ide.mcu.externaltools.gnu-tools-for-stm32.10.3-2021.10.win32_1.0.200.202301161003/tools/bin/../lib/gcc/arm-none-eabi/10.3.1/../../../../arm-none-eabi/lib/thumb/v7e-m+fp/hard\libc_nano.a(lib_a-memset.o)
                              c:/st/stm32cubeide_1.12.0/stm32cubeide/plugins/com.st.stm32cube.ide.mcu.externaltools.gnu-tools-for-stm32.10.3-2021.10.win32_1.0.200.202301161003/tools/bin/../lib/gcc/arm-none-eabi/10.3.1/../../../../arm-none-eabi/lib/thumb/v7e-m+fp/hard/crt0.o (memset)
c:/st/stm32cubeide_1.12.0/stm32cubeide/plugins/com.st.stm32cube.ide.mcu.externaltools.gnu-tools-for-stm32.10.3-2021.10.win32_1.0.200.202301161003/tools/bin/../lib/gcc/arm-none-eabi/10.3.1/../../../../arm-none-eabi/lib/thumb/v7e-m+fp/hard\libc_nano.a(lib_a-nano-mallocr.o)
[...]
Memory Configuration

Name             Origin             Length             Attributes
CCMRAM           0x0000000010000000 0x0000000000010000 xrw
RAM              0x0000000020000000 0x0000000000020000 xrw
FLASH            0x0000000008000000 0x0000000000100000 xr
*default*        0x0000000000000000 0xffffffffffffffff

Linker script and memory map

LOAD c:/st/stm32cubeide_1.12.0/stm32cubeide/plugins/com.st.stm32cube.ide.mcu.externaltools.gnu-tools-for-stm32.10.3-2021.10.win32_1.0.200.202301161003/tools/bin/../lib/gcc/arm-none-eabi/10.3.1/thumb/v7e-m+fp/hard/crti.o
LOAD c:/st/stm32cubeide_1.12.0/stm32cubeide/plugins/com.st.stm32cube.ide.mcu.externaltools.gnu-tools-for-stm32.10.3-2021.10.win32_1.0.200.202301161003/tools/bin/../lib/gcc/arm-none-eabi/10.3.1/thumb/v7e-m+fp/hard/crtbegin.o
LOAD c:/st/stm32cubeide_1.12.0/stm32cubeide/plugins/com.st.stm32cube.ide.mcu.externaltools.gnu-tools-for-stm32.10.3-2021.10.win32_1.0.200.202301161003/tools/bin/../lib/gcc/arm-none-eabi/10.3.1/../../../../arm-none-eabi/lib/thumb/v7e-m+fp/hard/crt0.o
LOAD ./Core/Src/adc.o
LOAD ./Core/Src/can.o
LOAD ./Core/Src/control_motor.o
LOAD ./Core/Src/dma.o
LOAD ./Core/Src/freertos.o
LOAD ./Core/Src/gpio.o
LOAD ./Core/Src/i2c.o
LOAD ./Core/Src/main.o
LOAD ./Core/Src/spi.o
LOAD ./Core/Src/stm32f4xx_hal_msp.o
LOAD ./Core/Src/stm32f4xx_hal_timebase_tim.o
LOAD ./Core/Src/stm32f4xx_it.o
LOAD ./Core/Src/syscalls.o
LOAD ./Core/Src/sysmem.o
LOAD ./Core/Src/system_stm32f4xx.o
LOAD ./Core/Src/tim.o
LOAD ./Core/Src/usart.o
LOAD ./Core/Startup/startup_stm32f407vgtx.o
LOAD ./Drivers/STM32F4xx_HAL_Driver/Src/stm32f4xx_hal.o
LOAD ./Drivers/STM32F4xx_HAL_Driver/Src/stm32f4xx_hal_adc.o
LOAD ./Drivers/STM32F4xx_HAL_Driver/Src/stm32f4xx_hal_adc_ex.o
LOAD ./Drivers/STM32F4xx_HAL_Driver/Src/stm32f4xx_hal_can.o
LOAD ./Drivers/STM32F4xx_HAL_Driver/Src/stm32f4xx_hal_cortex.o
LOAD ./Drivers/STM32F4xx_HAL_Driver/Src/stm32f4xx_hal_dma.o
LOAD ./Drivers/STM32F4xx_HAL_Driver/Src/stm32f4xx_hal_dma_ex.o
LOAD ./Drivers/STM32F4xx_HAL_Driver/Src/stm32f4xx_hal_exti.o
LOAD ./Drivers/STM32F4xx_HAL_Driver/Src/stm32f4xx_hal_flash.o
LOAD ./Drivers/STM32F4xx_HAL_Driver/Src/stm32f4xx_hal_flash_ex.o
LOAD ./Drivers/STM32F4xx_HAL_Driver/Src/stm32f4xx_hal_flash_ramfunc.o
LOAD ./Drivers/STM32F4xx_HAL_Driver/Src/stm32f4xx_hal_gpio.o
LOAD ./Drivers/STM32F4xx_HAL_Driver/Src/stm32f4xx_hal_i2c.o
LOAD ./Drivers/STM32F4xx_HAL_Driver/Src/stm32f4xx_hal_i2c_ex.o
LOAD ./Drivers/STM32F4xx_HAL_Driver/Src/stm32f4xx_hal_pwr.o
LOAD ./Drivers/STM32F4xx_HAL_Driver/Src/stm32f4xx_hal_pwr_ex.o
LOAD ./Drivers/STM32F4xx_HAL_Driver/Src/stm32f4xx_hal_rcc.o
LOAD ./Drivers/STM32F4xx_HAL_Driver/Src/stm32f4xx_hal_rcc_ex.o
LOAD ./Drivers/STM32F4xx_HAL_Driver/Src/stm32f4xx_hal_spi.o
LOAD ./Drivers/STM32F4xx_HAL_Driver/Src/stm32f4xx_hal_tim.o
LOAD ./Drivers/STM32F4xx_HAL_Driver/Src/stm32f4xx_hal_tim_ex.o
LOAD ./Drivers/STM32F4xx_HAL_Driver/Src/stm32f4xx_hal_uart.o
LOAD ./Drivers/STM32F4xx_HAL_Driver/Src/stm32f4xx_ll_adc.o
LOAD ./Middlewares/Third_Party/FreeRTOS/Source/CMSIS_RTOS/cmsis_os.o
LOAD ./Middlewares/Third_Party/FreeRTOS/Source/croutine.o
LOAD ./Middlewares/Third_Party/FreeRTOS/Source/event_groups.o
LOAD ./Middlewares/Third_Party/FreeRTOS/Source/list.o
LOAD ./Middlewares/Third_Party/FreeRTOS/Source/queue.o
LOAD ./Middlewares/Third_Party/FreeRTOS/Source/stream_buffer.o
LOAD ./Middlewares/Third_Party/FreeRTOS/Source/tasks.o
LOAD ./Middlewares/Third_Party/FreeRTOS/Source/timers.o
LOAD ./Middlewares/Third_Party/FreeRTOS/Source/portable/GCC/ARM_CM4F/port.o
LOAD ./Middlewares/Third_Party/FreeRTOS/Source/portable/MemMang/heap_4.o
START GROUP
LOAD c:/st/stm32cubeide_1.12.0/stm32cubeide/plugins/com.st.stm32cube.ide.mcu.externaltools.gnu-tools-for-stm32.10.3-2021.10.win32_1.0.200.202301161003/tools/bin/../lib/gcc/arm-none-eabi/10.3.1/../../../../arm-none-eabi/lib/thumb/v7e-m+fp/hard\libc_nano.a
LOAD c:/st/stm32cubeide_1.12.0/stm32cubeide/plugins/com.st.stm32cube.ide.mcu.externaltools.gnu-tools-for-stm32.10.3-2021.10.win32_1.0.200.202301161003/tools/bin/../lib/gcc/arm-none-eabi/10.3.1/../../../../arm-none-eabi/lib/thumb/v7e-m+fp/hard\libm.a
END GROUP
START GROUP
LOAD c:/st/stm32cubeide_1.12.0/stm32cubeide/plugins/com.st.stm32cube.ide.mcu.externaltools.gnu-tools-for-stm32.10.3-2021.10.win32_1.0.200.202301161003/tools/bin/../lib/gcc/arm-none-eabi/10.3.1/thumb/v7e-m+fp/hard\libgcc.a
LOAD c:/st/stm32cubeide_1.12.0/stm32cubeide/plugins/com.st.stm32cube.ide.mcu.externaltools.gnu-tools-for-stm32.10.3-2021.10.win32_1.0.200.202301161003/tools/bin/../lib/gcc/arm-none-eabi/10.3.1/../../../../arm-none-eabi/lib/thumb/v7e-m+fp/hard\libc_nano.a
END GROUP
START GROUP
LOAD c:/st/stm32cubeide_1.12.0/stm32cubeide/plugins/com.st.stm32cube.ide.mcu.externaltools.gnu-tools-for-stm32.10.3-2021.10.win32_1.0.200.202301161003/tools/bin/../lib/gcc/arm-none-eabi/10.3.1/thumb/v7e-m+fp/hard\libgcc.a
LOAD c:/st/stm32cubeide_1.12.0/stm32cubeide/plugins/com.st.stm32cube.ide.mcu.externaltools.gnu-tools-for-stm32.10.3-2021.10.win32_1.0.200.202301161003/tools/bin/../lib/gcc/arm-none-eabi/10.3.1/../../../../arm-none-eabi/lib/thumb/v7e-m+fp/hard\libc_nano.a
LOAD c:/st/stm32cubeide_1.12.0/stm32cubeide/plugins/com.st.stm32cube.ide.mcu.externaltools.gnu-tools-for-stm32.10.3-2021.10.win32_1.0.200.202301161003/tools/bin/../lib/gcc/arm-none-eabi/10.3.1/../../../../arm-none-eabi/lib/thumb/v7e-m+fp/hard\libnosys.a
END GROUP
START GROUP
LOAD c:/st/stm32cubeide_1.12.0/stm32cubeide/plugins/com.st.stm32cube.ide.mcu.externaltools.gnu-tools-for-stm32.10.3-2021.10.win32_1.0.200.202301161003/tools/bin/../lib/gcc/arm-none-eabi/10.3.1/thumb/v7e-m+fp/hard\libgcc.a
LOAD c:/st/stm32cubeide_1.12.0/stm32cubeide/plugins/com.st.stm32cube.ide.mcu.externaltools.gnu-tools-for-stm32.10.3-2021.10.win32_1.0.200.202301161003/tools/bin/../lib/gcc/arm-none-eabi/10.3.1/../../../../arm-none-eabi/lib/thumb/v7e-m+fp/hard\libc_nano.a
LOAD c:/st/stm32cubeide_1.12.0/stm32cubeide/plugins/com.st.stm32cube.ide.mcu.externaltools.gnu-tools-for-stm32.10.3-2021.10.win32_1.0.200.202301161003/tools/bin/../lib/gcc/arm-none-eabi/10.3.1/../../../../arm-none-eabi/lib/thumb/v7e-m+fp/hard\libnosys.a
END GROUP
LOAD c:/st/stm32cubeide_1.12.0/stm32cubeide/plugins/com.st.stm32cube.ide.mcu.externaltools.gnu-tools-for-stm32.10.3-2021.10.win32_1.0.200.202301161003/tools/bin/../lib/gcc/arm-none-eabi/10.3.1/thumb/v7e-m+fp/hard/crtend.o
LOAD c:/st/stm32cubeide_1.12.0/stm32cubeide/plugins/com.st.stm32cube.ide.mcu.externaltools.gnu-tools-for-stm32.10.3-2021.10.win32_1.0.200.202301161003/tools/bin/../lib/gcc/arm-none-eabi/10.3.1/thumb/v7e-m+fp/hard/crtn.o
                0x0000000020020000                _estack = (ORIGIN (RAM) + LENGTH (RAM))
                0x0000000000000200                _Min_Heap_Size = 0x200
                0x0000000000000400                _Min_Stack_Size = 0x400

.isr_vector     0x0000000008000000      0x188
                0x0000000008000000                . = ALIGN (0x4)
 *(.isr_vector)
 .isr_vector    0x0000000008000000      0x188 ./Core/Startup/startup_stm32f407vgtx.o
                0x0000000008000000                g_pfnVectors
                0x0000000008000188                . = ALIGN (0x4)

.text           0x0000000008000190     0x8e90
                0x0000000008000190                . = ALIGN (0x4)
 *(.text)
 .text          0x0000000008000190       0x40 c:/st/stm32cubeide_1.12.0/stm32cubeide/plugins/com.st.stm32cube.ide.mcu.externaltools.gnu-tools-for-stm32.10.3-2021.10.win32_1.0.200.202301161003/tools/bin/../lib/gcc/arm-none-eabi/10.3.1/thumb/v7e-m+fp/hard/crtbegin.o
 .text          0x00000000080001d0      0x254 c:/st/stm32cubeide_1.12.0/stm32cubeide/plugins/com.st.stm32cube.ide.mcu.externaltools.gnu-tools-for-stm32.10.3-2021.10.win32_1.0.200.202301161003/tools/bin/../lib/gcc/arm-none-eabi/10.3.1/thumb/v7e-m+fp/hard\libgcc.a(_arm_muldf3.o)
                0x00000000080001d0                __muldf3
                0x00000000080001d0                __aeabi_dmul
 .text          0x0000000008000424      0x378 c:/st/stm32cubeide_1.12.0/stm32cubeide/plugins/com.st.stm32cube.ide.mcu.externaltools.gnu-tools-for-stm32.10.3-2021.10.win32_1.0.200.202301161003/tools/bin/../lib/gcc/arm-none-eabi/10.3.1/thumb/v7e-m+fp/hard\libgcc.a(_arm_addsubdf3.o)
                0x0000000008000424                __aeabi_drsub
                0x000000000800042c                __aeabi_dsub
                0x000000000800042c                __subdf3
                0x0000000008000430                __aeabi_dadd
                0x0000000008000430                __adddf3
                0x00000000080006a8                __floatunsidf
                0x00000000080006a8                __aeabi_ui2d
                0x00000000080006c8                __floatsidf
                0x00000000080006c8                __aeabi_i2d
                0x00000000080006ec                __aeabi_f2d
                0x00000000080006ec                __extendsfdf2
                0x0000000008000730                __floatundidf
                0x0000000008000730                __aeabi_ul2d
                0x0000000008000740                __floatdidf
                0x0000000008000740                __aeabi_l2d
 .text          0x000000000800079c       0x50 c:/st/stm32cubeide_1.12.0/stm32cubeide/plugins/com.st.stm32cube.ide.mcu.externaltools.gnu-tools-for-stm32.10.3-2021.10.win32_1.0.200.202301161003/tools/bin/../lib/gcc/arm-none-eabi/10.3.1/thumb/v7e-m+fp/hard\libgcc.a(_arm_fixdfsi.o)
                0x000000000800079c                __aeabi_d2iz
                0x000000000800079c                __fixdfsi
 .text          0x00000000080007ec       0x30 c:/st/stm32cubeide_1.12.0/stm32cubeide/plugins/com.st.stm32cube.ide.mcu.externaltools.gnu-tools-for-stm32.10.3-2021.10.win32_1.0.200.202301161003/tools/bin/../lib/gcc/arm-none-eabi/10.3.1/thumb/v7e-m+fp/hard\libgcc.a(_aeabi_uldivmod.o)
                0x00000000080007ec                __aeabi_uldivmod
 .text          0x000000000800081c      0x2d0 c:/st/stm32cubeide_1.12.0/stm32cubeide/plugins/com.st.stm32cube.ide.mcu.externaltools.gnu-tools-for-stm32.10.3-2021.10.win32_1.0.200.202301161003/tools/bin/../lib/gcc/arm-none-eabi/10.3.1/thumb/v7e-m+fp/hard\libgcc.a(_udivmoddi4.o)
                0x000000000800081c                __udivmoddi4
 .text          0x0000000008000aec        0x4 c:/st/stm32cubeide_1.12.0/stm32cubeide/plugins/com.st.stm32cube.ide.mcu.externaltools.gnu-tools-for-stm32.10.3-2021.10.win32_1.0.200.202301161003/tools/bin/../lib/gcc/arm-none-eabi/10.3.1/thumb/v7e-m+fp/hard\libgcc.a(_dvmd_tls.o)
                0x0000000008000aec                __aeabi_idiv0
                0x0000000008000aec                __aeabi_ldiv0
 *(.text*)
 .text.MX_ADC1_Init
                0x0000000008000af0       0xa4 ./Core/Src/adc.o
                0x0000000008000af0                MX_ADC1_Init
 .text.HAL_ADC_MspInit
                0x0000000008000b94       0x88 ./Core/Src/adc.o
                0x0000000008000b94                HAL_ADC_MspInit
 .text.MX_CAN1_Init
                0x0000000008000c1c       0x68 ./Core/Src/can.o
                0x0000000008000c1c                MX_CAN1_Init
 .text.HAL_CAN_MspInit
                0x0000000008000c84       0x90 ./Core/Src/can.o
                0x0000000008000c84                HAL_CAN_MspInit
 .text.map      0x0000000008000d14       0x38 ./Core/Src/control_motor.o
                0x0000000008000d14                map
 *fill*         0x0000000008000d4c        0x4 
 .text.motor_VectorKinematic
                0x0000000008000d50      0x288 ./Core/Src/control_motor.o
                0x0000000008000d50                motor_VectorKinematic
 .text.motor_VeloControl
                0x0000000008000fd8      0x298 ./Core/Src/control_motor.o
                0x0000000008000fd8                motor_VeloControl
 .text.MX_DMA_Init
                0x0000000008001270       0x40 ./Core/Src/dma.o
                0x0000000008001270                MX_DMA_Init
 .text.vApplicationGetIdleTaskMemory
                0x00000000080012b0       0x34 ./Core/Src/freertos.o
                0x00000000080012b0                vApplicationGetIdleTaskMemory
 .text.MX_FREERTOS_Init
                0x00000000080012e4      0x110 ./Core/Src/freertos.o
                0x00000000080012e4                MX_FREERTOS_Init
 .text.StartTask01
                0x00000000080013f4      0x1b0 ./Core/Src/freertos.o
                0x00000000080013f4                StartTask01
 .text.StartTask02
                0x00000000080015a4      0x194 ./Core/Src/freertos.o
                0x00000000080015a4                StartTask02
 .text.StartTask03
                0x0000000008001738       0x6c ./Core/Src/freertos.o
                0x0000000008001738                StartTask03
 .text.StartTask04
                0x00000000080017a4       0x10 ./Core/Src/freertos.o
                0x00000000080017a4                StartTask04
 .text.StartTask05
                0x00000000080017b4       0x50 ./Core/Src/freertos.o
                0x00000000080017b4                StartTask05
 .text.MX_GPIO_Init
                0x0000000008001804      0x228 ./Core/Src/gpio.o
                0x0000000008001804                MX_GPIO_Init
 .text.MX_I2C1_Init
                0x0000000008001a2c       0x5c ./Core/Src/i2c.o
                0x0000000008001a2c                MX_I2C1_Init
 .text.MX_I2C2_Init
                0x0000000008001a88       0x5c ./Core/Src/i2c.o
                0x0000000008001a88                MX_I2C2_Init
 .text.HAL_I2C_MspInit
                0x0000000008001ae4       0xfc ./Core/Src/i2c.o
                0x0000000008001ae4                HAL_I2C_MspInit
 .text.HAL_TIM_IC_CaptureCallback
                0x0000000008001be0       0x70 ./Core/Src/main.o
                0x0000000008001be0                HAL_TIM_IC_CaptureCallback
 .text.main     0x0000000008001c50       0xcc ./Core/Src/main.o
                0x0000000008001c50                main
 .text.SystemClock_Config
                0x0000000008001d1c       0xd4 ./Core/Src/main.o
                0x0000000008001d1c                SystemClock_Config
 .text.HAL_UART_RxCpltCallback
                0x0000000008001df0       0x14 ./Core/Src/main.o
                0x0000000008001df0                HAL_UART_RxCpltCallback
 .text.HAL_TIM_PeriodElapsedCallback
                0x0000000008001e04       0x6c ./Core/Src/main.o
                0x0000000008001e04                HAL_TIM_PeriodElapsedCallback
 .text.Error_Handler
                0x0000000008001e70        0xa ./Core/Src/main.o
                0x0000000008001e70                Error_Handler
 *fill*         0x0000000008001e7a        0x2 
 .text.MX_SPI1_Init
                0x0000000008001e7c       0x6c ./Core/Src/spi.o
                0x0000000008001e7c                MX_SPI1_Init
 .text.HAL_SPI_MspInit
                0x0000000008001ee8       0xd0 ./Core/Src/spi.o
                0x0000000008001ee8                HAL_SPI_MspInit
 .text.HAL_MspInit
                0x0000000008001fb8       0x58 ./Core/Src/stm32f4xx_hal_msp.o
                0x0000000008001fb8                HAL_MspInit
 .text.HAL_InitTick
                0x0000000008002010       0xf8 ./Core/Src/stm32f4xx_hal_timebase_tim.o
                0x0000000008002010                HAL_InitTick
 .text.NMI_Handler
                0x0000000008002108        0x6 ./Core/Src/stm32f4xx_it.o
                0x0000000008002108                NMI_Handler
 .text.HardFault_Handler
                0x000000000800210e        0x6 ./Core/Src/stm32f4xx_it.o
                0x000000000800210e                HardFault_Handler
 .text.MemManage_Handler
                0x0000000008002114        0x6 ./Core/Src/stm32f4xx_it.o
                0x0000000008002114                MemManage_Handler
 .text.BusFault_Handler
                0x000000000800211a        0x6 ./Core/Src/stm32f4xx_it.o
                0x000000000800211a                BusFault_Handler
 .text.UsageFault_Handler
                0x0000000008002120        0x6 ./Core/Src/stm32f4xx_it.o
                0x0000000008002120                UsageFault_Handler
 .text.DebugMon_Handler
                0x0000000008002126        0xe ./Core/Src/stm32f4xx_it.o
                0x0000000008002126                DebugMon_Handler
 .text.DMA1_Stream5_IRQHandler
                0x0000000008002134       0x14 ./Core/Src/stm32f4xx_it.o
                0x0000000008002134                DMA1_Stream5_IRQHandler
 .text.TIM2_IRQHandler
                0x0000000008002148       0x14 ./Core/Src/stm32f4xx_it.o
                0x0000000008002148                TIM2_IRQHandler
 .text.TIM3_IRQHandler
                0x000000000800215c       0x14 ./Core/Src/stm32f4xx_it.o
                0x000000000800215c                TIM3_IRQHandler
 .text.TIM4_IRQHandler
                0x0000000008002170       0x14 ./Core/Src/stm32f4xx_it.o
                0x0000000008002170                TIM4_IRQHandler
 .text.TIM8_UP_TIM13_IRQHandler
                0x0000000008002184       0x1c ./Core/Src/stm32f4xx_it.o
                0x0000000008002184                TIM8_UP_TIM13_IRQHandler
 .text.TIM6_DAC_IRQHandler
                0x00000000080021a0       0x14 ./Core/Src/stm32f4xx_it.o
                0x00000000080021a0                TIM6_DAC_IRQHandler
 .text.TIM7_IRQHandler
                0x00000000080021b4       0x14 ./Core/Src/stm32f4xx_it.o
                0x00000000080021b4                TIM7_IRQHandler
 .text.SystemInit
                0x00000000080021c8       0x24 ./Core/Src/system_stm32f4xx.o
                0x00000000080021c8                SystemInit
 .text.MX_TIM1_Init
                0x00000000080021ec       0xb0 ./Core/Src/tim.o
                0x00000000080021ec                MX_TIM1_Init
 .text.MX_TIM2_Init
                0x000000000800229c       0xa8 ./Core/Src/tim.o
                0x000000000800229c                MX_TIM2_Init
 .text.MX_TIM3_Init
                0x0000000008002344       0xa8 ./Core/Src/tim.o
                0x0000000008002344                MX_TIM3_Init
 .text.MX_TIM4_Init
                0x00000000080023ec       0xa8 ./Core/Src/tim.o
                0x00000000080023ec                MX_TIM4_Init
 .text.MX_TIM7_Init
                0x0000000008002494       0x6c ./Core/Src/tim.o
                0x0000000008002494                MX_TIM7_Init
 .text.MX_TIM8_Init
                0x0000000008002500       0xb0 ./Core/Src/tim.o
                0x0000000008002500                MX_TIM8_Init
 .text.MX_TIM9_Init
                0x00000000080025b0       0xd8 ./Core/Src/tim.o
                0x00000000080025b0                MX_TIM9_Init
 .text.MX_TIM12_Init
                0x0000000008002688       0xd8 ./Core/Src/tim.o
                0x0000000008002688                MX_TIM12_Init
 .text.MX_TIM13_Init
                0x0000000008002760       0x44 ./Core/Src/tim.o
                0x0000000008002760                MX_TIM13_Init
 .text.HAL_TIM_Encoder_MspInit
                0x00000000080027a4      0x2bc ./Core/Src/tim.o
                0x00000000080027a4                HAL_TIM_Encoder_MspInit
 .text.HAL_TIM_Base_MspInit
                0x0000000008002a60       0xe4 ./Core/Src/tim.o
                0x0000000008002a60                HAL_TIM_Base_MspInit
 .text.HAL_TIM_MspPostInit
                0x0000000008002b44       0xc4 ./Core/Src/tim.o
                0x0000000008002b44                HAL_TIM_MspPostInit
 .text.MX_UART4_Init
                0x0000000008002c08       0x54 ./Core/Src/usart.o
                0x0000000008002c08                MX_UART4_Init
 .text.MX_UART5_Init
                0x0000000008002c5c       0x54 ./Core/Src/usart.o
                0x0000000008002c5c                MX_UART5_Init
 .text.MX_USART1_UART_Init
                0x0000000008002cb0       0x54 ./Core/Src/usart.o
                0x0000000008002cb0                MX_USART1_UART_Init
 .text.MX_USART2_UART_Init
                0x0000000008002d04       0x54 ./Core/Src/usart.o
                0x0000000008002d04                MX_USART2_UART_Init
 .text.MX_USART3_UART_Init
                0x0000000008002d58       0x54 ./Core/Src/usart.o
                0x0000000008002d58                MX_USART3_UART_Init
 .text.HAL_UART_MspInit
                0x0000000008002dac      0x2e8 ./Core/Src/usart.o
                0x0000000008002dac                HAL_UART_MspInit
 .text.Reset_Handler
                0x0000000008003094       0x50 ./Core/Startup/startup_stm32f407vgtx.o
                0x0000000008003094                Reset_Handler
 .text.Default_Handler
                0x00000000080030e4        0x2 ./Core/Startup/startup_stm32f407vgtx.o
                0x00000000080030e4                RTC_Alarm_IRQHandler
                0x00000000080030e4                HASH_RNG_IRQHandler
                0x00000000080030e4                EXTI2_IRQHandler
                0x00000000080030e4                TIM8_CC_IRQHandler
                0x00000000080030e4                TIM1_CC_IRQHandler
                0x00000000080030e4                DMA2_Stream5_IRQHandler
                0x00000000080030e4                PVD_IRQHandler
                0x00000000080030e4                SDIO_IRQHandler
                0x00000000080030e4                TAMP_STAMP_IRQHandler
                0x00000000080030e4                CAN2_RX1_IRQHandler
                0x00000000080030e4                EXTI3_IRQHandler
                0x00000000080030e4                TIM8_TRG_COM_TIM14_IRQHandler
                0x00000000080030e4                TIM1_UP_TIM10_IRQHandler
                0x00000000080030e4                I2C3_ER_IRQHandler
                0x00000000080030e4                EXTI0_IRQHandler
                0x00000000080030e4                I2C2_EV_IRQHandler
                0x00000000080030e4                DMA1_Stream2_IRQHandler
                0x00000000080030e4                CAN1_RX0_IRQHandler
                0x00000000080030e4                FPU_IRQHandler
                0x00000000080030e4                OTG_HS_WKUP_IRQHandler
                0x00000000080030e4                CAN2_SCE_IRQHandler
                0x00000000080030e4                DMA2_Stream2_IRQHandler
                0x00000000080030e4                SPI1_IRQHandler
                0x00000000080030e4                TIM1_BRK_TIM9_IRQHandler
                0x00000000080030e4                DCMI_IRQHandler
                0x00000000080030e4                CAN2_RX0_IRQHandler
                0x00000000080030e4                DMA2_Stream3_IRQHandler
                0x00000000080030e4                USART6_IRQHandler
                0x00000000080030e4                USART3_IRQHandler
                0x00000000080030e4                CAN1_RX1_IRQHandler
                0x00000000080030e4                UART5_IRQHandler
                0x00000000080030e4                DMA2_Stream0_IRQHandler
                0x00000000080030e4                I2C1_EV_IRQHandler
                0x00000000080030e4                DMA1_Stream6_IRQHandler
                0x00000000080030e4                DMA1_Stream1_IRQHandler
                0x00000000080030e4                UART4_IRQHandler
                0x00000000080030e4                RCC_IRQHandler
                0x00000000080030e4                TIM8_BRK_TIM12_IRQHandler
                0x00000000080030e4                Default_Handler
                0x00000000080030e4                EXTI15_10_IRQHandler
                0x00000000080030e4                ADC_IRQHandler
                0x00000000080030e4                DMA1_Stream7_IRQHandler
                0x00000000080030e4                CAN2_TX_IRQHandler
                0x00000000080030e4                TIM5_IRQHandler
                0x00000000080030e4                DMA2_Stream7_IRQHandler
                0x00000000080030e4                I2C3_EV_IRQHandler
                0x00000000080030e4                EXTI9_5_IRQHandler
                0x00000000080030e4                RTC_WKUP_IRQHandler
                0x00000000080030e4                ETH_WKUP_IRQHandler
                0x00000000080030e4                SPI2_IRQHandler
                0x00000000080030e4                OTG_HS_EP1_IN_IRQHandler
                0x00000000080030e4                DMA1_Stream0_IRQHandler
                0x00000000080030e4                CAN1_TX_IRQHandler
                0x00000000080030e4                EXTI4_IRQHandler
                0x00000000080030e4                FSMC_IRQHandler
                0x00000000080030e4                ETH_IRQHandler
                0x00000000080030e4                OTG_HS_EP1_OUT_IRQHandler
                0x00000000080030e4                WWDG_IRQHandler
                0x00000000080030e4                OTG_FS_WKUP_IRQHandler
                0x00000000080030e4                TIM1_TRG_COM_TIM11_IRQHandler
                0x00000000080030e4                OTG_HS_IRQHandler
                0x00000000080030e4                EXTI1_IRQHandler
                0x00000000080030e4                USART2_IRQHandler
                0x00000000080030e4                I2C2_ER_IRQHandler
                0x00000000080030e4                DMA2_Stream1_IRQHandler
                0x00000000080030e4                CAN1_SCE_IRQHandler
                0x00000000080030e4                FLASH_IRQHandler
                0x00000000080030e4                DMA2_Stream4_IRQHandler
                0x00000000080030e4                USART1_IRQHandler
                0x00000000080030e4                OTG_FS_IRQHandler
                0x00000000080030e4                SPI3_IRQHandler
                0x00000000080030e4                DMA1_Stream4_IRQHandler
                0x00000000080030e4                I2C1_ER_IRQHandler
                0x00000000080030e4                DMA2_Stream6_IRQHandler
                0x00000000080030e4                DMA1_Stream3_IRQHandler
 *fill*         0x00000000080030e6        0x2 
 .text.HAL_Init
                0x00000000080030e8       0x44 ./Drivers/STM32F4xx_HAL_Driver/Src/stm32f4xx_hal.o
                0x00000000080030e8                HAL_Init
 .text.HAL_IncTick
                0x000000000800312c       0x28 ./Drivers/STM32F4xx_HAL_Driver/Src/stm32f4xx_hal.o
                0x000000000800312c                HAL_IncTick
 .text.HAL_GetTick
                0x0000000008003154       0x18 ./Drivers/STM32F4xx_HAL_Driver/Src/stm32f4xx_hal.o
                0x0000000008003154                HAL_GetTick
 .text.HAL_ADC_Init
                0x000000000800316c       0x86 ./Drivers/STM32F4xx_HAL_Driver/Src/stm32f4xx_hal_adc.o
                0x000000000800316c                HAL_ADC_Init
 *fill*         0x00000000080031f2        0x2 
 .text.HAL_ADC_ConfigChannel
                0x00000000080031f4      0x244 ./Drivers/STM32F4xx_HAL_Driver/Src/stm32f4xx_hal_adc.o
                0x00000000080031f4                HAL_ADC_ConfigChannel
 .text.ADC_Init
                0x0000000008003438      0x1f8 ./Drivers/STM32F4xx_HAL_Driver/Src/stm32f4xx_hal_adc.o
 .text.HAL_CAN_Init
                0x0000000008003630      0x1f6 ./Drivers/STM32F4xx_HAL_Driver/Src/stm32f4xx_hal_can.o
                0x0000000008003630                HAL_CAN_Init
 *fill*         0x0000000008003826        0x2 
 .text.__NVIC_SetPriorityGrouping
                0x0000000008003828       0x48 ./Drivers/STM32F4xx_HAL_Driver/Src/stm32f4xx_hal_cortex.o
 .text.__NVIC_GetPriorityGrouping
                0x0000000008003870       0x1c ./Drivers/STM32F4xx_HAL_Driver/Src/stm32f4xx_hal_cortex.o
 .text.__NVIC_EnableIRQ
                0x000000000800388c       0x3c ./Drivers/STM32F4xx_HAL_Driver/Src/stm32f4xx_hal_cortex.o
 .text.__NVIC_SetPriority
                0x00000000080038c8       0x54 ./Drivers/STM32F4xx_HAL_Driver/Src/stm32f4xx_hal_cortex.o
 .text.NVIC_EncodePriority
                0x000000000800391c       0x66 ./Drivers/STM32F4xx_HAL_Driver/Src/stm32f4xx_hal_cortex.o
 .text.HAL_NVIC_SetPriorityGrouping
                0x0000000008003982       0x16 ./Drivers/STM32F4xx_HAL_Driver/Src/stm32f4xx_hal_cortex.o
                0x0000000008003982                HAL_NVIC_SetPriorityGrouping
 .text.HAL_NVIC_SetPriority
                0x0000000008003998       0x38 ./Drivers/STM32F4xx_HAL_Driver/Src/stm32f4xx_hal_cortex.o
                0x0000000008003998                HAL_NVIC_SetPriority
 .text.HAL_NVIC_EnableIRQ
                0x00000000080039d0       0x1c ./Drivers/STM32F4xx_HAL_Driver/Src/stm32f4xx_hal_cortex.o
                0x00000000080039d0                HAL_NVIC_EnableIRQ
 .text.HAL_DMA_Init
                0x00000000080039ec      0x15c ./Drivers/STM32F4xx_HAL_Driver/Src/stm32f4xx_hal_dma.o
                0x00000000080039ec                HAL_DMA_Init
 .text.HAL_DMA_Start_IT
                0x0000000008003b48       0xb0 ./Drivers/STM32F4xx_HAL_Driver/Src/stm32f4xx_hal_dma.o
                0x0000000008003b48                HAL_DMA_Start_IT
 .text.HAL_DMA_IRQHandler
                0x0000000008003bf8      0x314 ./Drivers/STM32F4xx_HAL_Driver/Src/stm32f4xx_hal_dma.o
                0x0000000008003bf8                HAL_DMA_IRQHandler
 .text.DMA_SetConfig
                0x0000000008003f0c       0x5c ./Drivers/STM32F4xx_HAL_Driver/Src/stm32f4xx_hal_dma.o
 .text.DMA_CalcBaseAndBitshift
                0x0000000008003f68       0x6c ./Drivers/STM32F4xx_HAL_Driver/Src/stm32f4xx_hal_dma.o
 .text.DMA_CheckFifoParam
                0x0000000008003fd4       0xf8 ./Drivers/STM32F4xx_HAL_Driver/Src/stm32f4xx_hal_dma.o
 .text.HAL_GPIO_Init
                0x00000000080040cc      0x338 ./Drivers/STM32F4xx_HAL_Driver/Src/stm32f4xx_hal_gpio.o
                0x00000000080040cc                HAL_GPIO_Init
 .text.HAL_GPIO_WritePin
                0x0000000008004404       0x32 ./Drivers/STM32F4xx_HAL_Driver/Src/stm32f4xx_hal_gpio.o
                0x0000000008004404                HAL_GPIO_WritePin
 *fill*         0x0000000008004436        0x2 
 .text.HAL_I2C_Init
                0x0000000008004438      0x288 ./Drivers/STM32F4xx_HAL_Driver/Src/stm32f4xx_hal_i2c.o
                0x0000000008004438                HAL_I2C_Init
 .text.HAL_RCC_OscConfig
                0x00000000080046c0      0x4f0 ./Drivers/STM32F4xx_HAL_Driver/Src/stm32f4xx_hal_rcc.o
                0x00000000080046c0                HAL_RCC_OscConfig
 .text.HAL_RCC_ClockConfig
                0x0000000008004bb0      0x1cc ./Drivers/STM32F4xx_HAL_Driver/Src/stm32f4xx_hal_rcc.o
                0x0000000008004bb0                HAL_RCC_ClockConfig
 .text.HAL_RCC_GetSysClockFreq
                0x0000000008004d7c      0x20c ./Drivers/STM32F4xx_HAL_Driver/Src/stm32f4xx_hal_rcc.o
                0x0000000008004d7c                HAL_RCC_GetSysClockFreq
 .text.HAL_RCC_GetHCLKFreq
                0x0000000008004f88       0x18 ./Drivers/STM32F4xx_HAL_Driver/Src/stm32f4xx_hal_rcc.o
                0x0000000008004f88                HAL_RCC_GetHCLKFreq
 .text.HAL_RCC_GetPCLK1Freq
                0x0000000008004fa0       0x28 ./Drivers/STM32F4xx_HAL_Driver/Src/stm32f4xx_hal_rcc.o
                0x0000000008004fa0                HAL_RCC_GetPCLK1Freq
 .text.HAL_RCC_GetPCLK2Freq
                0x0000000008004fc8       0x28 ./Drivers/STM32F4xx_HAL_Driver/Src/stm32f4xx_hal_rcc.o
                0x0000000008004fc8                HAL_RCC_GetPCLK2Freq
 .text.HAL_RCC_GetClockConfig
                0x0000000008004ff0       0x64 ./Drivers/STM32F4xx_HAL_Driver/Src/stm32f4xx_hal_rcc.o
                0x0000000008004ff0                HAL_RCC_GetClockConfig
 .text.HAL_SPI_Init
                0x0000000008005054      0x112 ./Drivers/STM32F4xx_HAL_Driver/Src/stm32f4xx_hal_spi.o
                0x0000000008005054                HAL_SPI_Init
 .text.HAL_TIM_Base_Init
                0x0000000008005166       0x9e ./Drivers/STM32F4xx_HAL_Driver/Src/stm32f4xx_hal_tim.o
                0x0000000008005166                HAL_TIM_Base_Init
 .text.HAL_TIM_Base_Start_IT
                0x0000000008005204       0xe0 ./Drivers/STM32F4xx_HAL_Driver/Src/stm32f4xx_hal_tim.o
                0x0000000008005204                HAL_TIM_Base_Start_IT
 .text.HAL_TIM_PWM_Init
                0x00000000080052e4       0x9e ./Drivers/STM32F4xx_HAL_Driver/Src/stm32f4xx_hal_tim.o
                0x00000000080052e4                HAL_TIM_PWM_Init
 .text.HAL_TIM_PWM_MspInit
                0x0000000008005382       0x14 ./Drivers/STM32F4xx_HAL_Driver/Src/stm32f4xx_hal_tim.o
                0x0000000008005382                HAL_TIM_PWM_MspInit
 *fill*         0x0000000008005396        0x2 
 .text.HAL_TIM_PWM_Start
                0x0000000008005398      0x190 ./Drivers/STM32F4xx_HAL_Driver/Src/stm32f4xx_hal_tim.o
                0x0000000008005398                HAL_TIM_PWM_Start
 .text.HAL_TIM_Encoder_Init
                0x0000000008005528      0x14c ./Drivers/STM32F4xx_HAL_Driver/Src/stm32f4xx_hal_tim.o
                0x0000000008005528                HAL_TIM_Encoder_Init
 .text.HAL_TIM_Encoder_Start_IT
                0x0000000008005674      0x15c ./Drivers/STM32F4xx_HAL_Driver/Src/stm32f4xx_hal_tim.o
                0x0000000008005674                HAL_TIM_Encoder_Start_IT
 .text.HAL_TIM_IRQHandler
                0x00000000080057d0      0x210 ./Drivers/STM32F4xx_HAL_Driver/Src/stm32f4xx_hal_tim.o
                0x00000000080057d0                HAL_TIM_IRQHandler
 .text.HAL_TIM_PWM_ConfigChannel
                0x00000000080059e0      0x184 ./Drivers/STM32F4xx_HAL_Driver/Src/stm32f4xx_hal_tim.o
                0x00000000080059e0                HAL_TIM_PWM_ConfigChannel
 .text.HAL_TIM_ConfigClockSource
                0x0000000008005b64      0x18e ./Drivers/STM32F4xx_HAL_Driver/Src/stm32f4xx_hal_tim.o
                0x0000000008005b64                HAL_TIM_ConfigClockSource
 .text.HAL_TIM_OC_DelayElapsedCallback
                0x0000000008005cf2       0x14 ./Drivers/STM32F4xx_HAL_Driver/Src/stm32f4xx_hal_tim.o
                0x0000000008005cf2                HAL_TIM_OC_DelayElapsedCallback
 .text.HAL_TIM_PWM_PulseFinishedCallback
                0x0000000008005d06       0x14 ./Drivers/STM32F4xx_HAL_Driver/Src/stm32f4xx_hal_tim.o
                0x0000000008005d06                HAL_TIM_PWM_PulseFinishedCallback
 .text.HAL_TIM_TriggerCallback
                0x0000000008005d1a       0x14 ./Drivers/STM32F4xx_HAL_Driver/Src/stm32f4xx_hal_tim.o
                0x0000000008005d1a                HAL_TIM_TriggerCallback
 *fill*         0x0000000008005d2e        0x2 
 .text.TIM_Base_SetConfig
                0x0000000008005d30      0x140 ./Drivers/STM32F4xx_HAL_Driver/Src/stm32f4xx_hal_tim.o
                0x0000000008005d30                TIM_Base_SetConfig
 .text.TIM_OC1_SetConfig
                0x0000000008005e70       0xe0 ./Drivers/STM32F4xx_HAL_Driver/Src/stm32f4xx_hal_tim.o
 .text.TIM_OC2_SetConfig
                0x0000000008005f50       0xec ./Drivers/STM32F4xx_HAL_Driver/Src/stm32f4xx_hal_tim.o
                0x0000000008005f50                TIM_OC2_SetConfig
 .text.TIM_OC3_SetConfig
                0x000000000800603c       0xe8 ./Drivers/STM32F4xx_HAL_Driver/Src/stm32f4xx_hal_tim.o
 .text.TIM_OC4_SetConfig
                0x0000000008006124       0xac ./Drivers/STM32F4xx_HAL_Driver/Src/stm32f4xx_hal_tim.o
 .text.TIM_TI1_ConfigInputStage
                0x00000000080061d0       0x5e ./Drivers/STM32F4xx_HAL_Driver/Src/stm32f4xx_hal_tim.o
 .text.TIM_TI2_ConfigInputStage
                0x000000000800622e       0x60 ./Drivers/STM32F4xx_HAL_Driver/Src/stm32f4xx_hal_tim.o
 .text.TIM_ITRx_SetConfig
                0x000000000800628e       0x36 ./Drivers/STM32F4xx_HAL_Driver/Src/stm32f4xx_hal_tim.o
 .text.TIM_ETR_SetConfig
                0x00000000080062c4       0x40 ./Drivers/STM32F4xx_HAL_Driver/Src/stm32f4xx_hal_tim.o
                0x00000000080062c4                TIM_ETR_SetConfig
 .text.TIM_CCxChannelCmd
                0x0000000008006304       0x4a ./Drivers/STM32F4xx_HAL_Driver/Src/stm32f4xx_hal_tim.o
                0x0000000008006304                TIM_CCxChannelCmd
 *fill*         0x000000000800634e        0x2 
 .text.HAL_TIMEx_MasterConfigSynchronization
                0x0000000008006350       0xf8 ./Drivers/STM32F4xx_HAL_Driver/Src/stm32f4xx_hal_tim_ex.o
                0x0000000008006350                HAL_TIMEx_MasterConfigSynchronization
 .text.HAL_TIMEx_CommutCallback
                0x0000000008006448       0x14 ./Drivers/STM32F4xx_HAL_Driver/Src/stm32f4xx_hal_tim_ex.o
                0x0000000008006448                HAL_TIMEx_CommutCallback
 .text.HAL_TIMEx_BreakCallback
                0x000000000800645c       0x14 ./Drivers/STM32F4xx_HAL_Driver/Src/stm32f4xx_hal_tim_ex.o
                0x000000000800645c                HAL_TIMEx_BreakCallback
 .text.HAL_UART_Init
                0x0000000008006470       0x9a ./Drivers/STM32F4xx_HAL_Driver/Src/stm32f4xx_hal_uart.o
                0x0000000008006470                HAL_UART_Init
 .text.HAL_UART_Receive_DMA
                0x000000000800650a       0x60 ./Drivers/STM32F4xx_HAL_Driver/Src/stm32f4xx_hal_uart.o
                0x000000000800650a                HAL_UART_Receive_DMA
 .text.HAL_UART_RxHalfCpltCallback
                0x000000000800656a       0x14 ./Drivers/STM32F4xx_HAL_Driver/Src/stm32f4xx_hal_uart.o
                0x000000000800656a                HAL_UART_RxHalfCpltCallback
 .text.HAL_UART_ErrorCallback
                0x000000000800657e       0x14 ./Drivers/STM32F4xx_HAL_Driver/Src/stm32f4xx_hal_uart.o
                0x000000000800657e                HAL_UART_ErrorCallback
 .text.HAL_UARTEx_RxEventCallback
                0x0000000008006592       0x18 ./Drivers/STM32F4xx_HAL_Driver/Src/stm32f4xx_hal_uart.o
                0x0000000008006592                HAL_UARTEx_RxEventCallback
 .text.UART_DMAReceiveCplt
                0x00000000080065aa      0x126 ./Drivers/STM32F4xx_HAL_Driver/Src/stm32f4xx_hal_uart.o
 .text.UART_DMARxHalfCplt
                0x00000000080066d0       0x36 ./Drivers/STM32F4xx_HAL_Driver/Src/stm32f4xx_hal_uart.o
 .text.UART_DMAError
                0x0000000008006706       0x94 ./Drivers/STM32F4xx_HAL_Driver/Src/stm32f4xx_hal_uart.o
 *fill*         0x000000000800679a        0x2 
 .text.UART_Start_Receive_DMA
                0x000000000800679c      0x13c ./Drivers/STM32F4xx_HAL_Driver/Src/stm32f4xx_hal_uart.o
                0x000000000800679c                UART_Start_Receive_DMA
 .text.UART_EndTxTransfer
                0x00000000080068d8       0x50 ./Drivers/STM32F4xx_HAL_Driver/Src/stm32f4xx_hal_uart.o
 .text.UART_EndRxTransfer
                0x0000000008006928       0xc6 ./Drivers/STM32F4xx_HAL_Driver/Src/stm32f4xx_hal_uart.o
 *fill*         0x00000000080069ee        0x2 
 .text.UART_SetConfig
                0x00000000080069f0      0x4e8 ./Drivers/STM32F4xx_HAL_Driver/Src/stm32f4xx_hal_uart.o
 .text.makeFreeRtosPriority
                0x0000000008006ed8       0x30 ./Middlewares/Third_Party/FreeRTOS/Source/CMSIS_RTOS/cmsis_os.o
 .text.osKernelStart
                0x0000000008006f08        0xe ./Middlewares/Third_Party/FreeRTOS/Source/CMSIS_RTOS/cmsis_os.o
                0x0000000008006f08                osKernelStart
 .text.osThreadCreate
                0x0000000008006f16       0x98 ./Middlewares/Third_Party/FreeRTOS/Source/CMSIS_RTOS/cmsis_os.o
                0x0000000008006f16                osThreadCreate
 .text.osDelay  0x0000000008006fae       0x28 ./Middlewares/Third_Party/FreeRTOS/Source/CMSIS_RTOS/cmsis_os.o
                0x0000000008006fae                osDelay
 .text.osMutexCreate
                0x0000000008006fd6       0x30 ./Middlewares/Third_Party/FreeRTOS/Source/CMSIS_RTOS/cmsis_os.o
                0x0000000008006fd6                osMutexCreate
 .text.vListInitialise
                0x0000000008007006       0x40 ./Middlewares/Third_Party/FreeRTOS/Source/list.o
                0x0000000008007006                vListInitialise
 .text.vListInitialiseItem
                0x0000000008007046       0x1a ./Middlewares/Third_Party/FreeRTOS/Source/list.o
                0x0000000008007046                vListInitialiseItem
 .text.vListInsertEnd
                0x0000000008007060       0x48 ./Middlewares/Third_Party/FreeRTOS/Source/list.o
                0x0000000008007060                vListInsertEnd
 .text.vListInsert
                0x00000000080070a8       0x72 ./Middlewares/Third_Party/FreeRTOS/Source/list.o
                0x00000000080070a8                vListInsert
 .text.uxListRemove
                0x000000000800711a       0x54 ./Middlewares/Third_Party/FreeRTOS/Source/list.o
                0x000000000800711a                uxListRemove
 *fill*         0x000000000800716e        0x2 
 .text.xQueueGenericReset
                0x0000000008007170       0xd0 ./Middlewares/Third_Party/FreeRTOS/Source/queue.o
                0x0000000008007170                xQueueGenericReset
 .text.xQueueGenericCreateStatic
                0x0000000008007240       0xf0 ./Middlewares/Third_Party/FreeRTOS/Source/queue.o
                0x0000000008007240                xQueueGenericCreateStatic
 .text.xQueueGenericCreate
                0x0000000008007330       0x74 ./Middlewares/Third_Party/FreeRTOS/Source/queue.o
                0x0000000008007330                xQueueGenericCreate
 .text.prvInitialiseNewQueue
                0x00000000080073a4       0x3e ./Middlewares/Third_Party/FreeRTOS/Source/queue.o
 .text.prvInitialiseMutex
                0x00000000080073e2       0x34 ./Middlewares/Third_Party/FreeRTOS/Source/queue.o
 .text.xQueueCreateMutex
                0x0000000008007416       0x30 ./Middlewares/Third_Party/FreeRTOS/Source/queue.o
                0x0000000008007416                xQueueCreateMutex
 .text.xQueueCreateMutexStatic
                0x0000000008007446       0x36 ./Middlewares/Third_Party/FreeRTOS/Source/queue.o
                0x0000000008007446                xQueueCreateMutexStatic
 .text.xQueueGenericSend
                0x000000000800747c      0x1fc ./Middlewares/Third_Party/FreeRTOS/Source/queue.o
                0x000000000800747c                xQueueGenericSend
 .text.prvCopyDataToQueue
                0x0000000008007678       0xd4 ./Middlewares/Third_Party/FreeRTOS/Source/queue.o
 .text.prvUnlockQueue
                0x000000000800774c       0xa4 ./Middlewares/Third_Party/FreeRTOS/Source/queue.o
 .text.prvIsQueueFull
                0x00000000080077f0       0x30 ./Middlewares/Third_Party/FreeRTOS/Source/queue.o
 .text.xTaskCreateStatic
                0x0000000008007820       0xba ./Middlewares/Third_Party/FreeRTOS/Source/tasks.o
                0x0000000008007820                xTaskCreateStatic
 .text.xTaskCreate
                0x00000000080078da       0x8a ./Middlewares/Third_Party/FreeRTOS/Source/tasks.o
                0x00000000080078da                xTaskCreate
 .text.prvInitialiseNewTask
                0x0000000008007964      0x13c ./Middlewares/Third_Party/FreeRTOS/Source/tasks.o
 .text.prvAddNewTaskToReadyList
                0x0000000008007aa0       0xd4 ./Middlewares/Third_Party/FreeRTOS/Source/tasks.o
 .text.vTaskDelay
                0x0000000008007b74       0x68 ./Middlewares/Third_Party/FreeRTOS/Source/tasks.o
                0x0000000008007b74                vTaskDelay
 .text.vTaskStartScheduler
                0x0000000008007bdc       0xd4 ./Middlewares/Third_Party/FreeRTOS/Source/tasks.o
                0x0000000008007bdc                vTaskStartScheduler
 .text.vTaskSuspendAll
                0x0000000008007cb0       0x1c ./Middlewares/Third_Party/FreeRTOS/Source/tasks.o
                0x0000000008007cb0                vTaskSuspendAll
 .text.xTaskResumeAll
                0x0000000008007ccc      0x138 ./Middlewares/Third_Party/FreeRTOS/Source/tasks.o
                0x0000000008007ccc                xTaskResumeAll
 .text.xTaskIncrementTick
                0x0000000008007e04      0x170 ./Middlewares/Third_Party/FreeRTOS/Source/tasks.o
                0x0000000008007e04                xTaskIncrementTick
 .text.vTaskSwitchContext
                0x0000000008007f74       0xc4 ./Middlewares/Third_Party/FreeRTOS/Source/tasks.o
                0x0000000008007f74                vTaskSwitchContext
 .text.vTaskPlaceOnEventList
                0x0000000008008038       0x48 ./Middlewares/Third_Party/FreeRTOS/Source/tasks.o
                0x0000000008008038                vTaskPlaceOnEventList
 .text.xTaskRemoveFromEventList
                0x0000000008008080       0xc4 ./Middlewares/Third_Party/FreeRTOS/Source/tasks.o
                0x0000000008008080                xTaskRemoveFromEventList
 .text.vTaskInternalSetTimeOutState
                0x0000000008008144       0x2c ./Middlewares/Third_Party/FreeRTOS/Source/tasks.o
                0x0000000008008144                vTaskInternalSetTimeOutState
 .text.xTaskCheckForTimeOut
                0x0000000008008170       0xc4 ./Middlewares/Third_Party/FreeRTOS/Source/tasks.o
                0x0000000008008170                xTaskCheckForTimeOut
 .text.vTaskMissedYield
                0x0000000008008234       0x18 ./Middlewares/Third_Party/FreeRTOS/Source/tasks.o
                0x0000000008008234                vTaskMissedYield
 .text.prvIdleTask
                0x000000000800824c       0x30 ./Middlewares/Third_Party/FreeRTOS/Source/tasks.o
 .text.prvInitialiseTaskLists
                0x000000000800827c       0x80 ./Middlewares/Third_Party/FreeRTOS/Source/tasks.o
 .text.prvCheckTasksWaitingTermination
                0x00000000080082fc       0x5c ./Middlewares/Third_Party/FreeRTOS/Source/tasks.o
 .text.prvDeleteTCB
                0x0000000008008358       0x68 ./Middlewares/Third_Party/FreeRTOS/Source/tasks.o
 .text.prvResetNextTaskUnblockTime
                0x00000000080083c0       0x40 ./Middlewares/Third_Party/FreeRTOS/Source/tasks.o
 .text.xTaskGetSchedulerState
                0x0000000008008400       0x3c ./Middlewares/Third_Party/FreeRTOS/Source/tasks.o
                0x0000000008008400                xTaskGetSchedulerState
 .text.xTaskPriorityDisinherit
                0x000000000800843c      0x10c ./Middlewares/Third_Party/FreeRTOS/Source/tasks.o
                0x000000000800843c                xTaskPriorityDisinherit
 .text.prvAddCurrentTaskToDelayedList
                0x0000000008008548       0xcc ./Middlewares/Third_Party/FreeRTOS/Source/tasks.o
 .text.pxPortInitialiseStack
                0x0000000008008614       0x68 ./Middlewares/Third_Party/FreeRTOS/Source/portable/GCC/ARM_CM4F/port.o
                0x0000000008008614                pxPortInitialiseStack
 .text.prvTaskExitError
                0x000000000800867c       0x58 ./Middlewares/Third_Party/FreeRTOS/Source/portable/GCC/ARM_CM4F/port.o
 *fill*         0x00000000080086d4        0xc 
 .text.SVC_Handler
                0x00000000080086e0       0x28 ./Middlewares/Third_Party/FreeRTOS/Source/portable/GCC/ARM_CM4F/port.o
                0x00000000080086e0                SVC_Handler
 .text.prvPortStartFirstTask
                0x0000000008008708       0x28 ./Middlewares/Third_Party/FreeRTOS/Source/portable/GCC/ARM_CM4F/port.o
 .text.xPortStartScheduler
                0x0000000008008730      0x144 ./Middlewares/Third_Party/FreeRTOS/Source/portable/GCC/ARM_CM4F/port.o
                0x0000000008008730                xPortStartScheduler
 .text.vPortEnterCritical
                0x0000000008008874       0x60 ./Middlewares/Third_Party/FreeRTOS/Source/portable/GCC/ARM_CM4F/port.o
                0x0000000008008874                vPortEnterCritical
 .text.vPortExitCritical
                0x00000000080088d4       0x54 ./Middlewares/Third_Party/FreeRTOS/Source/portable/GCC/ARM_CM4F/port.o
                0x00000000080088d4                vPortExitCritical
 *fill*         0x0000000008008928        0x8 
 .text.PendSV_Handler
                0x0000000008008930       0x68 ./Middlewares/Third_Party/FreeRTOS/Source/portable/GCC/ARM_CM4F/port.o
                0x0000000008008930                PendSV_Handler
 .text.SysTick_Handler
                0x0000000008008998       0x44 ./Middlewares/Third_Party/FreeRTOS/Source/portable/GCC/ARM_CM4F/port.o
                0x0000000008008998                SysTick_Handler
 .text.vPortSetupTimerInterrupt
                0x00000000080089dc       0x48 ./Middlewares/Third_Party/FreeRTOS/Source/portable/GCC/ARM_CM4F/port.o
                0x00000000080089dc                vPortSetupTimerInterrupt
 .text.vPortEnableVFP
                0x0000000008008a24       0x14 ./Middlewares/Third_Party/FreeRTOS/Source/portable/GCC/ARM_CM4F/port.o
 .text.pvPortMalloc
                0x0000000008008a38      0x198 ./Middlewares/Third_Party/FreeRTOS/Source/portable/MemMang/heap_4.o
                0x0000000008008a38                pvPortMalloc
 .text.vPortFree
                0x0000000008008bd0       0xc4 ./Middlewares/Third_Party/FreeRTOS/Source/portable/MemMang/heap_4.o
                0x0000000008008bd0                vPortFree
 .text.prvHeapInit
                0x0000000008008c94       0xc4 ./Middlewares/Third_Party/FreeRTOS/Source/portable/MemMang/heap_4.o
 .text.prvInsertBlockIntoFreeList
                0x0000000008008d58       0xb4 ./Middlewares/Third_Party/FreeRTOS/Source/portable/MemMang/heap_4.o
 .text.__libc_init_array
                0x0000000008008e0c       0x48 c:/st/stm32cubeide_1.12.0/stm32cubeide/plugins/com.st.stm32cube.ide.mcu.externaltools.gnu-tools-for-stm32.10.3-2021.10.win32_1.0.200.202301161003/tools/bin/../lib/gcc/arm-none-eabi/10.3.1/../../../../arm-none-eabi/lib/thumb/v7e-m+fp/hard\libc_nano.a(lib_a-init.o)
                0x0000000008008e0c                __libc_init_array
 .text.__retarget_lock_acquire_recursive
                0x0000000008008e54        0x2 c:/st/stm32cubeide_1.12.0/stm32cubeide/plugins/com.st.stm32cube.ide.mcu.externaltools.gnu-tools-for-stm32.10.3-2021.10.win32_1.0.200.202301161003/tools/bin/../lib/gcc/arm-none-eabi/10.3.1/../../../../arm-none-eabi/lib/thumb/v7e-m+fp/hard\libc_nano.a(lib_a-lock.o)
                0x0000000008008e54                __retarget_lock_acquire_recursive
 .text.__retarget_lock_release_recursive
                0x0000000008008e56        0x2 c:/st/stm32cubeide_1.12.0/stm32cubeide/plugins/com.st.stm32cube.ide.mcu.externaltools.gnu-tools-for-stm32.10.3-2021.10.win32_1.0.200.202301161003/tools/bin/../lib/gcc/arm-none-eabi/10.3.1/../../../../arm-none-eabi/lib/thumb/v7e-m+fp/hard\libc_nano.a(lib_a-lock.o)
                0x0000000008008e56                __retarget_lock_release_recursive
 .text.memcpy   0x0000000008008e58       0x1c c:/st/stm32cubeide_1.12.0/stm32cubeide/plugins/com.st.stm32cube.ide.mcu.externaltools.gnu-tools-for-stm32.10.3-2021.10.win32_1.0.200.202301161003/tools/bin/../lib/gcc/arm-none-eabi/10.3.1/../../../../arm-none-eabi/lib/thumb/v7e-m+fp/hard\libc_nano.a(lib_a-memcpy-stub.o)
                0x0000000008008e58                memcpy
 .text.memset   0x0000000008008e74       0x10 c:/st/stm32cubeide_1.12.0/stm32cubeide/plugins/com.st.stm32cube.ide.mcu.externaltools.gnu-tools-for-stm32.10.3-2021.10.win32_1.0.200.202301161003/tools/bin/../lib/gcc/arm-none-eabi/10.3.1/../../../../arm-none-eabi/lib/thumb/v7e-m+fp/hard\libc_nano.a(lib_a-memset.o)
                0x0000000008008e74                memset
 .text.cleanup_glue
                0x0000000008008e84       0x1a c:/st/stm32cubeide_1.12.0/stm32cubeide/plugins/com.st.stm32cube.ide.mcu.externaltools.gnu-tools-for-stm32.10.3-2021.10.win32_1.0.200.202301161003/tools/bin/../lib/gcc/arm-none-eabi/10.3.1/../../../../arm-none-eabi/lib/thumb/v7e-m+fp/hard\libc_nano.a(lib_a-reent.o)
                0x0000000008008e84                cleanup_glue
 *fill*         0x0000000008008e9e        0x2 
 .text._reclaim_reent
                0x0000000008008ea0       0xb8 c:/st/stm32cubeide_1.12.0/stm32cubeide/plugins/com.st.stm32cube.ide.mcu.externaltools.gnu-tools-for-stm32.10.3-2021.10.win32_1.0.200.202301161003/tools/bin/../lib/gcc/arm-none-eabi/10.3.1/../../../../arm-none-eabi/lib/thumb/v7e-m+fp/hard\libc_nano.a(lib_a-reent.o)
                0x0000000008008ea0                _reclaim_reent
 .text.__malloc_lock
                0x0000000008008f58        0xc c:/st/stm32cubeide_1.12.0/stm32cubeide/plugins/com.st.stm32cube.ide.mcu.externaltools.gnu-tools-for-stm32.10.3-2021.10.win32_1.0.200.202301161003/tools/bin/../lib/gcc/arm-none-eabi/10.3.1/../../../../arm-none-eabi/lib/thumb/v7e-m+fp/hard\libc_nano.a(lib_a-mlock.o)
                0x0000000008008f58                __malloc_lock
 .text.__malloc_unlock
                0x0000000008008f64        0xc c:/st/stm32cubeide_1.12.0/stm32cubeide/plugins/com.st.stm32cube.ide.mcu.externaltools.gnu-tools-for-stm32.10.3-2021.10.win32_1.0.200.202301161003/tools/bin/../lib/gcc/arm-none-eabi/10.3.1/../../../../arm-none-eabi/lib/thumb/v7e-m+fp/hard\libc_nano.a(lib_a-mlock.o)
                0x0000000008008f64                __malloc_unlock
 .text._free_r  0x0000000008008f70       0x98 c:/st/stm32cubeide_1.12.0/stm32cubeide/plugins/com.st.stm32cube.ide.mcu.externaltools.gnu-tools-for-stm32.10.3-2021.10.win32_1.0.200.202301161003/tools/bin/../lib/gcc/arm-none-eabi/10.3.1/../../../../arm-none-eabi/lib/thumb/v7e-m+fp/hard\libc_nano.a(lib_a-nano-freer.o)
                0x0000000008008f70                _free_r
 *(.glue_7)
 .glue_7        0x0000000008009008        0x0 linker stubs
 *(.glue_7t)
 .glue_7t       0x0000000008009008        0x0 linker stubs
 *(.eh_frame)
 .eh_frame      0x0000000008009008        0x0 c:/st/stm32cubeide_1.12.0/stm32cubeide/plugins/com.st.stm32cube.ide.mcu.externaltools.gnu-tools-for-stm32.10.3-2021.10.win32_1.0.200.202301161003/tools/bin/../lib/gcc/arm-none-eabi/10.3.1/thumb/v7e-m+fp/hard/crtbegin.o
 *(.init)
 .init          0x0000000008009008        0x4 c:/st/stm32cubeide_1.12.0/stm32cubeide/plugins/com.st.stm32cube.ide.mcu.externaltools.gnu-tools-for-stm32.10.3-2021.10.win32_1.0.200.202301161003/tools/bin/../lib/gcc/arm-none-eabi/10.3.1/thumb/v7e-m+fp/hard/crti.o
                0x0000000008009008                _init
 .init          0x000000000800900c        0x8 c:/st/stm32cubeide_1.12.0/stm32cubeide/plugins/com.st.stm32cube.ide.mcu.externaltools.gnu-tools-for-stm32.10.3-2021.10.win32_1.0.200.202301161003/tools/bin/../lib/gcc/arm-none-eabi/10.3.1/thumb/v7e-m+fp/hard/crtn.o
 *(.fini)
 .fini          0x0000000008009014        0x4 c:/st/stm32cubeide_1.12.0/stm32cubeide/plugins/com.st.stm32cube.ide.mcu.externaltools.gnu-tools-for-stm32.10.3-2021.10.win32_1.0.200.202301161003/tools/bin/../lib/gcc/arm-none-eabi/10.3.1/thumb/v7e-m+fp/hard/crti.o
                0x0000000008009014                _fini
 .fini          0x0000000008009018        0x8 c:/st/stm32cubeide_1.12.0/stm32cubeide/plugins/com.st.stm32cube.ide.mcu.externaltools.gnu-tools-for-stm32.10.3-2021.10.win32_1.0.200.202301161003/tools/bin/../lib/gcc/arm-none-eabi/10.3.1/thumb/v7e-m+fp/hard/crtn.o
                0x0000000008009020                . = ALIGN (0x4)
                0x0000000008009020                _etext = .

.vfp11_veneer   0x0000000008009020        0x0
 .vfp11_veneer  0x0000000008009020        0x0 linker stubs

.v4_bx          0x0000000008009020        0x0
 .v4_bx         0x0000000008009020        0x0 linker stubs

.iplt           0x0000000008009020        0x0
 .iplt          0x0000000008009020        0x0 c:/st/stm32cubeide_1.12.0/stm32cubeide/plugins/com.st.stm32cube.ide.mcu.externaltools.gnu-tools-for-stm32.10.3-2021.10.win32_1.0.200.202301161003/tools/bin/../lib/gcc/arm-none-eabi/10.3.1/thumb/v7e-m+fp/hard/crtbegin.o

.rodata         0x0000000008009020      0x13c
                0x0000000008009020                . = ALIGN (0x4)
 *(.rodata)
 .rodata        0x0000000008009020       0xb4 ./Core/Src/freertos.o
 .rodata        0x00000000080090d4        0x5 ./Middlewares/Third_Party/FreeRTOS/Source/tasks.o
 *(.rodata*)
 *fill*         0x00000000080090d9        0x3 
 .rodata.AHBPrescTable
                0x00000000080090dc       0x10 ./Core/Src/system_stm32f4xx.o
                0x00000000080090dc                AHBPrescTable
 .rodata.APBPrescTable
                0x00000000080090ec        0x8 ./Core/Src/system_stm32f4xx.o
                0x00000000080090ec                APBPrescTable
 .rodata.flagBitshiftOffset.0
                0x00000000080090f4        0x8 ./Drivers/STM32F4xx_HAL_Driver/Src/stm32f4xx_hal_dma.o
 .rodata.__sf_fake_stderr
                0x00000000080090fc       0x20 c:/st/stm32cubeide_1.12.0/stm32cubeide/plugins/com.st.stm32cube.ide.mcu.externaltools.gnu-tools-for-stm32.10.3-2021.10.win32_1.0.200.202301161003/tools/bin/../lib/gcc/arm-none-eabi/10.3.1/../../../../arm-none-eabi/lib/thumb/v7e-m+fp/hard\libc_nano.a(lib_a-findfp.o)
                0x00000000080090fc                __sf_fake_stderr
 .rodata.__sf_fake_stdin
                0x000000000800911c       0x20 c:/st/stm32cubeide_1.12.0/stm32cubeide/plugins/com.st.stm32cube.ide.mcu.externaltools.gnu-tools-for-stm32.10.3-2021.10.win32_1.0.200.202301161003/tools/bin/../lib/gcc/arm-none-eabi/10.3.1/../../../../arm-none-eabi/lib/thumb/v7e-m+fp/hard\libc_nano.a(lib_a-findfp.o)
                0x000000000800911c                __sf_fake_stdin
 .rodata.__sf_fake_stdout
                0x000000000800913c       0x20 c:/st/stm32cubeide_1.12.0/stm32cubeide/plugins/com.st.stm32cube.ide.mcu.externaltools.gnu-tools-for-stm32.10.3-2021.10.win32_1.0.200.202301161003/tools/bin/../lib/gcc/arm-none-eabi/10.3.1/../../../../arm-none-eabi/lib/thumb/v7e-m+fp/hard\libc_nano.a(lib_a-findfp.o)
                0x000000000800913c                __sf_fake_stdout
                0x000000000800915c                . = ALIGN (0x4)

.ARM.extab      0x000000000800915c        0x0
                0x000000000800915c                . = ALIGN (0x4)
 *(.ARM.extab* .gnu.linkonce.armextab.*)
                0x000000000800915c                . = ALIGN (0x4)

.ARM            0x000000000800915c        0x8
                0x000000000800915c                . = ALIGN (0x4)
                0x000000000800915c                __exidx_start = .
 *(.ARM.exidx*)
 .ARM.exidx     0x000000000800915c        0x8 c:/st/stm32cubeide_1.12.0/stm32cubeide/plugins/com.st.stm32cube.ide.mcu.externaltools.gnu-tools-for-stm32.10.3-2021.10.win32_1.0.200.202301161003/tools/bin/../lib/gcc/arm-none-eabi/10.3.1/thumb/v7e-m+fp/hard\libgcc.a(_udivmoddi4.o)
                0x0000000008009164                __exidx_end = .
                0x0000000008009164                . = ALIGN (0x4)

.rel.dyn        0x0000000008009164        0x0
 .rel.iplt      0x0000000008009164        0x0 c:/st/stm32cubeide_1.12.0/stm32cubeide/plugins/com.st.stm32cube.ide.mcu.externaltools.gnu-tools-for-stm32.10.3-2021.10.win32_1.0.200.202301161003/tools/bin/../lib/gcc/arm-none-eabi/10.3.1/thumb/v7e-m+fp/hard/crtbegin.o

.preinit_array  0x0000000008009164        0x0
                0x0000000008009164                . = ALIGN (0x4)
                0x0000000008009164                PROVIDE (__preinit_array_start = .)
 *(.preinit_array*)
                0x0000000008009164                PROVIDE (__preinit_array_end = .)
                0x0000000008009164                . = ALIGN (0x4)

.init_array     0x0000000008009164        0x4
                0x0000000008009164                . = ALIGN (0x4)
                0x0000000008009164                PROVIDE (__init_array_start = .)
 *(SORT_BY_NAME(.init_array.*))
 *(.init_array*)
 .init_array    0x0000000008009164        0x4 c:/st/stm32cubeide_1.12.0/stm32cubeide/plugins/com.st.stm32cube.ide.mcu.externaltools.gnu-tools-for-stm32.10.3-2021.10.win32_1.0.200.202301161003/tools/bin/../lib/gcc/arm-none-eabi/10.3.1/thumb/v7e-m+fp/hard/crtbegin.o
                0x0000000008009168                PROVIDE (__init_array_end = .)
                0x0000000008009168                . = ALIGN (0x4)

.fini_array     0x0000000008009168        0x4
                0x0000000008009168                . = ALIGN (0x4)
                [!provide]                        PROVIDE (__fini_array_start = .)
 *(SORT_BY_NAME(.fini_array.*))
 *(.fini_array*)
 .fini_array    0x0000000008009168        0x4 c:/st/stm32cubeide_1.12.0/stm32cubeide/plugins/com.st.stm32cube.ide.mcu.externaltools.gnu-tools-for-stm32.10.3-2021.10.win32_1.0.200.202301161003/tools/bin/../lib/gcc/arm-none-eabi/10.3.1/thumb/v7e-m+fp/hard/crtbegin.o
                [!provide]                        PROVIDE (__fini_array_end = .)
                0x000000000800916c                . = ALIGN (0x4)
                0x000000000800916c                _sidata = LOADADDR (.data)

.data           0x0000000020000000       0x88 load address 0x000000000800916c
                0x0000000020000000                . = ALIGN (0x4)
                0x0000000020000000                _sdata = .
 *(.data)
 *(.data*)
 .data.KP_motor
                0x0000000020000000        0x4 ./Core/Src/main.o
                0x0000000020000000                KP_motor
 .data.KI_motor
                0x0000000020000004        0x4 ./Core/Src/main.o
                0x0000000020000004                KI_motor
 .data.KD_motor
                0x0000000020000008        0x4 ./Core/Src/main.o
                0x0000000020000008                KD_motor
 .data.PID_dt   0x000000002000000c        0x4 ./Core/Src/main.o
                0x000000002000000c                PID_dt
 .data.joystick_bt_timeout
                0x0000000020000010        0x4 ./Core/Src/main.o
                0x0000000020000010                joystick_bt_timeout
 .data.SystemCoreClock
                0x0000000020000014        0x4 ./Core/Src/system_stm32f4xx.o
                0x0000000020000014                SystemCoreClock
 .data.uwTickPrio
                0x0000000020000018        0x4 ./Drivers/STM32F4xx_HAL_Driver/Src/stm32f4xx_hal.o
                0x0000000020000018                uwTickPrio
 .data.uwTickFreq
                0x000000002000001c        0x1 ./Drivers/STM32F4xx_HAL_Driver/Src/stm32f4xx_hal.o
                0x000000002000001c                uwTickFreq
 *fill*         0x000000002000001d        0x3 
 .data.uxCriticalNesting
                0x0000000020000020        0x4 ./Middlewares/Third_Party/FreeRTOS/Source/portable/GCC/ARM_CM4F/port.o
 .data._impure_ptr
                0x0000000020000024        0x4 c:/st/stm32cubeide_1.12.0/stm32cubeide/plugins/com.st.stm32cube.ide.mcu.externaltools.gnu-tools-for-stm32.10.3-2021.10.win32_1.0.200.202301161003/tools/bin/../lib/gcc/arm-none-eabi/10.3.1/../../../../arm-none-eabi/lib/thumb/v7e-m+fp/hard\libc_nano.a(lib_a-impure.o)
                0x0000000020000024                _impure_ptr
 .data.impure_data
                0x0000000020000028       0x60 c:/st/stm32cubeide_1.12.0/stm32cubeide/plugins/com.st.stm32cube.ide.mcu.externaltools.gnu-tools-for-stm32.10.3-2021.10.win32_1.0.200.202301161003/tools/bin/../lib/gcc/arm-none-eabi/10.3.1/../../../../arm-none-eabi/lib/thumb/v7e-m+fp/hard\libc_nano.a(lib_a-impure.o)
 *(.RamFunc)
 *(.RamFunc*)
                0x0000000020000088                . = ALIGN (0x4)
                0x0000000020000088                _edata = .
                0x00000000080091f4                _siccmram = LOADADDR (.ccmram)

.igot.plt       0x0000000020000088        0x0 load address 0x00000000080091f4
 .igot.plt      0x0000000020000088        0x0 c:/st/stm32cubeide_1.12.0/stm32cubeide/plugins/com.st.stm32cube.ide.mcu.externaltools.gnu-tools-for-stm32.10.3-2021.10.win32_1.0.200.202301161003/tools/bin/../lib/gcc/arm-none-eabi/10.3.1/thumb/v7e-m+fp/hard/crtbegin.o

.ccmram         0x0000000010000000        0x0 load address 0x00000000080091f4
                0x0000000010000000                . = ALIGN (0x4)
                0x0000000010000000                _sccmram = .
 *(.ccmram)
 *(.ccmram*)
                0x0000000010000000                . = ALIGN (0x4)
                0x0000000010000000                _eccmram = .
                0x0000000010000000                . = ALIGN (0x4)

.bss            0x0000000020000088     0x46c8
                0x0000000020000088                _sbss = .
                0x0000000020000088                __bss_start__ = _sbss
 *(.bss)
 .bss           0x0000000020000088       0x1c c:/st/stm32cubeide_1.12.0/stm32cubeide/plugins/com.st.stm32cube.ide.mcu.externaltools.gnu-tools-for-stm32.10.3-2021.10.win32_1.0.200.202301161003/tools/bin/../lib/gcc/arm-none-eabi/10.3.1/thumb/v7e-m+fp/hard/crtbegin.o
 *(.bss*)
 .bss.hadc1     0x00000000200000a4       0x48 ./Core/Src/adc.o
                0x00000000200000a4                hadc1
 .bss.hcan1     0x00000000200000ec       0x28 ./Core/Src/can.o
                0x00000000200000ec                hcan1
 .bss.Task01Handle
                0x0000000020000114        0x4 ./Core/Src/freertos.o
                0x0000000020000114                Task01Handle
 .bss.Task02Handle
                0x0000000020000118        0x4 ./Core/Src/freertos.o
                0x0000000020000118                Task02Handle
 .bss.Task03Handle
                0x000000002000011c        0x4 ./Core/Src/freertos.o
                0x000000002000011c                Task03Handle
 .bss.Task04Handle
                0x0000000020000120        0x4 ./Core/Src/freertos.o
                0x0000000020000120                Task04Handle
 .bss.Task05Handle
                0x0000000020000124        0x4 ./Core/Src/freertos.o
                0x0000000020000124                Task05Handle
 .bss.Mutex01Handle
                0x0000000020000128        0x4 ./Core/Src/freertos.o
                0x0000000020000128                Mutex01Handle
 .bss.xIdleTaskTCBBuffer
                0x000000002000012c       0xb4 ./Core/Src/freertos.o
 .bss.xIdleStack
                0x00000000200001e0      0x200 ./Core/Src/freertos.o
 .bss.hi2c1     0x00000000200003e0       0x54 ./Core/Src/i2c.o
                0x00000000200003e0                hi2c1
 .bss.hi2c2     0x0000000020000434       0x54 ./Core/Src/i2c.o
                0x0000000020000434                hi2c2
 .bss.encoder   0x0000000020000488        0xc ./Core/Src/main.o
                0x0000000020000488                encoder
 .bss.motor_velo
                0x0000000020000494        0x6 ./Core/Src/main.o
                0x0000000020000494                motor_velo
 *fill*         0x000000002000049a        0x2 
 .bss.motor_SetPoint
                0x000000002000049c        0x6 ./Core/Src/main.o
                0x000000002000049c                motor_SetPoint
 *fill*         0x00000000200004a2        0x2 
 .bss.proportional_motor
                0x00000000200004a4        0xc ./Core/Src/main.o
                0x00000000200004a4                proportional_motor
 .bss.integral_motor
                0x00000000200004b0        0xc ./Core/Src/main.o
                0x00000000200004b0                integral_motor
 .bss.derivative_motor
                0x00000000200004bc        0xc ./Core/Src/main.o
                0x00000000200004bc                derivative_motor
 .bss.prev_enc  0x00000000200004c8        0xc ./Core/Src/main.o
                0x00000000200004c8                prev_enc
 .bss.error_velo_motor
                0x00000000200004d4        0xc ./Core/Src/main.o
                0x00000000200004d4                error_velo_motor
 .bss.previous_error_velo_motor
                0x00000000200004e0        0xc ./Core/Src/main.o
                0x00000000200004e0                previous_error_velo_motor
 .bss.outputPWM
                0x00000000200004ec        0xc ./Core/Src/main.o
                0x00000000200004ec                outputPWM
 .bss.joystick_buf
                0x00000000200004f8        0xe ./Core/Src/main.o
                0x00000000200004f8                joystick_buf
 .bss.joystick_x_buf
                0x0000000020000506        0x1 ./Core/Src/main.o
                0x0000000020000506                joystick_x_buf
 .bss.joystick_y_buf
                0x0000000020000507        0x1 ./Core/Src/main.o
                0x0000000020000507                joystick_y_buf
 .bss.joystick_z_buf
                0x0000000020000508        0x1 ./Core/Src/main.o
                0x0000000020000508                joystick_z_buf
 .bss.joystick_x
                0x0000000020000509        0x1 ./Core/Src/main.o
                0x0000000020000509                joystick_x
 .bss.joystick_y
                0x000000002000050a        0x1 ./Core/Src/main.o
                0x000000002000050a                joystick_y
 .bss.joystick_z
                0x000000002000050b        0x1 ./Core/Src/main.o
                0x000000002000050b                joystick_z
 .bss.joystick_bt_counter
                0x000000002000050c        0x4 ./Core/Src/main.o
                0x000000002000050c                joystick_bt_counter
 .bss.dummy     0x0000000020000510        0x4 ./Core/Src/main.o
                0x0000000020000510                dummy
 .bss.hspi1     0x0000000020000514       0x58 ./Core/Src/spi.o
                0x0000000020000514                hspi1
 .bss.htim6     0x000000002000056c       0x48 ./Core/Src/stm32f4xx_hal_timebase_tim.o
                0x000000002000056c                htim6
 .bss.htim1     0x00000000200005b4       0x48 ./Core/Src/tim.o
                0x00000000200005b4                htim1
 .bss.htim2     0x00000000200005fc       0x48 ./Core/Src/tim.o
                0x00000000200005fc                htim2
 .bss.htim3     0x0000000020000644       0x48 ./Core/Src/tim.o
                0x0000000020000644                htim3
 .bss.htim4     0x000000002000068c       0x48 ./Core/Src/tim.o
                0x000000002000068c                htim4
 .bss.htim7     0x00000000200006d4       0x48 ./Core/Src/tim.o
                0x00000000200006d4                htim7
 .bss.htim8     0x000000002000071c       0x48 ./Core/Src/tim.o
                0x000000002000071c                htim8
 .bss.htim9     0x0000000020000764       0x48 ./Core/Src/tim.o
                0x0000000020000764                htim9
 .bss.htim12    0x00000000200007ac       0x48 ./Core/Src/tim.o
                0x00000000200007ac                htim12
 .bss.htim13    0x00000000200007f4       0x48 ./Core/Src/tim.o
                0x00000000200007f4                htim13
 .bss.huart4    0x000000002000083c       0x44 ./Core/Src/usart.o
                0x000000002000083c                huart4
 .bss.huart5    0x0000000020000880       0x44 ./Core/Src/usart.o
                0x0000000020000880                huart5
 .bss.huart1    0x00000000200008c4       0x44 ./Core/Src/usart.o
                0x00000000200008c4                huart1
 .bss.huart2    0x0000000020000908       0x44 ./Core/Src/usart.o
                0x0000000020000908                huart2
 .bss.huart3    0x000000002000094c       0x44 ./Core/Src/usart.o
                0x000000002000094c                huart3
 .bss.hdma_usart2_rx
                0x0000000020000990       0x60 ./Core/Src/usart.o
                0x0000000020000990                hdma_usart2_rx
 .bss.uwTick    0x00000000200009f0        0x4 ./Drivers/STM32F4xx_HAL_Driver/Src/stm32f4xx_hal.o
                0x00000000200009f0                uwTick
 .bss.pxCurrentTCB
                0x00000000200009f4        0x4 ./Middlewares/Third_Party/FreeRTOS/Source/tasks.o
                0x00000000200009f4                pxCurrentTCB
 .bss.pxReadyTasksLists
                0x00000000200009f8       0x8c ./Middlewares/Third_Party/FreeRTOS/Source/tasks.o
 .bss.xDelayedTaskList1
                0x0000000020000a84       0x14 ./Middlewares/Third_Party/FreeRTOS/Source/tasks.o
 .bss.xDelayedTaskList2
                0x0000000020000a98       0x14 ./Middlewares/Third_Party/FreeRTOS/Source/tasks.o
 .bss.pxDelayedTaskList
                0x0000000020000aac        0x4 ./Middlewares/Third_Party/FreeRTOS/Source/tasks.o
 .bss.pxOverflowDelayedTaskList
                0x0000000020000ab0        0x4 ./Middlewares/Third_Party/FreeRTOS/Source/tasks.o
 .bss.xPendingReadyList
                0x0000000020000ab4       0x14 ./Middlewares/Third_Party/FreeRTOS/Source/tasks.o
 .bss.xTasksWaitingTermination
                0x0000000020000ac8       0x14 ./Middlewares/Third_Party/FreeRTOS/Source/tasks.o
 .bss.uxDeletedTasksWaitingCleanUp
                0x0000000020000adc        0x4 ./Middlewares/Third_Party/FreeRTOS/Source/tasks.o
 .bss.xSuspendedTaskList
                0x0000000020000ae0       0x14 ./Middlewares/Third_Party/FreeRTOS/Source/tasks.o
 .bss.uxCurrentNumberOfTasks
                0x0000000020000af4        0x4 ./Middlewares/Third_Party/FreeRTOS/Source/tasks.o
 .bss.xTickCount
                0x0000000020000af8        0x4 ./Middlewares/Third_Party/FreeRTOS/Source/tasks.o
 .bss.uxTopReadyPriority
                0x0000000020000afc        0x4 ./Middlewares/Third_Party/FreeRTOS/Source/tasks.o
 .bss.xSchedulerRunning
                0x0000000020000b00        0x4 ./Middlewares/Third_Party/FreeRTOS/Source/tasks.o
 .bss.xPendedTicks
                0x0000000020000b04        0x4 ./Middlewares/Third_Party/FreeRTOS/Source/tasks.o
 .bss.xYieldPending
                0x0000000020000b08        0x4 ./Middlewares/Third_Party/FreeRTOS/Source/tasks.o
 .bss.xNumOfOverflows
                0x0000000020000b0c        0x4 ./Middlewares/Third_Party/FreeRTOS/Source/tasks.o
 .bss.uxTaskNumber
                0x0000000020000b10        0x4 ./Middlewares/Third_Party/FreeRTOS/Source/tasks.o
 .bss.xNextTaskUnblockTime
                0x0000000020000b14        0x4 ./Middlewares/Third_Party/FreeRTOS/Source/tasks.o
 .bss.xIdleTaskHandle
                0x0000000020000b18        0x4 ./Middlewares/Third_Party/FreeRTOS/Source/tasks.o
 .bss.uxSchedulerSuspended
                0x0000000020000b1c        0x4 ./Middlewares/Third_Party/FreeRTOS/Source/tasks.o
 .bss.ucMaxSysCallPriority
                0x0000000020000b20        0x1 ./Middlewares/Third_Party/FreeRTOS/Source/portable/GCC/ARM_CM4F/port.o
 *fill*         0x0000000020000b21        0x3 
 .bss.ulMaxPRIGROUPValue
                0x0000000020000b24        0x4 ./Middlewares/Third_Party/FreeRTOS/Source/portable/GCC/ARM_CM4F/port.o
 .bss.ucHeap    0x0000000020000b28     0x3c00 ./Middlewares/Third_Party/FreeRTOS/Source/portable/MemMang/heap_4.o
 .bss.xStart    0x0000000020004728        0x8 ./Middlewares/Third_Party/FreeRTOS/Source/portable/MemMang/heap_4.o
 .bss.pxEnd     0x0000000020004730        0x4 ./Middlewares/Third_Party/FreeRTOS/Source/portable/MemMang/heap_4.o
 .bss.xFreeBytesRemaining
                0x0000000020004734        0x4 ./Middlewares/Third_Party/FreeRTOS/Source/portable/MemMang/heap_4.o
 .bss.xMinimumEverFreeBytesRemaining
                0x0000000020004738        0x4 ./Middlewares/Third_Party/FreeRTOS/Source/portable/MemMang/heap_4.o
 .bss.xNumberOfSuccessfulAllocations
                0x000000002000473c        0x4 ./Middlewares/Third_Party/FreeRTOS/Source/portable/MemMang/heap_4.o
 .bss.xNumberOfSuccessfulFrees
                0x0000000020004740        0x4 ./Middlewares/Third_Party/FreeRTOS/Source/portable/MemMang/heap_4.o
 .bss.xBlockAllocatedBit
                0x0000000020004744        0x4 ./Middlewares/Third_Party/FreeRTOS/Source/portable/MemMang/heap_4.o
 .bss.__lock___malloc_recursive_mutex
                0x0000000020004748        0x1 c:/st/stm32cubeide_1.12.0/stm32cubeide/plugins/com.st.stm32cube.ide.mcu.externaltools.gnu-tools-for-stm32.10.3-2021.10.win32_1.0.200.202301161003/tools/bin/../lib/gcc/arm-none-eabi/10.3.1/../../../../arm-none-eabi/lib/thumb/v7e-m+fp/hard\libc_nano.a(lib_a-lock.o)
                0x0000000020004748                __lock___malloc_recursive_mutex
 *fill*         0x0000000020004749        0x3 
 .bss.__malloc_free_list
                0x000000002000474c        0x4 c:/st/stm32cubeide_1.12.0/stm32cubeide/plugins/com.st.stm32cube.ide.mcu.externaltools.gnu-tools-for-stm32.10.3-2021.10.win32_1.0.200.202301161003/tools/bin/../lib/gcc/arm-none-eabi/10.3.1/../../../../arm-none-eabi/lib/thumb/v7e-m+fp/hard\libc_nano.a(lib_a-nano-mallocr.o)
                0x000000002000474c                __malloc_free_list
 *(COMMON)
                0x0000000020004750                . = ALIGN (0x4)
                0x0000000020004750                _ebss = .
                0x0000000020004750                __bss_end__ = _ebss

._user_heap_stack
                0x0000000020004750      0x600
                0x0000000020004750                . = ALIGN (0x8)
                [!provide]                        PROVIDE (end = .)
                0x0000000020004750                PROVIDE (_end = .)
                0x0000000020004950                . = (. + _Min_Heap_Size)
 *fill*         0x0000000020004750      0x200 
                0x0000000020004d50                . = (. + _Min_Stack_Size)
 *fill*         0x0000000020004950      0x400 
                0x0000000020004d50                . = ALIGN (0x8)

/DISCARD/
 libc.a(*)
 libm.a(*)
 libgcc.a(*)

.ARM.attributes
                0x0000000000000000       0x30
 *(.ARM.attributes)
 .ARM.attributes
                0x0000000000000000       0x1e c:/st/stm32cubeide_1.12.0/stm32cubeide/plugins/com.st.stm32cube.ide.mcu.externaltools.gnu-tools-for-stm32.10.3-2021.10.win32_1.0.200.202301161003/tools/bin/../lib/gcc/arm-none-eabi/10.3.1/thumb/v7e-m+fp/hard/crti.o
 .ARM.attributes
                0x000000000000001e       0x34 c:/st/stm32cubeide_1.12.0/stm32cubeide/plugins/com.st.stm32cube.ide.mcu.externaltools.gnu-tools-for-stm32.10.3-2021.10.win32_1.0.200.202301161003/tools/bin/../lib/gcc/arm-none-eabi/10.3.1/thumb/v7e-m+fp/hard/crtbegin.o
 .ARM.attributes
                0x0000000000000052       0x34 ./Core/Src/adc.o
 .ARM.attributes
                0x0000000000000086       0x34 ./Core/Src/can.o
 .ARM.attributes
                0x00000000000000ba       0x34 ./Core/Src/control_motor.o
 .ARM.attributes
                0x00000000000000ee       0x34 ./Core/Src/dma.o
 .ARM.attributes
                0x0000000000000122       0x34 ./Core/Src/freertos.o
 .ARM.attributes
                0x0000000000000156       0x34 ./Core/Src/gpio.o
 .ARM.attributes
                0x000000000000018a       0x34 ./Core/Src/i2c.o
 .ARM.attributes
                0x00000000000001be       0x34 ./Core/Src/main.o
 .ARM.attributes
                0x00000000000001f2       0x34 ./Core/Src/spi.o
 .ARM.attributes
                0x0000000000000226       0x34 ./Core/Src/stm32f4xx_hal_msp.o
 .ARM.attributes
                0x000000000000025a       0x34 ./Core/Src/stm32f4xx_hal_timebase_tim.o
 .ARM.attributes
                0x000000000000028e       0x34 ./Core/Src/stm32f4xx_it.o
 .ARM.attributes
                0x00000000000002c2       0x34 ./Core/Src/system_stm32f4xx.o
 .ARM.attributes
                0x00000000000002f6       0x34 ./Core/Src/tim.o
 .ARM.attributes
                0x000000000000032a       0x34 ./Core/Src/usart.o
 .ARM.attributes
                0x000000000000035e       0x21 ./Core/Startup/startup_stm32f407vgtx.o
 .ARM.attributes
                0x000000000000037f       0x34 ./Drivers/STM32F4xx_HAL_Driver/Src/stm32f4xx_hal.o
 .ARM.attributes
                0x00000000000003b3       0x34 ./Drivers/STM32F4xx_HAL_Driver/Src/stm32f4xx_hal_adc.o
 .ARM.attributes
                0x00000000000003e7       0x34 ./Drivers/STM32F4xx_HAL_Driver/Src/stm32f4xx_hal_can.o
 .ARM.attributes
                0x000000000000041b       0x34 ./Drivers/STM32F4xx_HAL_Driver/Src/stm32f4xx_hal_cortex.o
 .ARM.attributes
                0x000000000000044f       0x34 ./Drivers/STM32F4xx_HAL_Driver/Src/stm32f4xx_hal_dma.o
 .ARM.attributes
                0x0000000000000483       0x34 ./Drivers/STM32F4xx_HAL_Driver/Src/stm32f4xx_hal_gpio.o
 .ARM.attributes
                0x00000000000004b7       0x34 ./Drivers/STM32F4xx_HAL_Driver/Src/stm32f4xx_hal_i2c.o
 .ARM.attributes
                0x00000000000004eb       0x34 ./Drivers/STM32F4xx_HAL_Driver/Src/stm32f4xx_hal_rcc.o
 .ARM.attributes
                0x000000000000051f       0x34 ./Drivers/STM32F4xx_HAL_Driver/Src/stm32f4xx_hal_spi.o
 .ARM.attributes
                0x0000000000000553       0x34 ./Drivers/STM32F4xx_HAL_Driver/Src/stm32f4xx_hal_tim.o
 .ARM.attributes
                0x0000000000000587       0x34 ./Drivers/STM32F4xx_HAL_Driver/Src/stm32f4xx_hal_tim_ex.o
 .ARM.attributes
                0x00000000000005bb       0x34 ./Drivers/STM32F4xx_HAL_Driver/Src/stm32f4xx_hal_uart.o
 .ARM.attributes
                0x00000000000005ef       0x34 ./Middlewares/Third_Party/FreeRTOS/Source/CMSIS_RTOS/cmsis_os.o
 .ARM.attributes
                0x0000000000000623       0x34 ./Middlewares/Third_Party/FreeRTOS/Source/list.o
 .ARM.attributes
                0x0000000000000657       0x34 ./Middlewares/Third_Party/FreeRTOS/Source/queue.o
 .ARM.attributes
                0x000000000000068b       0x34 ./Middlewares/Third_Party/FreeRTOS/Source/tasks.o
 .ARM.attributes
                0x00000000000006bf       0x34 ./Middlewares/Third_Party/FreeRTOS/Source/portable/GCC/ARM_CM4F/port.o
 .ARM.attributes
                0x00000000000006f3       0x34 ./Middlewares/Third_Party/FreeRTOS/Source/portable/MemMang/heap_4.o
 .ARM.attributes
                0x0000000000000727       0x34 c:/st/stm32cubeide_1.12.0/stm32cubeide/plugins/com.st.stm32cube.ide.mcu.externaltools.gnu-tools-for-stm32.10.3-2021.10.win32_1.0.200.202301161003/tools/bin/../lib/gcc/arm-none-eabi/10.3.1/../../../../arm-none-eabi/lib/thumb/v7e-m+fp/hard\libc_nano.a(lib_a-findfp.o)
 .ARM.attributes
                0x000000000000075b       0x34 c:/st/stm32cubeide_1.12.0/stm32cubeide/plugins/com.st.stm32cube.ide.mcu.externaltools.gnu-tools-for-stm32.10.3-2021.10.win32_1.0.200.202301161003/tools/bin/../lib/gcc/arm-none-eabi/10.3.1/../../../../arm-none-eabi/lib/thumb/v7e-m+fp/hard\libc_nano.a(lib_a-impure.o)
 .ARM.attributes
                0x000000000000078f       0x34 c:/st/stm32cubeide_1.12.0/stm32cubeide/plugins/com.st.stm32cube.ide.mcu.externaltools.gnu-tools-for-stm32.10.3-2021.10.win32_1.0.200.202301161003/tools/bin/../lib/gcc/arm-none-eabi/10.3.1/../../../../arm-none-eabi/lib/thumb/v7e-m+fp/hard\libc_nano.a(lib_a-init.o)
 .ARM.attributes
                0x00000000000007c3       0x34 c:/st/stm32cubeide_1.12.0/stm32cubeide/plugins/com.st.stm32cube.ide.mcu.externaltools.gnu-tools-for-stm32.10.3-2021.10.win32_1.0.200.202301161003/tools/bin/../lib/gcc/arm-none-eabi/10.3.1/../../../../arm-none-eabi/lib/thumb/v7e-m+fp/hard\libc_nano.a(lib_a-lock.o)
 .ARM.attributes
                0x00000000000007f7       0x34 c:/st/stm32cubeide_1.12.0/stm32cubeide/plugins/com.st.stm32cube.ide.mcu.externaltools.gnu-tools-for-stm32.10.3-2021.10.win32_1.0.200.202301161003/tools/bin/../lib/gcc/arm-none-eabi/10.3.1/../../../../arm-none-eabi/lib/thumb/v7e-m+fp/hard\libc_nano.a(lib_a-memcpy-stub.o)
 .ARM.attributes
                0x000000000000082b       0x34 c:/st/stm32cubeide_1.12.0/stm32cubeide/plugins/com.st.stm32cube.ide.mcu.externaltools.gnu-tools-for-stm32.10.3-2021.10.win32_1.0.200.202301161003/tools/bin/../lib/gcc/arm-none-eabi/10.3.1/../../../../arm-none-eabi/lib/thumb/v7e-m+fp/hard\libc_nano.a(lib_a-memset.o)
 .ARM.attributes
                0x000000000000085f       0x34 c:/st/stm32cubeide_1.12.0/stm32cubeide/plugins/com.st.stm32cube.ide.mcu.externaltools.gnu-tools-for-stm32.10.3-2021.10.win32_1.0.200.202301161003/tools/bin/../lib/gcc/arm-none-eabi/10.3.1/../../../../arm-none-eabi/lib/thumb/v7e-m+fp/hard\libc_nano.a(lib_a-nano-mallocr.o)
 .ARM.attributes
                0x0000000000000893       0x34 c:/st/stm32cubeide_1.12.0/stm32cubeide/plugins/com.st.stm32cube.ide.mcu.externaltools.gnu-tools-for-stm32.10.3-2021.10.win32_1.0.200.202301161003/tools/bin/../lib/gcc/arm-none-eabi/10.3.1/../../../../arm-none-eabi/lib/thumb/v7e-m+fp/hard\libc_nano.a(lib_a-reent.o)
 .ARM.attributes
                0x00000000000008c7       0x34 c:/st/stm32cubeide_1.12.0/stm32cubeide/plugins/com.st.stm32cube.ide.mcu.externaltools.gnu-tools-for-stm32.10.3-2021.10.win32_1.0.200.202301161003/tools/bin/../lib/gcc/arm-none-eabi/10.3.1/../../../../arm-none-eabi/lib/thumb/v7e-m+fp/hard\libc_nano.a(lib_a-mlock.o)
 .ARM.attributes
                0x00000000000008fb       0x34 c:/st/stm32cubeide_1.12.0/stm32cubeide/plugins/com.st.stm32cube.ide.mcu.externaltools.gnu-tools-for-stm32.10.3-2021.10.win32_1.0.200.202301161003/tools/bin/../lib/gcc/arm-none-eabi/10.3.1/../../../../arm-none-eabi/lib/thumb/v7e-m+fp/hard\libc_nano.a(lib_a-nano-freer.o)
 .ARM.attributes
                0x000000000000092f       0x1e c:/st/stm32cubeide_1.12.0/stm32cubeide/plugins/com.st.stm32cube.ide.mcu.externaltools.gnu-tools-for-stm32.10.3-2021.10.win32_1.0.200.202301161003/tools/bin/../lib/gcc/arm-none-eabi/10.3.1/thumb/v7e-m+fp/hard\libgcc.a(_arm_muldf3.o)
 .ARM.attributes
                0x000000000000094d       0x1e c:/st/stm32cubeide_1.12.0/stm32cubeide/plugins/com.st.stm32cube.ide.mcu.externaltools.gnu-tools-for-stm32.10.3-2021.10.win32_1.0.200.202301161003/tools/bin/../lib/gcc/arm-none-eabi/10.3.1/thumb/v7e-m+fp/hard\libgcc.a(_arm_addsubdf3.o)
 .ARM.attributes
                0x000000000000096b       0x1e c:/st/stm32cubeide_1.12.0/stm32cubeide/plugins/com.st.stm32cube.ide.mcu.externaltools.gnu-tools-for-stm32.10.3-2021.10.win32_1.0.200.202301161003/tools/bin/../lib/gcc/arm-none-eabi/10.3.1/thumb/v7e-m+fp/hard\libgcc.a(_arm_fixdfsi.o)
 .ARM.attributes
                0x0000000000000989       0x1e c:/st/stm32cubeide_1.12.0/stm32cubeide/plugins/com.st.stm32cube.ide.mcu.externaltools.gnu-tools-for-stm32.10.3-2021.10.win32_1.0.200.202301161003/tools/bin/../lib/gcc/arm-none-eabi/10.3.1/thumb/v7e-m+fp/hard\libgcc.a(_aeabi_uldivmod.o)
 .ARM.attributes
                0x00000000000009a7       0x34 c:/st/stm32cubeide_1.12.0/stm32cubeide/plugins/com.st.stm32cube.ide.mcu.externaltools.gnu-tools-for-stm32.10.3-2021.10.win32_1.0.200.202301161003/tools/bin/../lib/gcc/arm-none-eabi/10.3.1/thumb/v7e-m+fp/hard\libgcc.a(_udivmoddi4.o)
 .ARM.attributes
                0x00000000000009db       0x1e c:/st/stm32cubeide_1.12.0/stm32cubeide/plugins/com.st.stm32cube.ide.mcu.externaltools.gnu-tools-for-stm32.10.3-2021.10.win32_1.0.200.202301161003/tools/bin/../lib/gcc/arm-none-eabi/10.3.1/thumb/v7e-m+fp/hard\libgcc.a(_dvmd_tls.o)
 .ARM.attributes
                0x00000000000009f9       0x1e c:/st/stm32cubeide_1.12.0/stm32cubeide/plugins/com.st.stm32cube.ide.mcu.externaltools.gnu-tools-for-stm32.10.3-2021.10.win32_1.0.200.202301161003/tools/bin/../lib/gcc/arm-none-eabi/10.3.1/thumb/v7e-m+fp/hard/crtn.o
OUTPUT(Electronics_ServiceRobot_F407VGT6.elf elf32-littlearm)
LOAD linker stubs
LOAD c:/st/stm32cubeide_1.12.0/stm32cubeide/plugins/com.st.stm32cube.ide.mcu.externaltools.gnu-tools-for-stm32.10.3-2021.10.win32_1.0.200.202301161003/tools/bin/../lib/gcc/arm-none-eabi/10.3.1/../../../../arm-none-eabi/lib/thumb/v7e-m+fp/hard\libc.a
LOAD c:/st/stm32cubeide_1.12.0/stm32cubeide/plugins/com.st.stm32cube.ide.mcu.externaltools.gnu-tools-for-stm32.10.3-2021.10.win32_1.0.200.202301161003/tools/bin/../lib/gcc/arm-none-eabi/10.3.1/../../../../arm-none-eabi/lib/thumb/v7e-m+fp/hard\libm.a
LOAD c:/st/stm32cubeide_1.12.0/stm32cubeide/plugins/com.st.stm32cube.ide.mcu.externaltools.gnu-tools-for-stm32.10.3-2021.10.win32_1.0.200.202301161003/tools/bin/../lib/gcc/arm-none-eabi/10.3.1/thumb/v7e-m+fp/hard\libgcc.a

.debug_info     0x0000000000000000    0x20bac
 .debug_info    0x0000000000000000      0xa29 ./Core/Src/adc.o
 .debug_info    0x0000000000000a29      0x8bc ./Core/Src/can.o
 .debug_info    0x00000000000012e5      0x234 ./Core/Src/control_motor.o
 .debug_info    0x0000000000001519      0x4ec ./Core/Src/dma.o
 .debug_info    0x0000000000001a05     0x19c7 ./Core/Src/freertos.o
 .debug_info    0x00000000000033cc      0x4ab ./Core/Src/gpio.o
 .debug_info    0x0000000000003877      0xa74 ./Core/Src/i2c.o
 .debug_info    0x00000000000042eb     0x1245 ./Core/Src/main.o
 .debug_info    0x0000000000005530      0xa08 ./Core/Src/spi.o
 .debug_info    0x0000000000005f38      0x4f6 ./Core/Src/stm32f4xx_hal_msp.o
 .debug_info    0x000000000000642e      0xc4b ./Core/Src/stm32f4xx_hal_timebase_tim.o
 .debug_info    0x0000000000007079      0x7cc ./Core/Src/stm32f4xx_it.o
 .debug_info    0x0000000000007845      0x523 ./Core/Src/system_stm32f4xx.o
 .debug_info    0x0000000000007d68     0x13e8 ./Core/Src/tim.o
 .debug_info    0x0000000000009150      0xb9e ./Core/Src/usart.o
 .debug_info    0x0000000000009cee       0x22 ./Core/Startup/startup_stm32f407vgtx.o
 .debug_info    0x0000000000009d10      0x97c ./Drivers/STM32F4xx_HAL_Driver/Src/stm32f4xx_hal.o
 .debug_info    0x000000000000a68c      0xd70 ./Drivers/STM32F4xx_HAL_Driver/Src/stm32f4xx_hal_adc.o
 .debug_info    0x000000000000b3fc      0xfc3 ./Drivers/STM32F4xx_HAL_Driver/Src/stm32f4xx_hal_can.o
 .debug_info    0x000000000000c3bf      0xe1b ./Drivers/STM32F4xx_HAL_Driver/Src/stm32f4xx_hal_cortex.o
 .debug_info    0x000000000000d1da      0x94f ./Drivers/STM32F4xx_HAL_Driver/Src/stm32f4xx_hal_dma.o
 .debug_info    0x000000000000db29      0x76a ./Drivers/STM32F4xx_HAL_Driver/Src/stm32f4xx_hal_gpio.o
 .debug_info    0x000000000000e293     0x2609 ./Drivers/STM32F4xx_HAL_Driver/Src/stm32f4xx_hal_i2c.o
 .debug_info    0x000000000001089c      0x966 ./Drivers/STM32F4xx_HAL_Driver/Src/stm32f4xx_hal_rcc.o
 .debug_info    0x0000000000011202     0x1758 ./Drivers/STM32F4xx_HAL_Driver/Src/stm32f4xx_hal_spi.o
 .debug_info    0x000000000001295a     0x2bbe ./Drivers/STM32F4xx_HAL_Driver/Src/stm32f4xx_hal_tim.o
 .debug_info    0x0000000000015518     0x15e0 ./Drivers/STM32F4xx_HAL_Driver/Src/stm32f4xx_hal_tim_ex.o
 .debug_info    0x0000000000016af8     0x31bc ./Drivers/STM32F4xx_HAL_Driver/Src/stm32f4xx_hal_uart.o
 .debug_info    0x0000000000019cb4     0x2352 ./Middlewares/Third_Party/FreeRTOS/Source/CMSIS_RTOS/cmsis_os.o
 .debug_info    0x000000000001c006      0x2d1 ./Middlewares/Third_Party/FreeRTOS/Source/list.o
 .debug_info    0x000000000001c2d7     0x18e1 ./Middlewares/Third_Party/FreeRTOS/Source/queue.o
 .debug_info    0x000000000001dbb8     0x25e2 ./Middlewares/Third_Party/FreeRTOS/Source/tasks.o
 .debug_info    0x000000000002019a      0x507 ./Middlewares/Third_Party/FreeRTOS/Source/portable/GCC/ARM_CM4F/port.o
 .debug_info    0x00000000000206a1      0x50b ./Middlewares/Third_Party/FreeRTOS/Source/portable/MemMang/heap_4.o

.debug_abbrev   0x0000000000000000     0x4854
 .debug_abbrev  0x0000000000000000      0x1e0 ./Core/Src/adc.o
 .debug_abbrev  0x00000000000001e0      0x201 ./Core/Src/can.o
 .debug_abbrev  0x00000000000003e1       0xe2 ./Core/Src/control_motor.o
 .debug_abbrev  0x00000000000004c3      0x10a ./Core/Src/dma.o
 .debug_abbrev  0x00000000000005cd      0x295 ./Core/Src/freertos.o
 .debug_abbrev  0x0000000000000862      0x146 ./Core/Src/gpio.o
 .debug_abbrev  0x00000000000009a8      0x1e0 ./Core/Src/i2c.o
 .debug_abbrev  0x0000000000000b88      0x2cd ./Core/Src/main.o
 .debug_abbrev  0x0000000000000e55      0x1e0 ./Core/Src/spi.o
 .debug_abbrev  0x0000000000001035      0x115 ./Core/Src/stm32f4xx_hal_msp.o
 .debug_abbrev  0x000000000000114a      0x1e6 ./Core/Src/stm32f4xx_hal_timebase_tim.o
 .debug_abbrev  0x0000000000001330      0x18b ./Core/Src/stm32f4xx_it.o
 .debug_abbrev  0x00000000000014bb      0x116 ./Core/Src/system_stm32f4xx.o
 .debug_abbrev  0x00000000000015d1      0x258 ./Core/Src/tim.o
 .debug_abbrev  0x0000000000001829      0x238 ./Core/Src/usart.o
 .debug_abbrev  0x0000000000001a61       0x12 ./Core/Startup/startup_stm32f407vgtx.o
 .debug_abbrev  0x0000000000001a73      0x20d ./Drivers/STM32F4xx_HAL_Driver/Src/stm32f4xx_hal.o
 .debug_abbrev  0x0000000000001c80      0x244 ./Drivers/STM32F4xx_HAL_Driver/Src/stm32f4xx_hal_adc.o
 .debug_abbrev  0x0000000000001ec4      0x22e ./Drivers/STM32F4xx_HAL_Driver/Src/stm32f4xx_hal_can.o
 .debug_abbrev  0x00000000000020f2      0x316 ./Drivers/STM32F4xx_HAL_Driver/Src/stm32f4xx_hal_cortex.o
 .debug_abbrev  0x0000000000002408      0x25b ./Drivers/STM32F4xx_HAL_Driver/Src/stm32f4xx_hal_dma.o
 .debug_abbrev  0x0000000000002663      0x1c4 ./Drivers/STM32F4xx_HAL_Driver/Src/stm32f4xx_hal_gpio.o
 .debug_abbrev  0x0000000000002827      0x297 ./Drivers/STM32F4xx_HAL_Driver/Src/stm32f4xx_hal_i2c.o
 .debug_abbrev  0x0000000000002abe      0x2aa ./Drivers/STM32F4xx_HAL_Driver/Src/stm32f4xx_hal_rcc.o
 .debug_abbrev  0x0000000000002d68      0x26e ./Drivers/STM32F4xx_HAL_Driver/Src/stm32f4xx_hal_spi.o
 .debug_abbrev  0x0000000000002fd6      0x25d ./Drivers/STM32F4xx_HAL_Driver/Src/stm32f4xx_hal_tim.o
 .debug_abbrev  0x0000000000003233      0x265 ./Drivers/STM32F4xx_HAL_Driver/Src/stm32f4xx_hal_tim_ex.o
 .debug_abbrev  0x0000000000003498      0x2f4 ./Drivers/STM32F4xx_HAL_Driver/Src/stm32f4xx_hal_uart.o
 .debug_abbrev  0x000000000000378c      0x406 ./Middlewares/Third_Party/FreeRTOS/Source/CMSIS_RTOS/cmsis_os.o
 .debug_abbrev  0x0000000000003b92       0xf2 ./Middlewares/Third_Party/FreeRTOS/Source/list.o
 .debug_abbrev  0x0000000000003c84      0x3a1 ./Middlewares/Third_Party/FreeRTOS/Source/queue.o
 .debug_abbrev  0x0000000000004025      0x3c4 ./Middlewares/Third_Party/FreeRTOS/Source/tasks.o
 .debug_abbrev  0x00000000000043e9      0x259 ./Middlewares/Third_Party/FreeRTOS/Source/portable/GCC/ARM_CM4F/port.o
 .debug_abbrev  0x0000000000004642      0x212 ./Middlewares/Third_Party/FreeRTOS/Source/portable/MemMang/heap_4.o

.debug_aranges  0x0000000000000000     0x1ac0
 .debug_aranges
                0x0000000000000000       0x30 ./Core/Src/adc.o
 .debug_aranges
                0x0000000000000030       0x30 ./Core/Src/can.o
 .debug_aranges
                0x0000000000000060       0x30 ./Core/Src/control_motor.o
 .debug_aranges
                0x0000000000000090       0x20 ./Core/Src/dma.o
 .debug_aranges
                0x00000000000000b0       0x50 ./Core/Src/freertos.o
 .debug_aranges
                0x0000000000000100       0x20 ./Core/Src/gpio.o
 .debug_aranges
                0x0000000000000120       0x38 ./Core/Src/i2c.o
 .debug_aranges
                0x0000000000000158       0x50 ./Core/Src/main.o
 .debug_aranges
                0x00000000000001a8       0x30 ./Core/Src/spi.o
 .debug_aranges
                0x00000000000001d8       0x20 ./Core/Src/stm32f4xx_hal_msp.o
 .debug_aranges
                0x00000000000001f8       0x30 ./Core/Src/stm32f4xx_hal_timebase_tim.o
 .debug_aranges
                0x0000000000000228       0x80 ./Core/Src/stm32f4xx_it.o
 .debug_aranges
                0x00000000000002a8       0x28 ./Core/Src/system_stm32f4xx.o
 .debug_aranges
                0x00000000000002d0       0x88 ./Core/Src/tim.o
 .debug_aranges
                0x0000000000000358       0x50 ./Core/Src/usart.o
 .debug_aranges
                0x00000000000003a8       0x28 ./Core/Startup/startup_stm32f407vgtx.o
 .debug_aranges
                0x00000000000003d0       0xf0 ./Drivers/STM32F4xx_HAL_Driver/Src/stm32f4xx_hal.o
 .debug_aranges
                0x00000000000004c0       0xe8 ./Drivers/STM32F4xx_HAL_Driver/Src/stm32f4xx_hal_adc.o
 .debug_aranges
                0x00000000000005a8      0x138 ./Drivers/STM32F4xx_HAL_Driver/Src/stm32f4xx_hal_can.o
 .debug_aranges
                0x00000000000006e0      0x118 ./Drivers/STM32F4xx_HAL_Driver/Src/stm32f4xx_hal_cortex.o
 .debug_aranges
                0x00000000000007f8       0x90 ./Drivers/STM32F4xx_HAL_Driver/Src/stm32f4xx_hal_dma.o
 .debug_aranges
                0x0000000000000888       0x58 ./Drivers/STM32F4xx_HAL_Driver/Src/stm32f4xx_hal_gpio.o
 .debug_aranges