Archive member included to satisfy reference by file (symbol)

c:/st/stm32cubeide_1.11.0/stm32cubeide/plugins/com.st.stm32cube.ide.mcu.externaltools.gnu-tools-for-stm32.10.3-2021.10.win32_1.0.100.202210260954/tools/bin/../lib/gcc/arm-none-eabi/10.3.1/../../../../arm-none-eabi/lib/thumb/v7e-m+fp/hard\libc_nano.a(lib_a-errno.o)
                              ./Core/Src/syscalls.o (__errno)
c:/st/stm32cubeide_1.11.0/stm32cubeide/plugins/com.st.stm32cube.ide.mcu.externaltools.gnu-tools-for-stm32.10.3-2021.10.win32_1.0.100.202210260954/tools/bin/../lib/gcc/arm-none-eabi/10.3.1/../../../../arm-none-eabi/lib/thumb/v7e-m+fp/hard\libc_nano.a(lib_a-exit.o)
                              c:/st/stm32cubeide_1.11.0/stm32cubeide/plugins/com.st.stm32cube.ide.mcu.externaltools.gnu-tools-for-stm32.10.3-2021.10.win32_1.0.100.202210260954/tools/bin/../lib/gcc/arm-none-eabi/10.3.1/../../../../arm-none-eabi/lib/thumb/v7e-m+fp/hard/crt0.o (exit)
c:/st/stm32cubeide_1.11.0/stm32cubeide/plugins/com.st.stm32cube.ide.mcu.externaltools.gnu-tools-for-stm32.10.3-2021.10.win32_1.0.100.202210260954/tools/bin/../lib/gcc/arm-none-eabi/10.3.1/../../../../arm-none-eabi/lib/thumb/v7e-m+fp/hard\libc_nano.a(lib_a-findfp.o)
                              ./Middlewares/Third_Party/FreeRTOS/Source/tasks.o (__sf_fake_stderr)
c:/st/stm32cubeide_1.11.0/stm32cubeide/plugins/com.st.stm32cube.ide.mcu.externaltools.gnu-tools-for-stm32.10.3-2021.10.win32_1.0.100.202210260954/tools/bin/../lib/gcc/arm-none-eabi/10.3.1/../../../../arm-none-eabi/lib/thumb/v7e-m+fp/hard\libc_nano.a(lib_a-fwalk.o)
                              c:/st/stm32cubeide_1.11.0/stm32cubeide/plugins/com.st.stm32cube.ide.mcu.externaltools.gnu-tools-for-stm32.10.3-2021.10.win32_1.0.100.202210260954/tools/bin/../lib/gcc/arm-none-eabi/10.3.1/../../../../arm-none-eabi/lib/thumb/v7e-m+fp/hard\libc_nano.a(lib_a-findfp.o) (_fwalk)
c:/st/stm32cubeide_1.11.0/stm32cubeide/plugins/com.st.stm32cube.ide.mcu.externaltools.gnu-tools-for-stm32.10.3-2021.10.win32_1.0.100.202210260954/tools/bin/../lib/gcc/arm-none-eabi/10.3.1/../../../../arm-none-eabi/lib/thumb/v7e-m+fp/hard\libc_nano.a(lib_a-impure.o)
                              c:/st/stm32cubeide_1.11.0/stm32cubeide/plugins/com.st.stm32cube.ide.mcu.externaltools.gnu-tools-for-stm32.10.3-2021.10.win32_1.0.100.202210260954/tools/bin/../lib/gcc/arm-none-eabi/10.3.1/../../../../arm-none-eabi/lib/thumb/v7e-m+fp/hard\libc_nano.a(lib_a-exit.o) (_global_impure_ptr)
c:/st/stm32cubeide_1.11.0/stm32cubeide/plugins/com.st.stm32cube.ide.mcu.externaltools.gnu-tools-for-stm32.10.3-2021.10.win32_1.0.100.202210260954/tools/bin/../lib/gcc/arm-none-eabi/10.3.1/../../../../arm-none-eabi/lib/thumb/v7e-m+fp/hard\libc_nano.a(lib_a-init.o)
                              c:/st/stm32cubeide_1.11.0/stm32cubeide/plugins/com.st.stm32cube.ide.mcu.externaltools.gnu-tools-for-stm32.10.3-2021.10.win32_1.0.100.202210260954/tools/bin/../lib/gcc/arm-none-eabi/10.3.1/../../../../arm-none-eabi/lib/thumb/v7e-m+fp/hard/crt0.o (__libc_init_array)
c:/st/stm32cubeide_1.11.0/stm32cubeide/plugins/com.st.stm32cube.ide.mcu.externaltools.gnu-tools-for-stm32.10.3-2021.10.win32_1.0.100.202210260954/tools/bin/../lib/gcc/arm-none-eabi/10.3.1/../../../../arm-none-eabi/lib/thumb/v7e-m+fp/hard\libc_nano.a(lib_a-lock.o)
                              c:/st/stm32cubeide_1.11.0/stm32cubeide/plugins/com.st.stm32cube.ide.mcu.externaltools.gnu-tools-for-stm32.10.3-2021.10.win32_1.0.100.202210260954/tools/bin/../lib/gcc/arm-none-eabi/10.3.1/../../../../arm-none-eabi/lib/thumb/v7e-m+fp/hard\libc_nano.a(lib_a-findfp.o) (__retarget_lock_init_recursive)
c:/st/stm32cubeide_1.11.0/stm32cubeide/plugins/com.st.stm32cube.ide.mcu.externaltools.gnu-tools-for-stm32.10.3-2021.10.win32_1.0.100.202210260954/tools/bin/../lib/gcc/arm-none-eabi/10.3.1/../../../../arm-none-eabi/lib/thumb/v7e-m+fp/hard\libc_nano.a(lib_a-memcpy-stub.o)
                              ./Middlewares/Third_Party/FreeRTOS/Source/queue.o (memcpy)
c:/st/stm32cubeide_1.11.0/stm32cubeide/plugins/com.st.stm32cube.ide.mcu.externaltools.gnu-tools-for-stm32.10.3-2021.10.win32_1.0.100.202210260954/tools/bin/../lib/gcc/arm-none-eabi/10.3.1/../../../../arm-none-eabi/lib/thumb/v7e-m+fp/hard\libc_nano.a(lib_a-memset.o)
                              c:/st/stm32cubeide_1.11.0/stm32cubeide/plugins/com.st.stm32cube.ide.mcu.externaltools.gnu-tools-for-stm32.10.3-2021.10.win32_1.0.100.202210260954/tools/bin/../lib/gcc/arm-none-eabi/10.3.1/../../../../arm-none-eabi/lib/thumb/v7e-m+fp/hard/crt0.o (memset)
c:/st/stm32cubeide_1.11.0/stm32cubeide/plugins/com.st.stm32cube.ide.mcu.externaltools.gnu-tools-for-stm32.10.3-2021.10.win32_1.0.100.202210260954/tools/bin/../lib/gcc/arm-none-eabi/10.3.1/../../../../arm-none-eabi/lib/thumb/v7e-m+fp/hard\libc_nano.a(lib_a-nano-mallocr.o)
[...]
Memory Configuration

Name             Origin             Length             Attributes
CCMRAM           0x0000000010000000 0x0000000000010000 xrw
RAM              0x0000000020000000 0x0000000000020000 xrw
FLASH            0x0000000008000000 0x0000000000100000 xr
*default*        0x0000000000000000 0xffffffffffffffff

Linker script and memory map

LOAD c:/st/stm32cubeide_1.11.0/stm32cubeide/plugins/com.st.stm32cube.ide.mcu.externaltools.gnu-tools-for-stm32.10.3-2021.10.win32_1.0.100.202210260954/tools/bin/../lib/gcc/arm-none-eabi/10.3.1/thumb/v7e-m+fp/hard/crti.o
LOAD c:/st/stm32cubeide_1.11.0/stm32cubeide/plugins/com.st.stm32cube.ide.mcu.externaltools.gnu-tools-for-stm32.10.3-2021.10.win32_1.0.100.202210260954/tools/bin/../lib/gcc/arm-none-eabi/10.3.1/thumb/v7e-m+fp/hard/crtbegin.o
LOAD c:/st/stm32cubeide_1.11.0/stm32cubeide/plugins/com.st.stm32cube.ide.mcu.externaltools.gnu-tools-for-stm32.10.3-2021.10.win32_1.0.100.202210260954/tools/bin/../lib/gcc/arm-none-eabi/10.3.1/../../../../arm-none-eabi/lib/thumb/v7e-m+fp/hard/crt0.o
LOAD ./Core/Src/adc.o
LOAD ./Core/Src/can.o
LOAD ./Core/Src/freertos.o
LOAD ./Core/Src/gpio.o
LOAD ./Core/Src/i2c.o
LOAD ./Core/Src/main.o
LOAD ./Core/Src/spi.o
LOAD ./Core/Src/stm32f4xx_hal_msp.o
LOAD ./Core/Src/stm32f4xx_hal_timebase_tim.o
LOAD ./Core/Src/stm32f4xx_it.o
LOAD ./Core/Src/syscalls.o
LOAD ./Core/Src/sysmem.o
LOAD ./Core/Src/system_stm32f4xx.o
LOAD ./Core/Src/tim.o
LOAD ./Core/Src/usart.o
LOAD ./Core/Startup/startup_stm32f407vgtx.o
LOAD ./Drivers/STM32F4xx_HAL_Driver/Src/stm32f4xx_hal.o
LOAD ./Drivers/STM32F4xx_HAL_Driver/Src/stm32f4xx_hal_adc.o
LOAD ./Drivers/STM32F4xx_HAL_Driver/Src/stm32f4xx_hal_adc_ex.o
LOAD ./Drivers/STM32F4xx_HAL_Driver/Src/stm32f4xx_hal_can.o
LOAD ./Drivers/STM32F4xx_HAL_Driver/Src/stm32f4xx_hal_cortex.o
LOAD ./Drivers/STM32F4xx_HAL_Driver/Src/stm32f4xx_hal_dma.o
LOAD ./Drivers/STM32F4xx_HAL_Driver/Src/stm32f4xx_hal_dma_ex.o
LOAD ./Drivers/STM32F4xx_HAL_Driver/Src/stm32f4xx_hal_exti.o
LOAD ./Drivers/STM32F4xx_HAL_Driver/Src/stm32f4xx_hal_flash.o
LOAD ./Drivers/STM32F4xx_HAL_Driver/Src/stm32f4xx_hal_flash_ex.o
LOAD ./Drivers/STM32F4xx_HAL_Driver/Src/stm32f4xx_hal_flash_ramfunc.o
LOAD ./Drivers/STM32F4xx_HAL_Driver/Src/stm32f4xx_hal_gpio.o
LOAD ./Drivers/STM32F4xx_HAL_Driver/Src/stm32f4xx_hal_i2c.o
LOAD ./Drivers/STM32F4xx_HAL_Driver/Src/stm32f4xx_hal_i2c_ex.o
LOAD ./Drivers/STM32F4xx_HAL_Driver/Src/stm32f4xx_hal_pwr.o
LOAD ./Drivers/STM32F4xx_HAL_Driver/Src/stm32f4xx_hal_pwr_ex.o
LOAD ./Drivers/STM32F4xx_HAL_Driver/Src/stm32f4xx_hal_rcc.o
LOAD ./Drivers/STM32F4xx_HAL_Driver/Src/stm32f4xx_hal_rcc_ex.o
LOAD ./Drivers/STM32F4xx_HAL_Driver/Src/stm32f4xx_hal_spi.o
LOAD ./Drivers/STM32F4xx_HAL_Driver/Src/stm32f4xx_hal_tim.o
LOAD ./Drivers/STM32F4xx_HAL_Driver/Src/stm32f4xx_hal_tim_ex.o
LOAD ./Drivers/STM32F4xx_HAL_Driver/Src/stm32f4xx_hal_uart.o
LOAD ./Drivers/STM32F4xx_HAL_Driver/Src/stm32f4xx_ll_adc.o
LOAD ./Middlewares/Third_Party/FreeRTOS/Source/CMSIS_RTOS/cmsis_os.o
LOAD ./Middlewares/Third_Party/FreeRTOS/Source/croutine.o
LOAD ./Middlewares/Third_Party/FreeRTOS/Source/event_groups.o
LOAD ./Middlewares/Third_Party/FreeRTOS/Source/list.o
LOAD ./Middlewares/Third_Party/FreeRTOS/Source/queue.o
LOAD ./Middlewares/Third_Party/FreeRTOS/Source/stream_buffer.o
LOAD ./Middlewares/Third_Party/FreeRTOS/Source/tasks.o
LOAD ./Middlewares/Third_Party/FreeRTOS/Source/timers.o
LOAD ./Middlewares/Third_Party/FreeRTOS/Source/portable/GCC/ARM_CM4F/port.o
LOAD ./Middlewares/Third_Party/FreeRTOS/Source/portable/MemMang/heap_4.o
START GROUP
LOAD c:/st/stm32cubeide_1.11.0/stm32cubeide/plugins/com.st.stm32cube.ide.mcu.externaltools.gnu-tools-for-stm32.10.3-2021.10.win32_1.0.100.202210260954/tools/bin/../lib/gcc/arm-none-eabi/10.3.1/../../../../arm-none-eabi/lib/thumb/v7e-m+fp/hard\libc_nano.a
LOAD c:/st/stm32cubeide_1.11.0/stm32cubeide/plugins/com.st.stm32cube.ide.mcu.externaltools.gnu-tools-for-stm32.10.3-2021.10.win32_1.0.100.202210260954/tools/bin/../lib/gcc/arm-none-eabi/10.3.1/../../../../arm-none-eabi/lib/thumb/v7e-m+fp/hard\libm.a
END GROUP
START GROUP
LOAD c:/st/stm32cubeide_1.11.0/stm32cubeide/plugins/com.st.stm32cube.ide.mcu.externaltools.gnu-tools-for-stm32.10.3-2021.10.win32_1.0.100.202210260954/tools/bin/../lib/gcc/arm-none-eabi/10.3.1/thumb/v7e-m+fp/hard\libgcc.a
LOAD c:/st/stm32cubeide_1.11.0/stm32cubeide/plugins/com.st.stm32cube.ide.mcu.externaltools.gnu-tools-for-stm32.10.3-2021.10.win32_1.0.100.202210260954/tools/bin/../lib/gcc/arm-none-eabi/10.3.1/../../../../arm-none-eabi/lib/thumb/v7e-m+fp/hard\libc_nano.a
END GROUP
START GROUP
LOAD c:/st/stm32cubeide_1.11.0/stm32cubeide/plugins/com.st.stm32cube.ide.mcu.externaltools.gnu-tools-for-stm32.10.3-2021.10.win32_1.0.100.202210260954/tools/bin/../lib/gcc/arm-none-eabi/10.3.1/thumb/v7e-m+fp/hard\libgcc.a
LOAD c:/st/stm32cubeide_1.11.0/stm32cubeide/plugins/com.st.stm32cube.ide.mcu.externaltools.gnu-tools-for-stm32.10.3-2021.10.win32_1.0.100.202210260954/tools/bin/../lib/gcc/arm-none-eabi/10.3.1/../../../../arm-none-eabi/lib/thumb/v7e-m+fp/hard\libc_nano.a
LOAD c:/st/stm32cubeide_1.11.0/stm32cubeide/plugins/com.st.stm32cube.ide.mcu.externaltools.gnu-tools-for-stm32.10.3-2021.10.win32_1.0.100.202210260954/tools/bin/../lib/gcc/arm-none-eabi/10.3.1/../../../../arm-none-eabi/lib/thumb/v7e-m+fp/hard\libnosys.a
END GROUP
START GROUP
LOAD c:/st/stm32cubeide_1.11.0/stm32cubeide/plugins/com.st.stm32cube.ide.mcu.externaltools.gnu-tools-for-stm32.10.3-2021.10.win32_1.0.100.202210260954/tools/bin/../lib/gcc/arm-none-eabi/10.3.1/thumb/v7e-m+fp/hard\libgcc.a
LOAD c:/st/stm32cubeide_1.11.0/stm32cubeide/plugins/com.st.stm32cube.ide.mcu.externaltools.gnu-tools-for-stm32.10.3-2021.10.win32_1.0.100.202210260954/tools/bin/../lib/gcc/arm-none-eabi/10.3.1/../../../../arm-none-eabi/lib/thumb/v7e-m+fp/hard\libc_nano.a
LOAD c:/st/stm32cubeide_1.11.0/stm32cubeide/plugins/com.st.stm32cube.ide.mcu.externaltools.gnu-tools-for-stm32.10.3-2021.10.win32_1.0.100.202210260954/tools/bin/../lib/gcc/arm-none-eabi/10.3.1/../../../../arm-none-eabi/lib/thumb/v7e-m+fp/hard\libnosys.a
END GROUP
LOAD c:/st/stm32cubeide_1.11.0/stm32cubeide/plugins/com.st.stm32cube.ide.mcu.externaltools.gnu-tools-for-stm32.10.3-2021.10.win32_1.0.100.202210260954/tools/bin/../lib/gcc/arm-none-eabi/10.3.1/thumb/v7e-m+fp/hard/crtend.o
LOAD c:/st/stm32cubeide_1.11.0/stm32cubeide/plugins/com.st.stm32cube.ide.mcu.externaltools.gnu-tools-for-stm32.10.3-2021.10.win32_1.0.100.202210260954/tools/bin/../lib/gcc/arm-none-eabi/10.3.1/thumb/v7e-m+fp/hard/crtn.o
                0x0000000020020000                _estack = (ORIGIN (RAM) + LENGTH (RAM))
                0x0000000000000200                _Min_Heap_Size = 0x200
                0x0000000000000400                _Min_Stack_Size = 0x400

.isr_vector     0x0000000008000000      0x188
                0x0000000008000000                . = ALIGN (0x4)
 *(.isr_vector)
 .isr_vector    0x0000000008000000      0x188 ./Core/Startup/startup_stm32f407vgtx.o
                0x0000000008000000                g_pfnVectors
                0x0000000008000188                . = ALIGN (0x4)

.text           0x0000000008000190     0x6e00
                0x0000000008000190                . = ALIGN (0x4)
 *(.text)
 .text          0x0000000008000190       0x40 c:/st/stm32cubeide_1.11.0/stm32cubeide/plugins/com.st.stm32cube.ide.mcu.externaltools.gnu-tools-for-stm32.10.3-2021.10.win32_1.0.100.202210260954/tools/bin/../lib/gcc/arm-none-eabi/10.3.1/thumb/v7e-m+fp/hard/crtbegin.o
 .text          0x00000000080001d0       0x30 c:/st/stm32cubeide_1.11.0/stm32cubeide/plugins/com.st.stm32cube.ide.mcu.externaltools.gnu-tools-for-stm32.10.3-2021.10.win32_1.0.100.202210260954/tools/bin/../lib/gcc/arm-none-eabi/10.3.1/thumb/v7e-m+fp/hard\libgcc.a(_aeabi_uldivmod.o)
                0x00000000080001d0                __aeabi_uldivmod
 .text          0x0000000008000200      0x2d0 c:/st/stm32cubeide_1.11.0/stm32cubeide/plugins/com.st.stm32cube.ide.mcu.externaltools.gnu-tools-for-stm32.10.3-2021.10.win32_1.0.100.202210260954/tools/bin/../lib/gcc/arm-none-eabi/10.3.1/thumb/v7e-m+fp/hard\libgcc.a(_udivmoddi4.o)
                0x0000000008000200                __udivmoddi4
 .text          0x00000000080004d0        0x4 c:/st/stm32cubeide_1.11.0/stm32cubeide/plugins/com.st.stm32cube.ide.mcu.externaltools.gnu-tools-for-stm32.10.3-2021.10.win32_1.0.100.202210260954/tools/bin/../lib/gcc/arm-none-eabi/10.3.1/thumb/v7e-m+fp/hard\libgcc.a(_dvmd_tls.o)
                0x00000000080004d0                __aeabi_idiv0
                0x00000000080004d0                __aeabi_ldiv0
 *(.text*)
 .text.MX_ADC1_Init
                0x00000000080004d4       0xa4 ./Core/Src/adc.o
                0x00000000080004d4                MX_ADC1_Init
 .text.HAL_ADC_MspInit
                0x0000000008000578       0x88 ./Core/Src/adc.o
                0x0000000008000578                HAL_ADC_MspInit
 .text.MX_CAN1_Init
                0x0000000008000600       0x68 ./Core/Src/can.o
                0x0000000008000600                MX_CAN1_Init
 .text.HAL_CAN_MspInit
                0x0000000008000668       0x90 ./Core/Src/can.o
                0x0000000008000668                HAL_CAN_MspInit
 .text.vApplicationGetIdleTaskMemory
                0x00000000080006f8       0x34 ./Core/Src/freertos.o
                0x00000000080006f8                vApplicationGetIdleTaskMemory
 .text.MX_FREERTOS_Init
                0x000000000800072c      0x110 ./Core/Src/freertos.o
                0x000000000800072c                MX_FREERTOS_Init
 .text.StartTask01
                0x000000000800083c       0xa0 ./Core/Src/freertos.o
                0x000000000800083c                StartTask01
 .text.StartTask02
                0x00000000080008dc       0x9c ./Core/Src/freertos.o
                0x00000000080008dc                StartTask02
 .text.StartTask03
                0x0000000008000978       0x10 ./Core/Src/freertos.o
                0x0000000008000978                StartTask03
 .text.StartTask04
                0x0000000008000988       0x10 ./Core/Src/freertos.o
                0x0000000008000988                StartTask04
 .text.StartTask05
                0x0000000008000998       0x10 ./Core/Src/freertos.o
                0x0000000008000998                StartTask05
 .text.MX_GPIO_Init
                0x00000000080009a8      0x1f0 ./Core/Src/gpio.o
                0x00000000080009a8                MX_GPIO_Init
 .text.MX_I2C1_Init
                0x0000000008000b98       0x5c ./Core/Src/i2c.o
                0x0000000008000b98                MX_I2C1_Init
 .text.MX_I2C2_Init
                0x0000000008000bf4       0x5c ./Core/Src/i2c.o
                0x0000000008000bf4                MX_I2C2_Init
 .text.HAL_I2C_MspInit
                0x0000000008000c50       0xfc ./Core/Src/i2c.o
                0x0000000008000c50                HAL_I2C_MspInit
 .text.main     0x0000000008000d4c       0xd8 ./Core/Src/main.o
                0x0000000008000d4c                main
 .text.SystemClock_Config
                0x0000000008000e24       0xd4 ./Core/Src/main.o
                0x0000000008000e24                SystemClock_Config
 .text.HAL_TIM_PeriodElapsedCallback
                0x0000000008000ef8       0x24 ./Core/Src/main.o
                0x0000000008000ef8                HAL_TIM_PeriodElapsedCallback
 .text.Error_Handler
                0x0000000008000f1c        0xa ./Core/Src/main.o
                0x0000000008000f1c                Error_Handler
 *fill*         0x0000000008000f26        0x2 
 .text.MX_SPI1_Init
                0x0000000008000f28       0x6c ./Core/Src/spi.o
                0x0000000008000f28                MX_SPI1_Init
 .text.HAL_SPI_MspInit
                0x0000000008000f94       0xd0 ./Core/Src/spi.o
                0x0000000008000f94                HAL_SPI_MspInit
 .text.HAL_MspInit
                0x0000000008001064       0x58 ./Core/Src/stm32f4xx_hal_msp.o
                0x0000000008001064                HAL_MspInit
 .text.HAL_InitTick
                0x00000000080010bc       0xf8 ./Core/Src/stm32f4xx_hal_timebase_tim.o
                0x00000000080010bc                HAL_InitTick
 .text.NMI_Handler
                0x00000000080011b4        0x6 ./Core/Src/stm32f4xx_it.o
                0x00000000080011b4                NMI_Handler
 .text.HardFault_Handler
                0x00000000080011ba        0x6 ./Core/Src/stm32f4xx_it.o
                0x00000000080011ba                HardFault_Handler
 .text.MemManage_Handler
                0x00000000080011c0        0x6 ./Core/Src/stm32f4xx_it.o
                0x00000000080011c0                MemManage_Handler
 .text.BusFault_Handler
                0x00000000080011c6        0x6 ./Core/Src/stm32f4xx_it.o
                0x00000000080011c6                BusFault_Handler
 .text.UsageFault_Handler
                0x00000000080011cc        0x6 ./Core/Src/stm32f4xx_it.o
                0x00000000080011cc                UsageFault_Handler
 .text.DebugMon_Handler
                0x00000000080011d2        0xe ./Core/Src/stm32f4xx_it.o
                0x00000000080011d2                DebugMon_Handler
 .text.TIM1_TRG_COM_TIM11_IRQHandler
                0x00000000080011e0       0x14 ./Core/Src/stm32f4xx_it.o
                0x00000000080011e0                TIM1_TRG_COM_TIM11_IRQHandler
 .text.TIM6_DAC_IRQHandler
                0x00000000080011f4       0x14 ./Core/Src/stm32f4xx_it.o
                0x00000000080011f4                TIM6_DAC_IRQHandler
 .text.SystemInit
                0x0000000008001208       0x24 ./Core/Src/system_stm32f4xx.o
                0x0000000008001208                SystemInit
 .text.MX_TIM1_Init
                0x000000000800122c      0x18c ./Core/Src/tim.o
                0x000000000800122c                MX_TIM1_Init
 .text.MX_TIM3_Init
                0x00000000080013b8      0x104 ./Core/Src/tim.o
                0x00000000080013b8                MX_TIM3_Init
 .text.MX_TIM4_Init
                0x00000000080014bc      0x130 ./Core/Src/tim.o
                0x00000000080014bc                MX_TIM4_Init
 .text.MX_TIM9_Init
                0x00000000080015ec       0xdc ./Core/Src/tim.o
                0x00000000080015ec                MX_TIM9_Init
 .text.MX_TIM12_Init
                0x00000000080016c8       0xdc ./Core/Src/tim.o
                0x00000000080016c8                MX_TIM12_Init
 .text.HAL_TIM_Base_MspInit
                0x00000000080017a4      0x100 ./Core/Src/tim.o
                0x00000000080017a4                HAL_TIM_Base_MspInit
 .text.HAL_TIM_MspPostInit
                0x00000000080018a4      0x1b4 ./Core/Src/tim.o
                0x00000000080018a4                HAL_TIM_MspPostInit
 .text.MX_UART4_Init
                0x0000000008001a58       0x54 ./Core/Src/usart.o
                0x0000000008001a58                MX_UART4_Init
 .text.MX_UART5_Init
                0x0000000008001aac       0x54 ./Core/Src/usart.o
                0x0000000008001aac                MX_UART5_Init
 .text.MX_USART2_UART_Init
                0x0000000008001b00       0x54 ./Core/Src/usart.o
                0x0000000008001b00                MX_USART2_UART_Init
 .text.MX_USART3_UART_Init
                0x0000000008001b54       0x54 ./Core/Src/usart.o
                0x0000000008001b54                MX_USART3_UART_Init
 .text.HAL_UART_MspInit
                0x0000000008001ba8      0x210 ./Core/Src/usart.o
                0x0000000008001ba8                HAL_UART_MspInit
 .text.Reset_Handler
                0x0000000008001db8       0x50 ./Core/Startup/startup_stm32f407vgtx.o
                0x0000000008001db8                Reset_Handler
 .text.Default_Handler
                0x0000000008001e08        0x2 ./Core/Startup/startup_stm32f407vgtx.o
                0x0000000008001e08                RTC_Alarm_IRQHandler
                0x0000000008001e08                HASH_RNG_IRQHandler
                0x0000000008001e08                EXTI2_IRQHandler
                0x0000000008001e08                TIM8_CC_IRQHandler
                0x0000000008001e08                TIM1_CC_IRQHandler
                0x0000000008001e08                DMA2_Stream5_IRQHandler
                0x0000000008001e08                DMA1_Stream5_IRQHandler
                0x0000000008001e08                PVD_IRQHandler
                0x0000000008001e08                SDIO_IRQHandler
                0x0000000008001e08                TAMP_STAMP_IRQHandler
                0x0000000008001e08                CAN2_RX1_IRQHandler
                0x0000000008001e08                EXTI3_IRQHandler
                0x0000000008001e08                TIM8_TRG_COM_TIM14_IRQHandler
                0x0000000008001e08                TIM1_UP_TIM10_IRQHandler
                0x0000000008001e08                TIM8_UP_TIM13_IRQHandler
                0x0000000008001e08                I2C3_ER_IRQHandler
                0x0000000008001e08                EXTI0_IRQHandler
                0x0000000008001e08                I2C2_EV_IRQHandler
                0x0000000008001e08                DMA1_Stream2_IRQHandler
                0x0000000008001e08                CAN1_RX0_IRQHandler
                0x0000000008001e08                FPU_IRQHandler
                0x0000000008001e08                OTG_HS_WKUP_IRQHandler
                0x0000000008001e08                CAN2_SCE_IRQHandler
                0x0000000008001e08                DMA2_Stream2_IRQHandler
                0x0000000008001e08                SPI1_IRQHandler
                0x0000000008001e08                TIM1_BRK_TIM9_IRQHandler
                0x0000000008001e08                DCMI_IRQHandler
                0x0000000008001e08                CAN2_RX0_IRQHandler
                0x0000000008001e08                DMA2_Stream3_IRQHandler
                0x0000000008001e08                USART6_IRQHandler
                0x0000000008001e08                USART3_IRQHandler
                0x0000000008001e08                CAN1_RX1_IRQHandler
                0x0000000008001e08                UART5_IRQHandler
                0x0000000008001e08                DMA2_Stream0_IRQHandler
                0x0000000008001e08                TIM4_IRQHandler
                0x0000000008001e08                I2C1_EV_IRQHandler
                0x0000000008001e08                DMA1_Stream6_IRQHandler
                0x0000000008001e08                DMA1_Stream1_IRQHandler
                0x0000000008001e08                UART4_IRQHandler
                0x0000000008001e08                TIM3_IRQHandler
                0x0000000008001e08                RCC_IRQHandler
                0x0000000008001e08                TIM8_BRK_TIM12_IRQHandler
                0x0000000008001e08                Default_Handler
                0x0000000008001e08                EXTI15_10_IRQHandler
                0x0000000008001e08                ADC_IRQHandler
                0x0000000008001e08                DMA1_Stream7_IRQHandler
                0x0000000008001e08                TIM7_IRQHandler
                0x0000000008001e08                CAN2_TX_IRQHandler
                0x0000000008001e08                TIM5_IRQHandler
                0x0000000008001e08                DMA2_Stream7_IRQHandler
                0x0000000008001e08                I2C3_EV_IRQHandler
                0x0000000008001e08                EXTI9_5_IRQHandler
                0x0000000008001e08                RTC_WKUP_IRQHandler
                0x0000000008001e08                ETH_WKUP_IRQHandler
                0x0000000008001e08                SPI2_IRQHandler
                0x0000000008001e08                OTG_HS_EP1_IN_IRQHandler
                0x0000000008001e08                DMA1_Stream0_IRQHandler
                0x0000000008001e08                CAN1_TX_IRQHandler
                0x0000000008001e08                EXTI4_IRQHandler
                0x0000000008001e08                FSMC_IRQHandler
                0x0000000008001e08                ETH_IRQHandler
                0x0000000008001e08                OTG_HS_EP1_OUT_IRQHandler
                0x0000000008001e08                WWDG_IRQHandler
                0x0000000008001e08                TIM2_IRQHandler
                0x0000000008001e08                OTG_FS_WKUP_IRQHandler
                0x0000000008001e08                OTG_HS_IRQHandler
                0x0000000008001e08                EXTI1_IRQHandler
                0x0000000008001e08                USART2_IRQHandler
                0x0000000008001e08                I2C2_ER_IRQHandler
                0x0000000008001e08                DMA2_Stream1_IRQHandler
                0x0000000008001e08                CAN1_SCE_IRQHandler
                0x0000000008001e08                FLASH_IRQHandler
                0x0000000008001e08                DMA2_Stream4_IRQHandler
                0x0000000008001e08                USART1_IRQHandler
                0x0000000008001e08                OTG_FS_IRQHandler
                0x0000000008001e08                SPI3_IRQHandler
                0x0000000008001e08                DMA1_Stream4_IRQHandler
                0x0000000008001e08                I2C1_ER_IRQHandler
                0x0000000008001e08                DMA2_Stream6_IRQHandler
                0x0000000008001e08                DMA1_Stream3_IRQHandler
 *fill*         0x0000000008001e0a        0x2 
 .text.HAL_Init
                0x0000000008001e0c       0x44 ./Drivers/STM32F4xx_HAL_Driver/Src/stm32f4xx_hal.o
                0x0000000008001e0c                HAL_Init
 .text.HAL_IncTick
                0x0000000008001e50       0x28 ./Drivers/STM32F4xx_HAL_Driver/Src/stm32f4xx_hal.o
                0x0000000008001e50                HAL_IncTick
 .text.HAL_GetTick
                0x0000000008001e78       0x18 ./Drivers/STM32F4xx_HAL_Driver/Src/stm32f4xx_hal.o
                0x0000000008001e78                HAL_GetTick
 .text.HAL_ADC_Init
                0x0000000008001e90       0x86 ./Drivers/STM32F4xx_HAL_Driver/Src/stm32f4xx_hal_adc.o
                0x0000000008001e90                HAL_ADC_Init
 *fill*         0x0000000008001f16        0x2 
 .text.HAL_ADC_ConfigChannel
                0x0000000008001f18      0x244 ./Drivers/STM32F4xx_HAL_Driver/Src/stm32f4xx_hal_adc.o
                0x0000000008001f18                HAL_ADC_ConfigChannel
 .text.ADC_Init
                0x000000000800215c      0x1f8 ./Drivers/STM32F4xx_HAL_Driver/Src/stm32f4xx_hal_adc.o
 .text.HAL_CAN_Init
                0x0000000008002354      0x1f6 ./Drivers/STM32F4xx_HAL_Driver/Src/stm32f4xx_hal_can.o
                0x0000000008002354                HAL_CAN_Init
 *fill*         0x000000000800254a        0x2 
 .text.__NVIC_SetPriorityGrouping
                0x000000000800254c       0x48 ./Drivers/STM32F4xx_HAL_Driver/Src/stm32f4xx_hal_cortex.o
 .text.__NVIC_GetPriorityGrouping
                0x0000000008002594       0x1c ./Drivers/STM32F4xx_HAL_Driver/Src/stm32f4xx_hal_cortex.o
 .text.__NVIC_EnableIRQ
                0x00000000080025b0       0x3c ./Drivers/STM32F4xx_HAL_Driver/Src/stm32f4xx_hal_cortex.o
 .text.__NVIC_SetPriority
                0x00000000080025ec       0x54 ./Drivers/STM32F4xx_HAL_Driver/Src/stm32f4xx_hal_cortex.o
 .text.NVIC_EncodePriority
                0x0000000008002640       0x66 ./Drivers/STM32F4xx_HAL_Driver/Src/stm32f4xx_hal_cortex.o
 .text.HAL_NVIC_SetPriorityGrouping
                0x00000000080026a6       0x16 ./Drivers/STM32F4xx_HAL_Driver/Src/stm32f4xx_hal_cortex.o
                0x00000000080026a6                HAL_NVIC_SetPriorityGrouping
 .text.HAL_NVIC_SetPriority
                0x00000000080026bc       0x38 ./Drivers/STM32F4xx_HAL_Driver/Src/stm32f4xx_hal_cortex.o
                0x00000000080026bc                HAL_NVIC_SetPriority
 .text.HAL_NVIC_EnableIRQ
                0x00000000080026f4       0x1c ./Drivers/STM32F4xx_HAL_Driver/Src/stm32f4xx_hal_cortex.o
                0x00000000080026f4                HAL_NVIC_EnableIRQ
 .text.HAL_GPIO_Init
                0x0000000008002710      0x338 ./Drivers/STM32F4xx_HAL_Driver/Src/stm32f4xx_hal_gpio.o
                0x0000000008002710                HAL_GPIO_Init
 .text.HAL_GPIO_WritePin
                0x0000000008002a48       0x32 ./Drivers/STM32F4xx_HAL_Driver/Src/stm32f4xx_hal_gpio.o
                0x0000000008002a48                HAL_GPIO_WritePin
 *fill*         0x0000000008002a7a        0x2 
 .text.HAL_I2C_Init
                0x0000000008002a7c      0x288 ./Drivers/STM32F4xx_HAL_Driver/Src/stm32f4xx_hal_i2c.o
                0x0000000008002a7c                HAL_I2C_Init
 .text.HAL_RCC_OscConfig
                0x0000000008002d04      0x4f0 ./Drivers/STM32F4xx_HAL_Driver/Src/stm32f4xx_hal_rcc.o
                0x0000000008002d04                HAL_RCC_OscConfig
 .text.HAL_RCC_ClockConfig
                0x00000000080031f4      0x1cc ./Drivers/STM32F4xx_HAL_Driver/Src/stm32f4xx_hal_rcc.o
                0x00000000080031f4                HAL_RCC_ClockConfig
 .text.HAL_RCC_GetSysClockFreq
                0x00000000080033c0      0x20c ./Drivers/STM32F4xx_HAL_Driver/Src/stm32f4xx_hal_rcc.o
                0x00000000080033c0                HAL_RCC_GetSysClockFreq
 .text.HAL_RCC_GetHCLKFreq
                0x00000000080035cc       0x18 ./Drivers/STM32F4xx_HAL_Driver/Src/stm32f4xx_hal_rcc.o
                0x00000000080035cc                HAL_RCC_GetHCLKFreq
 .text.HAL_RCC_GetPCLK1Freq
                0x00000000080035e4       0x28 ./Drivers/STM32F4xx_HAL_Driver/Src/stm32f4xx_hal_rcc.o
                0x00000000080035e4                HAL_RCC_GetPCLK1Freq
 .text.HAL_RCC_GetPCLK2Freq
                0x000000000800360c       0x28 ./Drivers/STM32F4xx_HAL_Driver/Src/stm32f4xx_hal_rcc.o
                0x000000000800360c                HAL_RCC_GetPCLK2Freq
 .text.HAL_RCC_GetClockConfig
                0x0000000008003634       0x64 ./Drivers/STM32F4xx_HAL_Driver/Src/stm32f4xx_hal_rcc.o
                0x0000000008003634                HAL_RCC_GetClockConfig
 .text.HAL_SPI_Init
                0x0000000008003698      0x112 ./Drivers/STM32F4xx_HAL_Driver/Src/stm32f4xx_hal_spi.o
                0x0000000008003698                HAL_SPI_Init
 .text.HAL_TIM_Base_Init
                0x00000000080037aa       0x9e ./Drivers/STM32F4xx_HAL_Driver/Src/stm32f4xx_hal_tim.o
                0x00000000080037aa                HAL_TIM_Base_Init
 .text.HAL_TIM_Base_Start_IT
                0x0000000008003848       0xe0 ./Drivers/STM32F4xx_HAL_Driver/Src/stm32f4xx_hal_tim.o
                0x0000000008003848                HAL_TIM_Base_Start_IT
 .text.HAL_TIM_PWM_Init
                0x0000000008003928       0x9e ./Drivers/STM32F4xx_HAL_Driver/Src/stm32f4xx_hal_tim.o
                0x0000000008003928                HAL_TIM_PWM_Init
 .text.HAL_TIM_PWM_MspInit
                0x00000000080039c6       0x14 ./Drivers/STM32F4xx_HAL_Driver/Src/stm32f4xx_hal_tim.o
                0x00000000080039c6                HAL_TIM_PWM_MspInit
 *fill*         0x00000000080039da        0x2 
 .text.HAL_TIM_PWM_Start
                0x00000000080039dc      0x190 ./Drivers/STM32F4xx_HAL_Driver/Src/stm32f4xx_hal_tim.o
                0x00000000080039dc                HAL_TIM_PWM_Start
 .text.HAL_TIM_IRQHandler
                0x0000000008003b6c      0x210 ./Drivers/STM32F4xx_HAL_Driver/Src/stm32f4xx_hal_tim.o
                0x0000000008003b6c                HAL_TIM_IRQHandler
 .text.HAL_TIM_PWM_ConfigChannel
                0x0000000008003d7c      0x184 ./Drivers/STM32F4xx_HAL_Driver/Src/stm32f4xx_hal_tim.o
                0x0000000008003d7c                HAL_TIM_PWM_ConfigChannel
 .text.HAL_TIM_ConfigClockSource
                0x0000000008003f00      0x18e ./Drivers/STM32F4xx_HAL_Driver/Src/stm32f4xx_hal_tim.o
                0x0000000008003f00                HAL_TIM_ConfigClockSource
 .text.HAL_TIM_OC_DelayElapsedCallback
                0x000000000800408e       0x14 ./Drivers/STM32F4xx_HAL_Driver/Src/stm32f4xx_hal_tim.o
                0x000000000800408e                HAL_TIM_OC_DelayElapsedCallback
 .text.HAL_TIM_IC_CaptureCallback
                0x00000000080040a2       0x14 ./Drivers/STM32F4xx_HAL_Driver/Src/stm32f4xx_hal_tim.o
                0x00000000080040a2                HAL_TIM_IC_CaptureCallback
 .text.HAL_TIM_PWM_PulseFinishedCallback
                0x00000000080040b6       0x14 ./Drivers/STM32F4xx_HAL_Driver/Src/stm32f4xx_hal_tim.o
                0x00000000080040b6                HAL_TIM_PWM_PulseFinishedCallback
 .text.HAL_TIM_TriggerCallback
                0x00000000080040ca       0x14 ./Drivers/STM32F4xx_HAL_Driver/Src/stm32f4xx_hal_tim.o
                0x00000000080040ca                HAL_TIM_TriggerCallback
 *fill*         0x00000000080040de        0x2 
 .text.TIM_Base_SetConfig
                0x00000000080040e0      0x140 ./Drivers/STM32F4xx_HAL_Driver/Src/stm32f4xx_hal_tim.o
                0x00000000080040e0                TIM_Base_SetConfig
 .text.TIM_OC1_SetConfig
                0x0000000008004220       0xe0 ./Drivers/STM32F4xx_HAL_Driver/Src/stm32f4xx_hal_tim.o
 .text.TIM_OC2_SetConfig
                0x0000000008004300       0xec ./Drivers/STM32F4xx_HAL_Driver/Src/stm32f4xx_hal_tim.o
                0x0000000008004300                TIM_OC2_SetConfig
 .text.TIM_OC3_SetConfig
                0x00000000080043ec       0xe8 ./Drivers/STM32F4xx_HAL_Driver/Src/stm32f4xx_hal_tim.o
 .text.TIM_OC4_SetConfig
                0x00000000080044d4       0xac ./Drivers/STM32F4xx_HAL_Driver/Src/stm32f4xx_hal_tim.o
 .text.TIM_TI1_ConfigInputStage
                0x0000000008004580       0x5e ./Drivers/STM32F4xx_HAL_Driver/Src/stm32f4xx_hal_tim.o
 .text.TIM_TI2_ConfigInputStage
                0x00000000080045de       0x60 ./Drivers/STM32F4xx_HAL_Driver/Src/stm32f4xx_hal_tim.o
 .text.TIM_ITRx_SetConfig
                0x000000000800463e       0x36 ./Drivers/STM32F4xx_HAL_Driver/Src/stm32f4xx_hal_tim.o
 .text.TIM_ETR_SetConfig
                0x0000000008004674       0x40 ./Drivers/STM32F4xx_HAL_Driver/Src/stm32f4xx_hal_tim.o
                0x0000000008004674                TIM_ETR_SetConfig
 .text.TIM_CCxChannelCmd
                0x00000000080046b4       0x4a ./Drivers/STM32F4xx_HAL_Driver/Src/stm32f4xx_hal_tim.o
                0x00000000080046b4                TIM_CCxChannelCmd
 *fill*         0x00000000080046fe        0x2 
 .text.HAL_TIMEx_MasterConfigSynchronization
                0x0000000008004700       0xf8 ./Drivers/STM32F4xx_HAL_Driver/Src/stm32f4xx_hal_tim_ex.o
                0x0000000008004700                HAL_TIMEx_MasterConfigSynchronization
 .text.HAL_TIMEx_ConfigBreakDeadTime
                0x00000000080047f8       0xa4 ./Drivers/STM32F4xx_HAL_Driver/Src/stm32f4xx_hal_tim_ex.o
                0x00000000080047f8                HAL_TIMEx_ConfigBreakDeadTime
 .text.HAL_TIMEx_CommutCallback
                0x000000000800489c       0x14 ./Drivers/STM32F4xx_HAL_Driver/Src/stm32f4xx_hal_tim_ex.o
                0x000000000800489c                HAL_TIMEx_CommutCallback
 .text.HAL_TIMEx_BreakCallback
                0x00000000080048b0       0x14 ./Drivers/STM32F4xx_HAL_Driver/Src/stm32f4xx_hal_tim_ex.o
                0x00000000080048b0                HAL_TIMEx_BreakCallback
 .text.HAL_UART_Init
                0x00000000080048c4       0x9a ./Drivers/STM32F4xx_HAL_Driver/Src/stm32f4xx_hal_uart.o
                0x00000000080048c4                HAL_UART_Init
 *fill*         0x000000000800495e        0x2 
 .text.UART_SetConfig
                0x0000000008004960      0x4e8 ./Drivers/STM32F4xx_HAL_Driver/Src/stm32f4xx_hal_uart.o
 .text.makeFreeRtosPriority
                0x0000000008004e48       0x30 ./Middlewares/Third_Party/FreeRTOS/Source/CMSIS_RTOS/cmsis_os.o
 .text.osKernelStart
                0x0000000008004e78        0xe ./Middlewares/Third_Party/FreeRTOS/Source/CMSIS_RTOS/cmsis_os.o
                0x0000000008004e78                osKernelStart
 .text.osThreadCreate
                0x0000000008004e86       0x98 ./Middlewares/Third_Party/FreeRTOS/Source/CMSIS_RTOS/cmsis_os.o
                0x0000000008004e86                osThreadCreate
 .text.osDelay  0x0000000008004f1e       0x28 ./Middlewares/Third_Party/FreeRTOS/Source/CMSIS_RTOS/cmsis_os.o
                0x0000000008004f1e                osDelay
 .text.osMutexCreate
                0x0000000008004f46       0x30 ./Middlewares/Third_Party/FreeRTOS/Source/CMSIS_RTOS/cmsis_os.o
                0x0000000008004f46                osMutexCreate
 .text.vListInitialise
                0x0000000008004f76       0x40 ./Middlewares/Third_Party/FreeRTOS/Source/list.o
                0x0000000008004f76                vListInitialise
 .text.vListInitialiseItem
                0x0000000008004fb6       0x1a ./Middlewares/Third_Party/FreeRTOS/Source/list.o
                0x0000000008004fb6                vListInitialiseItem
 .text.vListInsertEnd
                0x0000000008004fd0       0x48 ./Middlewares/Third_Party/FreeRTOS/Source/list.o
                0x0000000008004fd0                vListInsertEnd
 .text.vListInsert
                0x0000000008005018       0x72 ./Middlewares/Third_Party/FreeRTOS/Source/list.o
                0x0000000008005018                vListInsert
 .text.uxListRemove
                0x000000000800508a       0x54 ./Middlewares/Third_Party/FreeRTOS/Source/list.o
                0x000000000800508a                uxListRemove
 *fill*         0x00000000080050de        0x2 
 .text.xQueueGenericReset
                0x00000000080050e0       0xd0 ./Middlewares/Third_Party/FreeRTOS/Source/queue.o
                0x00000000080050e0                xQueueGenericReset
 .text.xQueueGenericCreateStatic
                0x00000000080051b0       0xf0 ./Middlewares/Third_Party/FreeRTOS/Source/queue.o
                0x00000000080051b0                xQueueGenericCreateStatic
 .text.xQueueGenericCreate
                0x00000000080052a0       0x74 ./Middlewares/Third_Party/FreeRTOS/Source/queue.o
                0x00000000080052a0                xQueueGenericCreate
 .text.prvInitialiseNewQueue
                0x0000000008005314       0x3e ./Middlewares/Third_Party/FreeRTOS/Source/queue.o
 .text.prvInitialiseMutex
                0x0000000008005352       0x34 ./Middlewares/Third_Party/FreeRTOS/Source/queue.o
 .text.xQueueCreateMutex
                0x0000000008005386       0x30 ./Middlewares/Third_Party/FreeRTOS/Source/queue.o
                0x0000000008005386                xQueueCreateMutex
 .text.xQueueCreateMutexStatic
                0x00000000080053b6       0x36 ./Middlewares/Third_Party/FreeRTOS/Source/queue.o
                0x00000000080053b6                xQueueCreateMutexStatic
 .text.xQueueGenericSend
                0x00000000080053ec      0x1fc ./Middlewares/Third_Party/FreeRTOS/Source/queue.o
                0x00000000080053ec                xQueueGenericSend
 .text.prvCopyDataToQueue
                0x00000000080055e8       0xd4 ./Middlewares/Third_Party/FreeRTOS/Source/queue.o
 .text.prvUnlockQueue
                0x00000000080056bc       0xa4 ./Middlewares/Third_Party/FreeRTOS/Source/queue.o
 .text.prvIsQueueFull
                0x0000000008005760       0x30 ./Middlewares/Third_Party/FreeRTOS/Source/queue.o
 .text.xTaskCreateStatic
                0x0000000008005790       0xba ./Middlewares/Third_Party/FreeRTOS/Source/tasks.o
                0x0000000008005790                xTaskCreateStatic
 .text.xTaskCreate
                0x000000000800584a       0x8a ./Middlewares/Third_Party/FreeRTOS/Source/tasks.o
                0x000000000800584a                xTaskCreate
 .text.prvInitialiseNewTask
                0x00000000080058d4      0x13c ./Middlewares/Third_Party/FreeRTOS/Source/tasks.o
 .text.prvAddNewTaskToReadyList
                0x0000000008005a10       0xd4 ./Middlewares/Third_Party/FreeRTOS/Source/tasks.o
 .text.vTaskDelay
                0x0000000008005ae4       0x68 ./Middlewares/Third_Party/FreeRTOS/Source/tasks.o
                0x0000000008005ae4                vTaskDelay
 .text.vTaskStartScheduler
                0x0000000008005b4c       0xd4 ./Middlewares/Third_Party/FreeRTOS/Source/tasks.o
                0x0000000008005b4c                vTaskStartScheduler
 .text.vTaskSuspendAll
                0x0000000008005c20       0x1c ./Middlewares/Third_Party/FreeRTOS/Source/tasks.o
                0x0000000008005c20                vTaskSuspendAll
 .text.xTaskResumeAll
                0x0000000008005c3c      0x138 ./Middlewares/Third_Party/FreeRTOS/Source/tasks.o
                0x0000000008005c3c                xTaskResumeAll
 .text.xTaskIncrementTick
                0x0000000008005d74      0x170 ./Middlewares/Third_Party/FreeRTOS/Source/tasks.o
                0x0000000008005d74                xTaskIncrementTick
 .text.vTaskSwitchContext
                0x0000000008005ee4       0xc4 ./Middlewares/Third_Party/FreeRTOS/Source/tasks.o
                0x0000000008005ee4                vTaskSwitchContext
 .text.vTaskPlaceOnEventList
                0x0000000008005fa8       0x48 ./Middlewares/Third_Party/FreeRTOS/Source/tasks.o
                0x0000000008005fa8                vTaskPlaceOnEventList
 .text.xTaskRemoveFromEventList
                0x0000000008005ff0       0xc4 ./Middlewares/Third_Party/FreeRTOS/Source/tasks.o
                0x0000000008005ff0                xTaskRemoveFromEventList
 .text.vTaskInternalSetTimeOutState
                0x00000000080060b4       0x2c ./Middlewares/Third_Party/FreeRTOS/Source/tasks.o
                0x00000000080060b4                vTaskInternalSetTimeOutState
 .text.xTaskCheckForTimeOut
                0x00000000080060e0       0xc4 ./Middlewares/Third_Party/FreeRTOS/Source/tasks.o
                0x00000000080060e0                xTaskCheckForTimeOut
 .text.vTaskMissedYield
                0x00000000080061a4       0x18 ./Middlewares/Third_Party/FreeRTOS/Source/tasks.o
                0x00000000080061a4                vTaskMissedYield
 .text.prvIdleTask
                0x00000000080061bc       0x30 ./Middlewares/Third_Party/FreeRTOS/Source/tasks.o
 .text.prvInitialiseTaskLists
                0x00000000080061ec       0x80 ./Middlewares/Third_Party/FreeRTOS/Source/tasks.o
 .text.prvCheckTasksWaitingTermination
                0x000000000800626c       0x5c ./Middlewares/Third_Party/FreeRTOS/Source/tasks.o
 .text.prvDeleteTCB
                0x00000000080062c8       0x68 ./Middlewares/Third_Party/FreeRTOS/Source/tasks.o
 .text.prvResetNextTaskUnblockTime
                0x0000000008006330       0x40 ./Middlewares/Third_Party/FreeRTOS/Source/tasks.o
 .text.xTaskGetSchedulerState
                0x0000000008006370       0x3c ./Middlewares/Third_Party/FreeRTOS/Source/tasks.o
                0x0000000008006370                xTaskGetSchedulerState
 .text.xTaskPriorityDisinherit
                0x00000000080063ac      0x10c ./Middlewares/Third_Party/FreeRTOS/Source/tasks.o
                0x00000000080063ac                xTaskPriorityDisinherit
 .text.prvAddCurrentTaskToDelayedList
                0x00000000080064b8       0xcc ./Middlewares/Third_Party/FreeRTOS/Source/tasks.o
 .text.pxPortInitialiseStack
                0x0000000008006584       0x68 ./Middlewares/Third_Party/FreeRTOS/Source/portable/GCC/ARM_CM4F/port.o
                0x0000000008006584                pxPortInitialiseStack
 .text.prvTaskExitError
                0x00000000080065ec       0x58 ./Middlewares/Third_Party/FreeRTOS/Source/portable/GCC/ARM_CM4F/port.o
 *fill*         0x0000000008006644        0xc 
 .text.SVC_Handler
                0x0000000008006650       0x28 ./Middlewares/Third_Party/FreeRTOS/Source/portable/GCC/ARM_CM4F/port.o
                0x0000000008006650                SVC_Handler
 .text.prvPortStartFirstTask
                0x0000000008006678       0x28 ./Middlewares/Third_Party/FreeRTOS/Source/portable/GCC/ARM_CM4F/port.o
 .text.xPortStartScheduler
                0x00000000080066a0      0x144 ./Middlewares/Third_Party/FreeRTOS/Source/portable/GCC/ARM_CM4F/port.o
                0x00000000080066a0                xPortStartScheduler
 .text.vPortEnterCritical
                0x00000000080067e4       0x60 ./Middlewares/Third_Party/FreeRTOS/Source/portable/GCC/ARM_CM4F/port.o
                0x00000000080067e4                vPortEnterCritical
 .text.vPortExitCritical
                0x0000000008006844       0x54 ./Middlewares/Third_Party/FreeRTOS/Source/portable/GCC/ARM_CM4F/port.o
                0x0000000008006844                vPortExitCritical
 *fill*         0x0000000008006898        0x8 
 .text.PendSV_Handler
                0x00000000080068a0       0x68 ./Middlewares/Third_Party/FreeRTOS/Source/portable/GCC/ARM_CM4F/port.o
                0x00000000080068a0                PendSV_Handler
 .text.SysTick_Handler
                0x0000000008006908       0x44 ./Middlewares/Third_Party/FreeRTOS/Source/portable/GCC/ARM_CM4F/port.o
                0x0000000008006908                SysTick_Handler
 .text.vPortSetupTimerInterrupt
                0x000000000800694c       0x48 ./Middlewares/Third_Party/FreeRTOS/Source/portable/GCC/ARM_CM4F/port.o
                0x000000000800694c                vPortSetupTimerInterrupt
 .text.vPortEnableVFP
                0x0000000008006994       0x14 ./Middlewares/Third_Party/FreeRTOS/Source/portable/GCC/ARM_CM4F/port.o
 .text.pvPortMalloc
                0x00000000080069a8      0x198 ./Middlewares/Third_Party/FreeRTOS/Source/portable/MemMang/heap_4.o
                0x00000000080069a8                pvPortMalloc
 .text.vPortFree
                0x0000000008006b40       0xc4 ./Middlewares/Third_Party/FreeRTOS/Source/portable/MemMang/heap_4.o
                0x0000000008006b40                vPortFree
 .text.prvHeapInit
                0x0000000008006c04       0xc4 ./Middlewares/Third_Party/FreeRTOS/Source/portable/MemMang/heap_4.o
 .text.prvInsertBlockIntoFreeList
                0x0000000008006cc8       0xb4 ./Middlewares/Third_Party/FreeRTOS/Source/portable/MemMang/heap_4.o
 .text.__libc_init_array
                0x0000000008006d7c       0x48 c:/st/stm32cubeide_1.11.0/stm32cubeide/plugins/com.st.stm32cube.ide.mcu.externaltools.gnu-tools-for-stm32.10.3-2021.10.win32_1.0.100.202210260954/tools/bin/../lib/gcc/arm-none-eabi/10.3.1/../../../../arm-none-eabi/lib/thumb/v7e-m+fp/hard\libc_nano.a(lib_a-init.o)
                0x0000000008006d7c                __libc_init_array
 .text.__retarget_lock_acquire_recursive
                0x0000000008006dc4        0x2 c:/st/stm32cubeide_1.11.0/stm32cubeide/plugins/com.st.stm32cube.ide.mcu.externaltools.gnu-tools-for-stm32.10.3-2021.10.win32_1.0.100.202210260954/tools/bin/../lib/gcc/arm-none-eabi/10.3.1/../../../../arm-none-eabi/lib/thumb/v7e-m+fp/hard\libc_nano.a(lib_a-lock.o)
                0x0000000008006dc4                __retarget_lock_acquire_recursive
 .text.__retarget_lock_release_recursive
                0x0000000008006dc6        0x2 c:/st/stm32cubeide_1.11.0/stm32cubeide/plugins/com.st.stm32cube.ide.mcu.externaltools.gnu-tools-for-stm32.10.3-2021.10.win32_1.0.100.202210260954/tools/bin/../lib/gcc/arm-none-eabi/10.3.1/../../../../arm-none-eabi/lib/thumb/v7e-m+fp/hard\libc_nano.a(lib_a-lock.o)
                0x0000000008006dc6                __retarget_lock_release_recursive
 .text.memcpy   0x0000000008006dc8       0x1c c:/st/stm32cubeide_1.11.0/stm32cubeide/plugins/com.st.stm32cube.ide.mcu.externaltools.gnu-tools-for-stm32.10.3-2021.10.win32_1.0.100.202210260954/tools/bin/../lib/gcc/arm-none-eabi/10.3.1/../../../../arm-none-eabi/lib/thumb/v7e-m+fp/hard\libc_nano.a(lib_a-memcpy-stub.o)
                0x0000000008006dc8                memcpy
 .text.memset   0x0000000008006de4       0x10 c:/st/stm32cubeide_1.11.0/stm32cubeide/plugins/com.st.stm32cube.ide.mcu.externaltools.gnu-tools-for-stm32.10.3-2021.10.win32_1.0.100.202210260954/tools/bin/../lib/gcc/arm-none-eabi/10.3.1/../../../../arm-none-eabi/lib/thumb/v7e-m+fp/hard\libc_nano.a(lib_a-memset.o)
                0x0000000008006de4                memset
 .text.cleanup_glue
                0x0000000008006df4       0x1a c:/st/stm32cubeide_1.11.0/stm32cubeide/plugins/com.st.stm32cube.ide.mcu.externaltools.gnu-tools-for-stm32.10.3-2021.10.win32_1.0.100.202210260954/tools/bin/../lib/gcc/arm-none-eabi/10.3.1/../../../../arm-none-eabi/lib/thumb/v7e-m+fp/hard\libc_nano.a(lib_a-reent.o)
                0x0000000008006df4                cleanup_glue
 *fill*         0x0000000008006e0e        0x2 
 .text._reclaim_reent
                0x0000000008006e10       0xb8 c:/st/stm32cubeide_1.11.0/stm32cubeide/plugins/com.st.stm32cube.ide.mcu.externaltools.gnu-tools-for-stm32.10.3-2021.10.win32_1.0.100.202210260954/tools/bin/../lib/gcc/arm-none-eabi/10.3.1/../../../../arm-none-eabi/lib/thumb/v7e-m+fp/hard\libc_nano.a(lib_a-reent.o)
                0x0000000008006e10                _reclaim_reent
 .text.__malloc_lock
                0x0000000008006ec8        0xc c:/st/stm32cubeide_1.11.0/stm32cubeide/plugins/com.st.stm32cube.ide.mcu.externaltools.gnu-tools-for-stm32.10.3-2021.10.win32_1.0.100.202210260954/tools/bin/../lib/gcc/arm-none-eabi/10.3.1/../../../../arm-none-eabi/lib/thumb/v7e-m+fp/hard\libc_nano.a(lib_a-mlock.o)
                0x0000000008006ec8                __malloc_lock
 .text.__malloc_unlock
                0x0000000008006ed4        0xc c:/st/stm32cubeide_1.11.0/stm32cubeide/plugins/com.st.stm32cube.ide.mcu.externaltools.gnu-tools-for-stm32.10.3-2021.10.win32_1.0.100.202210260954/tools/bin/../lib/gcc/arm-none-eabi/10.3.1/../../../../arm-none-eabi/lib/thumb/v7e-m+fp/hard\libc_nano.a(lib_a-mlock.o)
                0x0000000008006ed4                __malloc_unlock
 .text._free_r  0x0000000008006ee0       0x98 c:/st/stm32cubeide_1.11.0/stm32cubeide/plugins/com.st.stm32cube.ide.mcu.externaltools.gnu-tools-for-stm32.10.3-2021.10.win32_1.0.100.202210260954/tools/bin/../lib/gcc/arm-none-eabi/10.3.1/../../../../arm-none-eabi/lib/thumb/v7e-m+fp/hard\libc_nano.a(lib_a-nano-freer.o)
                0x0000000008006ee0                _free_r
 *(.glue_7)
 .glue_7        0x0000000008006f78        0x0 linker stubs
 *(.glue_7t)
 .glue_7t       0x0000000008006f78        0x0 linker stubs
 *(.eh_frame)
 .eh_frame      0x0000000008006f78        0x0 c:/st/stm32cubeide_1.11.0/stm32cubeide/plugins/com.st.stm32cube.ide.mcu.externaltools.gnu-tools-for-stm32.10.3-2021.10.win32_1.0.100.202210260954/tools/bin/../lib/gcc/arm-none-eabi/10.3.1/thumb/v7e-m+fp/hard/crtbegin.o
 *(.init)
 .init          0x0000000008006f78        0x4 c:/st/stm32cubeide_1.11.0/stm32cubeide/plugins/com.st.stm32cube.ide.mcu.externaltools.gnu-tools-for-stm32.10.3-2021.10.win32_1.0.100.202210260954/tools/bin/../lib/gcc/arm-none-eabi/10.3.1/thumb/v7e-m+fp/hard/crti.o
                0x0000000008006f78                _init
 .init          0x0000000008006f7c        0x8 c:/st/stm32cubeide_1.11.0/stm32cubeide/plugins/com.st.stm32cube.ide.mcu.externaltools.gnu-tools-for-stm32.10.3-2021.10.win32_1.0.100.202210260954/tools/bin/../lib/gcc/arm-none-eabi/10.3.1/thumb/v7e-m+fp/hard/crtn.o
 *(.fini)
 .fini          0x0000000008006f84        0x4 c:/st/stm32cubeide_1.11.0/stm32cubeide/plugins/com.st.stm32cube.ide.mcu.externaltools.gnu-tools-for-stm32.10.3-2021.10.win32_1.0.100.202210260954/tools/bin/../lib/gcc/arm-none-eabi/10.3.1/thumb/v7e-m+fp/hard/crti.o
                0x0000000008006f84                _fini
 .fini          0x0000000008006f88        0x8 c:/st/stm32cubeide_1.11.0/stm32cubeide/plugins/com.st.stm32cube.ide.mcu.externaltools.gnu-tools-for-stm32.10.3-2021.10.win32_1.0.100.202210260954/tools/bin/../lib/gcc/arm-none-eabi/10.3.1/thumb/v7e-m+fp/hard/crtn.o
                0x0000000008006f90                . = ALIGN (0x4)
                0x0000000008006f90                _etext = .

.vfp11_veneer   0x0000000008006f90        0x0
 .vfp11_veneer  0x0000000008006f90        0x0 linker stubs

.v4_bx          0x0000000008006f90        0x0
 .v4_bx         0x0000000008006f90        0x0 linker stubs

.iplt           0x0000000008006f90        0x0
 .iplt          0x0000000008006f90        0x0 c:/st/stm32cubeide_1.11.0/stm32cubeide/plugins/com.st.stm32cube.ide.mcu.externaltools.gnu-tools-for-stm32.10.3-2021.10.win32_1.0.100.202210260954/tools/bin/../lib/gcc/arm-none-eabi/10.3.1/thumb/v7e-m+fp/hard/crtbegin.o

.rodata         0x0000000008006f90      0x134
                0x0000000008006f90                . = ALIGN (0x4)
 *(.rodata)
 .rodata        0x0000000008006f90       0xb4 ./Core/Src/freertos.o
 .rodata        0x0000000008007044        0x5 ./Middlewares/Third_Party/FreeRTOS/Source/tasks.o
 *(.rodata*)
 *fill*         0x0000000008007049        0x3 
 .rodata.AHBPrescTable
                0x000000000800704c       0x10 ./Core/Src/system_stm32f4xx.o
                0x000000000800704c                AHBPrescTable
 .rodata.APBPrescTable
                0x000000000800705c        0x8 ./Core/Src/system_stm32f4xx.o
                0x000000000800705c                APBPrescTable
 .rodata.__sf_fake_stderr
                0x0000000008007064       0x20 c:/st/stm32cubeide_1.11.0/stm32cubeide/plugins/com.st.stm32cube.ide.mcu.externaltools.gnu-tools-for-stm32.10.3-2021.10.win32_1.0.100.202210260954/tools/bin/../lib/gcc/arm-none-eabi/10.3.1/../../../../arm-none-eabi/lib/thumb/v7e-m+fp/hard\libc_nano.a(lib_a-findfp.o)
                0x0000000008007064                __sf_fake_stderr
 .rodata.__sf_fake_stdin
                0x0000000008007084       0x20 c:/st/stm32cubeide_1.11.0/stm32cubeide/plugins/com.st.stm32cube.ide.mcu.externaltools.gnu-tools-for-stm32.10.3-2021.10.win32_1.0.100.202210260954/tools/bin/../lib/gcc/arm-none-eabi/10.3.1/../../../../arm-none-eabi/lib/thumb/v7e-m+fp/hard\libc_nano.a(lib_a-findfp.o)
                0x0000000008007084                __sf_fake_stdin
 .rodata.__sf_fake_stdout
                0x00000000080070a4       0x20 c:/st/stm32cubeide_1.11.0/stm32cubeide/plugins/com.st.stm32cube.ide.mcu.externaltools.gnu-tools-for-stm32.10.3-2021.10.win32_1.0.100.202210260954/tools/bin/../lib/gcc/arm-none-eabi/10.3.1/../../../../arm-none-eabi/lib/thumb/v7e-m+fp/hard\libc_nano.a(lib_a-findfp.o)
                0x00000000080070a4                __sf_fake_stdout
                0x00000000080070c4                . = ALIGN (0x4)

.ARM.extab      0x00000000080070c4        0x0
                0x00000000080070c4                . = ALIGN (0x4)
 *(.ARM.extab* .gnu.linkonce.armextab.*)
                0x00000000080070c4                . = ALIGN (0x4)

.ARM            0x00000000080070c4        0x8
                0x00000000080070c4                . = ALIGN (0x4)
                0x00000000080070c4                __exidx_start = .
 *(.ARM.exidx*)
 .ARM.exidx     0x00000000080070c4        0x8 c:/st/stm32cubeide_1.11.0/stm32cubeide/plugins/com.st.stm32cube.ide.mcu.externaltools.gnu-tools-for-stm32.10.3-2021.10.win32_1.0.100.202210260954/tools/bin/../lib/gcc/arm-none-eabi/10.3.1/thumb/v7e-m+fp/hard\libgcc.a(_udivmoddi4.o)
                0x00000000080070cc                __exidx_end = .
                0x00000000080070cc                . = ALIGN (0x4)

.rel.dyn        0x00000000080070cc        0x0
 .rel.iplt      0x00000000080070cc        0x0 c:/st/stm32cubeide_1.11.0/stm32cubeide/plugins/com.st.stm32cube.ide.mcu.externaltools.gnu-tools-for-stm32.10.3-2021.10.win32_1.0.100.202210260954/tools/bin/../lib/gcc/arm-none-eabi/10.3.1/thumb/v7e-m+fp/hard/crtbegin.o

.preinit_array  0x00000000080070cc        0x0
                0x00000000080070cc                . = ALIGN (0x4)
                0x00000000080070cc                PROVIDE (__preinit_array_start = .)
 *(.preinit_array*)
                0x00000000080070cc                PROVIDE (__preinit_array_end = .)
                0x00000000080070cc                . = ALIGN (0x4)

.init_array     0x00000000080070cc        0x4
                0x00000000080070cc                . = ALIGN (0x4)
                0x00000000080070cc                PROVIDE (__init_array_start = .)
 *(SORT_BY_NAME(.init_array.*))
 *(.init_array*)
 .init_array    0x00000000080070cc        0x4 c:/st/stm32cubeide_1.11.0/stm32cubeide/plugins/com.st.stm32cube.ide.mcu.externaltools.gnu-tools-for-stm32.10.3-2021.10.win32_1.0.100.202210260954/tools/bin/../lib/gcc/arm-none-eabi/10.3.1/thumb/v7e-m+fp/hard/crtbegin.o
                0x00000000080070d0                PROVIDE (__init_array_end = .)
                0x00000000080070d0                . = ALIGN (0x4)

.fini_array     0x00000000080070d0        0x4
                0x00000000080070d0                . = ALIGN (0x4)
                [!provide]                        PROVIDE (__fini_array_start = .)
 *(SORT_BY_NAME(.fini_array.*))
 *(.fini_array*)
 .fini_array    0x00000000080070d0        0x4 c:/st/stm32cubeide_1.11.0/stm32cubeide/plugins/com.st.stm32cube.ide.mcu.externaltools.gnu-tools-for-stm32.10.3-2021.10.win32_1.0.100.202210260954/tools/bin/../lib/gcc/arm-none-eabi/10.3.1/thumb/v7e-m+fp/hard/crtbegin.o
                [!provide]                        PROVIDE (__fini_array_end = .)
                0x00000000080070d4                . = ALIGN (0x4)
                0x00000000080070d4                _sidata = LOADADDR (.data)

.data           0x0000000020000000       0x74 load address 0x00000000080070d4
                0x0000000020000000                . = ALIGN (0x4)
                0x0000000020000000                _sdata = .
 *(.data)
 *(.data*)
 .data.SystemCoreClock
                0x0000000020000000        0x4 ./Core/Src/system_stm32f4xx.o
                0x0000000020000000                SystemCoreClock
 .data.uwTickPrio
                0x0000000020000004        0x4 ./Drivers/STM32F4xx_HAL_Driver/Src/stm32f4xx_hal.o
                0x0000000020000004                uwTickPrio
 .data.uwTickFreq
                0x0000000020000008        0x1 ./Drivers/STM32F4xx_HAL_Driver/Src/stm32f4xx_hal.o
                0x0000000020000008                uwTickFreq
 *fill*         0x0000000020000009        0x3 
 .data.uxCriticalNesting
                0x000000002000000c        0x4 ./Middlewares/Third_Party/FreeRTOS/Source/portable/GCC/ARM_CM4F/port.o
 .data._impure_ptr
                0x0000000020000010        0x4 c:/st/stm32cubeide_1.11.0/stm32cubeide/plugins/com.st.stm32cube.ide.mcu.externaltools.gnu-tools-for-stm32.10.3-2021.10.win32_1.0.100.202210260954/tools/bin/../lib/gcc/arm-none-eabi/10.3.1/../../../../arm-none-eabi/lib/thumb/v7e-m+fp/hard\libc_nano.a(lib_a-impure.o)
                0x0000000020000010                _impure_ptr
 .data.impure_data
                0x0000000020000014       0x60 c:/st/stm32cubeide_1.11.0/stm32cubeide/plugins/com.st.stm32cube.ide.mcu.externaltools.gnu-tools-for-stm32.10.3-2021.10.win32_1.0.100.202210260954/tools/bin/../lib/gcc/arm-none-eabi/10.3.1/../../../../arm-none-eabi/lib/thumb/v7e-m+fp/hard\libc_nano.a(lib_a-impure.o)
 *(.RamFunc)
 *(.RamFunc*)
                0x0000000020000074                . = ALIGN (0x4)
                0x0000000020000074                _edata = .
                0x0000000008007148                _siccmram = LOADADDR (.ccmram)

.igot.plt       0x0000000020000074        0x0 load address 0x0000000008007148
 .igot.plt      0x0000000020000074        0x0 c:/st/stm32cubeide_1.11.0/stm32cubeide/plugins/com.st.stm32cube.ide.mcu.externaltools.gnu-tools-for-stm32.10.3-2021.10.win32_1.0.100.202210260954/tools/bin/../lib/gcc/arm-none-eabi/10.3.1/thumb/v7e-m+fp/hard/crtbegin.o

.ccmram         0x0000000010000000        0x0 load address 0x0000000008007148
                0x0000000010000000                . = ALIGN (0x4)
                0x0000000010000000                _sccmram = .
 *(.ccmram)
 *(.ccmram*)
                0x0000000010000000                . = ALIGN (0x4)
                0x0000000010000000                _eccmram = .
                0x0000000010000000                . = ALIGN (0x4)

.bss            0x0000000020000074     0x4484
                0x0000000020000074                _sbss = .
                0x0000000020000074                __bss_start__ = _sbss
 *(.bss)
 .bss           0x0000000020000074       0x1c c:/st/stm32cubeide_1.11.0/stm32cubeide/plugins/com.st.stm32cube.ide.mcu.externaltools.gnu-tools-for-stm32.10.3-2021.10.win32_1.0.100.202210260954/tools/bin/../lib/gcc/arm-none-eabi/10.3.1/thumb/v7e-m+fp/hard/crtbegin.o
 *(.bss*)
 .bss.hadc1     0x0000000020000090       0x48 ./Core/Src/adc.o
                0x0000000020000090                hadc1
 .bss.hcan1     0x00000000200000d8       0x28 ./Core/Src/can.o
                0x00000000200000d8                hcan1
 .bss.Task01Handle
                0x0000000020000100        0x4 ./Core/Src/freertos.o
                0x0000000020000100                Task01Handle
 .bss.Task02Handle
                0x0000000020000104        0x4 ./Core/Src/freertos.o
                0x0000000020000104                Task02Handle
 .bss.Task03Handle
                0x0000000020000108        0x4 ./Core/Src/freertos.o
                0x0000000020000108                Task03Handle
 .bss.Task04Handle
                0x000000002000010c        0x4 ./Core/Src/freertos.o
                0x000000002000010c                Task04Handle
 .bss.Task05Handle
                0x0000000020000110        0x4 ./Core/Src/freertos.o
                0x0000000020000110                Task05Handle
 .bss.Mutex01Handle
                0x0000000020000114        0x4 ./Core/Src/freertos.o
                0x0000000020000114                Mutex01Handle
 .bss.xIdleTaskTCBBuffer
                0x0000000020000118       0xb4 ./Core/Src/freertos.o
 .bss.xIdleStack
                0x00000000200001cc      0x200 ./Core/Src/freertos.o
 .bss.hi2c1     0x00000000200003cc       0x54 ./Core/Src/i2c.o
                0x00000000200003cc                hi2c1
 .bss.hi2c2     0x0000000020000420       0x54 ./Core/Src/i2c.o
                0x0000000020000420                hi2c2
 .bss.x         0x0000000020000474        0x4 ./Core/Src/main.o
                0x0000000020000474                x
 .bss.direction
                0x0000000020000478        0x4 ./Core/Src/main.o
                0x0000000020000478                direction
 .bss.speed     0x000000002000047c        0x4 ./Core/Src/main.o
                0x000000002000047c                speed
 .bss.hspi1     0x0000000020000480       0x58 ./Core/Src/spi.o
                0x0000000020000480                hspi1
 .bss.htim6     0x00000000200004d8       0x48 ./Core/Src/stm32f4xx_hal_timebase_tim.o
                0x00000000200004d8                htim6
 .bss.htim1     0x0000000020000520       0x48 ./Core/Src/tim.o
                0x0000000020000520                htim1
 .bss.htim3     0x0000000020000568       0x48 ./Core/Src/tim.o
                0x0000000020000568                htim3
 .bss.htim4     0x00000000200005b0       0x48 ./Core/Src/tim.o
                0x00000000200005b0                htim4
 .bss.htim9     0x00000000200005f8       0x48 ./Core/Src/tim.o
                0x00000000200005f8                htim9
 .bss.htim12    0x0000000020000640       0x48 ./Core/Src/tim.o
                0x0000000020000640                htim12
 .bss.huart4    0x0000000020000688       0x44 ./Core/Src/usart.o
                0x0000000020000688                huart4
 .bss.huart5    0x00000000200006cc       0x44 ./Core/Src/usart.o
                0x00000000200006cc                huart5
 .bss.huart2    0x0000000020000710       0x44 ./Core/Src/usart.o
                0x0000000020000710                huart2
 .bss.huart3    0x0000000020000754       0x44 ./Core/Src/usart.o
                0x0000000020000754                huart3
 .bss.uwTick    0x0000000020000798        0x4 ./Drivers/STM32F4xx_HAL_Driver/Src/stm32f4xx_hal.o
                0x0000000020000798                uwTick
 .bss.pxCurrentTCB
                0x000000002000079c        0x4 ./Middlewares/Third_Party/FreeRTOS/Source/tasks.o
                0x000000002000079c                pxCurrentTCB
 .bss.pxReadyTasksLists
                0x00000000200007a0       0x8c ./Middlewares/Third_Party/FreeRTOS/Source/tasks.o
 .bss.xDelayedTaskList1
                0x000000002000082c       0x14 ./Middlewares/Third_Party/FreeRTOS/Source/tasks.o
 .bss.xDelayedTaskList2
                0x0000000020000840       0x14 ./Middlewares/Third_Party/FreeRTOS/Source/tasks.o
 .bss.pxDelayedTaskList
                0x0000000020000854        0x4 ./Middlewares/Third_Party/FreeRTOS/Source/tasks.o
 .bss.pxOverflowDelayedTaskList
                0x0000000020000858        0x4 ./Middlewares/Third_Party/FreeRTOS/Source/tasks.o
 .bss.xPendingReadyList
                0x000000002000085c       0x14 ./Middlewares/Third_Party/FreeRTOS/Source/tasks.o
 .bss.xTasksWaitingTermination
                0x0000000020000870       0x14 ./Middlewares/Third_Party/FreeRTOS/Source/tasks.o
 .bss.uxDeletedTasksWaitingCleanUp
                0x0000000020000884        0x4 ./Middlewares/Third_Party/FreeRTOS/Source/tasks.o
 .bss.xSuspendedTaskList
                0x0000000020000888       0x14 ./Middlewares/Third_Party/FreeRTOS/Source/tasks.o
 .bss.uxCurrentNumberOfTasks
                0x000000002000089c        0x4 ./Middlewares/Third_Party/FreeRTOS/Source/tasks.o
 .bss.xTickCount
                0x00000000200008a0        0x4 ./Middlewares/Third_Party/FreeRTOS/Source/tasks.o
 .bss.uxTopReadyPriority
                0x00000000200008a4        0x4 ./Middlewares/Third_Party/FreeRTOS/Source/tasks.o
 .bss.xSchedulerRunning
                0x00000000200008a8        0x4 ./Middlewares/Third_Party/FreeRTOS/Source/tasks.o
 .bss.xPendedTicks
                0x00000000200008ac        0x4 ./Middlewares/Third_Party/FreeRTOS/Source/tasks.o
 .bss.xYieldPending
                0x00000000200008b0        0x4 ./Middlewares/Third_Party/FreeRTOS/Source/tasks.o
 .bss.xNumOfOverflows
                0x00000000200008b4        0x4 ./Middlewares/Third_Party/FreeRTOS/Source/tasks.o
 .bss.uxTaskNumber
                0x00000000200008b8        0x4 ./Middlewares/Third_Party/FreeRTOS/Source/tasks.o
 .bss.xNextTaskUnblockTime
                0x00000000200008bc        0x4 ./Middlewares/Third_Party/FreeRTOS/Source/tasks.o
 .bss.xIdleTaskHandle
                0x00000000200008c0        0x4 ./Middlewares/Third_Party/FreeRTOS/Source/tasks.o
 .bss.uxSchedulerSuspended
                0x00000000200008c4        0x4 ./Middlewares/Third_Party/FreeRTOS/Source/tasks.o
 .bss.ucMaxSysCallPriority
                0x00000000200008c8        0x1 ./Middlewares/Third_Party/FreeRTOS/Source/portable/GCC/ARM_CM4F/port.o
 *fill*         0x00000000200008c9        0x3 
 .bss.ulMaxPRIGROUPValue
                0x00000000200008cc        0x4 ./Middlewares/Third_Party/FreeRTOS/Source/portable/GCC/ARM_CM4F/port.o
 .bss.ucHeap    0x00000000200008d0     0x3c00 ./Middlewares/Third_Party/FreeRTOS/Source/portable/MemMang/heap_4.o
 .bss.xStart    0x00000000200044d0        0x8 ./Middlewares/Third_Party/FreeRTOS/Source/portable/MemMang/heap_4.o
 .bss.pxEnd     0x00000000200044d8        0x4 ./Middlewares/Third_Party/FreeRTOS/Source/portable/MemMang/heap_4.o
 .bss.xFreeBytesRemaining
                0x00000000200044dc        0x4 ./Middlewares/Third_Party/FreeRTOS/Source/portable/MemMang/heap_4.o
 .bss.xMinimumEverFreeBytesRemaining
                0x00000000200044e0        0x4 ./Middlewares/Third_Party/FreeRTOS/Source/portable/MemMang/heap_4.o
 .bss.xNumberOfSuccessfulAllocations
                0x00000000200044e4        0x4 ./Middlewares/Third_Party/FreeRTOS/Source/portable/MemMang/heap_4.o
 .bss.xNumberOfSuccessfulFrees
                0x00000000200044e8        0x4 ./Middlewares/Third_Party/FreeRTOS/Source/portable/MemMang/heap_4.o
 .bss.xBlockAllocatedBit
                0x00000000200044ec        0x4 ./Middlewares/Third_Party/FreeRTOS/Source/portable/MemMang/heap_4.o
 .bss.__lock___malloc_recursive_mutex
                0x00000000200044f0        0x1 c:/st/stm32cubeide_1.11.0/stm32cubeide/plugins/com.st.stm32cube.ide.mcu.externaltools.gnu-tools-for-stm32.10.3-2021.10.win32_1.0.100.202210260954/tools/bin/../lib/gcc/arm-none-eabi/10.3.1/../../../../arm-none-eabi/lib/thumb/v7e-m+fp/hard\libc_nano.a(lib_a-lock.o)
                0x00000000200044f0                __lock___malloc_recursive_mutex
 *fill*         0x00000000200044f1        0x3 
 .bss.__malloc_free_list
                0x00000000200044f4        0x4 c:/st/stm32cubeide_1.11.0/stm32cubeide/plugins/com.st.stm32cube.ide.mcu.externaltools.gnu-tools-for-stm32.10.3-2021.10.win32_1.0.100.202210260954/tools/bin/../lib/gcc/arm-none-eabi/10.3.1/../../../../arm-none-eabi/lib/thumb/v7e-m+fp/hard\libc_nano.a(lib_a-nano-mallocr.o)
                0x00000000200044f4                __malloc_free_list
 *(COMMON)
                0x00000000200044f8                . = ALIGN (0x4)
                0x00000000200044f8                _ebss = .
                0x00000000200044f8                __bss_end__ = _ebss

._user_heap_stack
                0x00000000200044f8      0x600
                0x00000000200044f8                . = ALIGN (0x8)
                [!provide]                        PROVIDE (end = .)
                0x00000000200044f8                PROVIDE (_end = .)
                0x00000000200046f8                . = (. + _Min_Heap_Size)
 *fill*         0x00000000200044f8      0x200 
                0x0000000020004af8                . = (. + _Min_Stack_Size)
 *fill*         0x00000000200046f8      0x400 
                0x0000000020004af8                . = ALIGN (0x8)

/DISCARD/
 libc.a(*)
 libm.a(*)
 libgcc.a(*)

.ARM.attributes
                0x0000000000000000       0x30
 *(.ARM.attributes)
 .ARM.attributes
                0x0000000000000000       0x1e c:/st/stm32cubeide_1.11.0/stm32cubeide/plugins/com.st.stm32cube.ide.mcu.externaltools.gnu-tools-for-stm32.10.3-2021.10.win32_1.0.100.202210260954/tools/bin/../lib/gcc/arm-none-eabi/10.3.1/thumb/v7e-m+fp/hard/crti.o
 .ARM.attributes
                0x000000000000001e       0x34 c:/st/stm32cubeide_1.11.0/stm32cubeide/plugins/com.st.stm32cube.ide.mcu.externaltools.gnu-tools-for-stm32.10.3-2021.10.win32_1.0.100.202210260954/tools/bin/../lib/gcc/arm-none-eabi/10.3.1/thumb/v7e-m+fp/hard/crtbegin.o
 .ARM.attributes
                0x0000000000000052       0x34 ./Core/Src/adc.o
 .ARM.attributes
                0x0000000000000086       0x34 ./Core/Src/can.o
 .ARM.attributes
                0x00000000000000ba       0x34 ./Core/Src/freertos.o
 .ARM.attributes
                0x00000000000000ee       0x34 ./Core/Src/gpio.o
 .ARM.attributes
                0x0000000000000122       0x34 ./Core/Src/i2c.o
 .ARM.attributes
                0x0000000000000156       0x34 ./Core/Src/main.o
 .ARM.attributes
                0x000000000000018a       0x34 ./Core/Src/spi.o
 .ARM.attributes
                0x00000000000001be       0x34 ./Core/Src/stm32f4xx_hal_msp.o
 .ARM.attributes
                0x00000000000001f2       0x34 ./Core/Src/stm32f4xx_hal_timebase_tim.o
 .ARM.attributes
                0x0000000000000226       0x34 ./Core/Src/stm32f4xx_it.o
 .ARM.attributes
                0x000000000000025a       0x34 ./Core/Src/system_stm32f4xx.o
 .ARM.attributes
                0x000000000000028e       0x34 ./Core/Src/tim.o
 .ARM.attributes
                0x00000000000002c2       0x34 ./Core/Src/usart.o
 .ARM.attributes
                0x00000000000002f6       0x21 ./Core/Startup/startup_stm32f407vgtx.o
 .ARM.attributes
                0x0000000000000317       0x34 ./Drivers/STM32F4xx_HAL_Driver/Src/stm32f4xx_hal.o
 .ARM.attributes
                0x000000000000034b       0x34 ./Drivers/STM32F4xx_HAL_Driver/Src/stm32f4xx_hal_adc.o
 .ARM.attributes
                0x000000000000037f       0x34 ./Drivers/STM32F4xx_HAL_Driver/Src/stm32f4xx_hal_can.o
 .ARM.attributes
                0x00000000000003b3       0x34 ./Drivers/STM32F4xx_HAL_Driver/Src/stm32f4xx_hal_cortex.o
 .ARM.attributes
                0x00000000000003e7       0x34 ./Drivers/STM32F4xx_HAL_Driver/Src/stm32f4xx_hal_gpio.o
 .ARM.attributes
                0x000000000000041b       0x34 ./Drivers/STM32F4xx_HAL_Driver/Src/stm32f4xx_hal_i2c.o
 .ARM.attributes
                0x000000000000044f       0x34 ./Drivers/STM32F4xx_HAL_Driver/Src/stm32f4xx_hal_rcc.o
 .ARM.attributes
                0x0000000000000483       0x34 ./Drivers/STM32F4xx_HAL_Driver/Src/stm32f4xx_hal_spi.o
 .ARM.attributes
                0x00000000000004b7       0x34 ./Drivers/STM32F4xx_HAL_Driver/Src/stm32f4xx_hal_tim.o
 .ARM.attributes
                0x00000000000004eb       0x34 ./Drivers/STM32F4xx_HAL_Driver/Src/stm32f4xx_hal_tim_ex.o
 .ARM.attributes
                0x000000000000051f       0x34 ./Drivers/STM32F4xx_HAL_Driver/Src/stm32f4xx_hal_uart.o
 .ARM.attributes
                0x0000000000000553       0x34 ./Middlewares/Third_Party/FreeRTOS/Source/CMSIS_RTOS/cmsis_os.o
 .ARM.attributes
                0x0000000000000587       0x34 ./Middlewares/Third_Party/FreeRTOS/Source/list.o
 .ARM.attributes
                0x00000000000005bb       0x34 ./Middlewares/Third_Party/FreeRTOS/Source/queue.o
 .ARM.attributes
                0x00000000000005ef       0x34 ./Middlewares/Third_Party/FreeRTOS/Source/tasks.o
 .ARM.attributes
                0x0000000000000623       0x34 ./Middlewares/Third_Party/FreeRTOS/Source/portable/GCC/ARM_CM4F/port.o
 .ARM.attributes
                0x0000000000000657       0x34 ./Middlewares/Third_Party/FreeRTOS/Source/portable/MemMang/heap_4.o
 .ARM.attributes
                0x000000000000068b       0x34 c:/st/stm32cubeide_1.11.0/stm32cubeide/plugins/com.st.stm32cube.ide.mcu.externaltools.gnu-tools-for-stm32.10.3-2021.10.win32_1.0.100.202210260954/tools/bin/../lib/gcc/arm-none-eabi/10.3.1/../../../../arm-none-eabi/lib/thumb/v7e-m+fp/hard\libc_nano.a(lib_a-findfp.o)
 .ARM.attributes
                0x00000000000006bf       0x34 c:/st/stm32cubeide_1.11.0/stm32cubeide/plugins/com.st.stm32cube.ide.mcu.externaltools.gnu-tools-for-stm32.10.3-2021.10.win32_1.0.100.202210260954/tools/bin/../lib/gcc/arm-none-eabi/10.3.1/../../../../arm-none-eabi/lib/thumb/v7e-m+fp/hard\libc_nano.a(lib_a-impure.o)
 .ARM.attributes
                0x00000000000006f3       0x34 c:/st/stm32cubeide_1.11.0/stm32cubeide/plugins/com.st.stm32cube.ide.mcu.externaltools.gnu-tools-for-stm32.10.3-2021.10.win32_1.0.100.202210260954/tools/bin/../lib/gcc/arm-none-eabi/10.3.1/../../../../arm-none-eabi/lib/thumb/v7e-m+fp/hard\libc_nano.a(lib_a-init.o)
 .ARM.attributes
                0x0000000000000727       0x34 c:/st/stm32cubeide_1.11.0/stm32cubeide/plugins/com.st.stm32cube.ide.mcu.externaltools.gnu-tools-for-stm32.10.3-2021.10.win32_1.0.100.202210260954/tools/bin/../lib/gcc/arm-none-eabi/10.3.1/../../../../arm-none-eabi/lib/thumb/v7e-m+fp/hard\libc_nano.a(lib_a-lock.o)
 .ARM.attributes
                0x000000000000075b       0x34 c:/st/stm32cubeide_1.11.0/stm32cubeide/plugins/com.st.stm32cube.ide.mcu.externaltools.gnu-tools-for-stm32.10.3-2021.10.win32_1.0.100.202210260954/tools/bin/../lib/gcc/arm-none-eabi/10.3.1/../../../../arm-none-eabi/lib/thumb/v7e-m+fp/hard\libc_nano.a(lib_a-memcpy-stub.o)
 .ARM.attributes
                0x000000000000078f       0x34 c:/st/stm32cubeide_1.11.0/stm32cubeide/plugins/com.st.stm32cube.ide.mcu.externaltools.gnu-tools-for-stm32.10.3-2021.10.win32_1.0.100.202210260954/tools/bin/../lib/gcc/arm-none-eabi/10.3.1/../../../../arm-none-eabi/lib/thumb/v7e-m+fp/hard\libc_nano.a(lib_a-memset.o)
 .ARM.attributes
                0x00000000000007c3       0x34 c:/st/stm32cubeide_1.11.0/stm32cubeide/plugins/com.st.stm32cube.ide.mcu.externaltools.gnu-tools-for-stm32.10.3-2021.10.win32_1.0.100.202210260954/tools/bin/../lib/gcc/arm-none-eabi/10.3.1/../../../../arm-none-eabi/lib/thumb/v7e-m+fp/hard\libc_nano.a(lib_a-nano-mallocr.o)
 .ARM.attributes
                0x00000000000007f7       0x34 c:/st/stm32cubeide_1.11.0/stm32cubeide/plugins/com.st.stm32cube.ide.mcu.externaltools.gnu-tools-for-stm32.10.3-2021.10.win32_1.0.100.202210260954/tools/bin/../lib/gcc/arm-none-eabi/10.3.1/../../../../arm-none-eabi/lib/thumb/v7e-m+fp/hard\libc_nano.a(lib_a-reent.o)
 .ARM.attributes
                0x000000000000082b       0x34 c:/st/stm32cubeide_1.11.0/stm32cubeide/plugins/com.st.stm32cube.ide.mcu.externaltools.gnu-tools-for-stm32.10.3-2021.10.win32_1.0.100.202210260954/tools/bin/../lib/gcc/arm-none-eabi/10.3.1/../../../../arm-none-eabi/lib/thumb/v7e-m+fp/hard\libc_nano.a(lib_a-mlock.o)
 .ARM.attributes
                0x000000000000085f       0x34 c:/st/stm32cubeide_1.11.0/stm32cubeide/plugins/com.st.stm32cube.ide.mcu.externaltools.gnu-tools-for-stm32.10.3-2021.10.win32_1.0.100.202210260954/tools/bin/../lib/gcc/arm-none-eabi/10.3.1/../../../../arm-none-eabi/lib/thumb/v7e-m+fp/hard\libc_nano.a(lib_a-nano-freer.o)
 .ARM.attributes
                0x0000000000000893       0x1e c:/st/stm32cubeide_1.11.0/stm32cubeide/plugins/com.st.stm32cube.ide.mcu.externaltools.gnu-tools-for-stm32.10.3-2021.10.win32_1.0.100.202210260954/tools/bin/../lib/gcc/arm-none-eabi/10.3.1/thumb/v7e-m+fp/hard\libgcc.a(_aeabi_uldivmod.o)
 .ARM.attributes
                0x00000000000008b1       0x34 c:/st/stm32cubeide_1.11.0/stm32cubeide/plugins/com.st.stm32cube.ide.mcu.externaltools.gnu-tools-for-stm32.10.3-2021.10.win32_1.0.100.202210260954/tools/bin/../lib/gcc/arm-none-eabi/10.3.1/thumb/v7e-m+fp/hard\libgcc.a(_udivmoddi4.o)
 .ARM.attributes
                0x00000000000008e5       0x1e c:/st/stm32cubeide_1.11.0/stm32cubeide/plugins/com.st.stm32cube.ide.mcu.externaltools.gnu-tools-for-stm32.10.3-2021.10.win32_1.0.100.202210260954/tools/bin/../lib/gcc/arm-none-eabi/10.3.1/thumb/v7e-m+fp/hard\libgcc.a(_dvmd_tls.o)
 .ARM.attributes
                0x0000000000000903       0x1e c:/st/stm32cubeide_1.11.0/stm32cubeide/plugins/com.st.stm32cube.ide.mcu.externaltools.gnu-tools-for-stm32.10.3-2021.10.win32_1.0.100.202210260954/tools/bin/../lib/gcc/arm-none-eabi/10.3.1/thumb/v7e-m+fp/hard/crtn.o
OUTPUT(F407VGT6_FinalProject_Electronics.elf elf32-littlearm)
LOAD linker stubs
LOAD c:/st/stm32cubeide_1.11.0/stm32cubeide/plugins/com.st.stm32cube.ide.mcu.externaltools.gnu-tools-for-stm32.10.3-2021.10.win32_1.0.100.202210260954/tools/bin/../lib/gcc/arm-none-eabi/10.3.1/../../../../arm-none-eabi/lib/thumb/v7e-m+fp/hard\libc.a
LOAD c:/st/stm32cubeide_1.11.0/stm32cubeide/plugins/com.st.stm32cube.ide.mcu.externaltools.gnu-tools-for-stm32.10.3-2021.10.win32_1.0.100.202210260954/tools/bin/../lib/gcc/arm-none-eabi/10.3.1/../../../../arm-none-eabi/lib/thumb/v7e-m+fp/hard\libm.a
LOAD c:/st/stm32cubeide_1.11.0/stm32cubeide/plugins/com.st.stm32cube.ide.mcu.externaltools.gnu-tools-for-stm32.10.3-2021.10.win32_1.0.100.202210260954/tools/bin/../lib/gcc/arm-none-eabi/10.3.1/thumb/v7e-m+fp/hard\libgcc.a

.debug_info     0x0000000000000000    0x1ee67
 .debug_info    0x0000000000000000      0xa29 ./Core/Src/adc.o
 .debug_info    0x0000000000000a29      0x8bc ./Core/Src/can.o
 .debug_info    0x00000000000012e5     0x1620 ./Core/Src/freertos.o
 .debug_info    0x0000000000002905      0x4ab ./Core/Src/gpio.o
 .debug_info    0x0000000000002db0      0xa74 ./Core/Src/i2c.o
 .debug_info    0x0000000000003824      0xc95 ./Core/Src/main.o
 .debug_info    0x00000000000044b9      0xa08 ./Core/Src/spi.o
 .debug_info    0x0000000000004ec1      0x4f6 ./Core/Src/stm32f4xx_hal_msp.o
 .debug_info    0x00000000000053b7      0xc4b ./Core/Src/stm32f4xx_hal_timebase_tim.o
 .debug_info    0x0000000000006002      0x716 ./Core/Src/stm32f4xx_it.o
 .debug_info    0x0000000000006718      0x523 ./Core/Src/system_stm32f4xx.o
 .debug_info    0x0000000000006c3b     0x11cb ./Core/Src/tim.o
 .debug_info    0x0000000000007e06      0xaf2 ./Core/Src/usart.o
 .debug_info    0x00000000000088f8       0x22 ./Core/Startup/startup_stm32f407vgtx.o
 .debug_info    0x000000000000891a      0x97c ./Drivers/STM32F4xx_HAL_Driver/Src/stm32f4xx_hal.o
 .debug_info    0x0000000000009296      0xd70 ./Drivers/STM32F4xx_HAL_Driver/Src/stm32f4xx_hal_adc.o
 .debug_info    0x000000000000a006      0xfc3 ./Drivers/STM32F4xx_HAL_Driver/Src/stm32f4xx_hal_can.o
 .debug_info    0x000000000000afc9      0xe1b ./Drivers/STM32F4xx_HAL_Driver/Src/stm32f4xx_hal_cortex.o
 .debug_info    0x000000000000bde4      0x76a ./Drivers/STM32F4xx_HAL_Driver/Src/stm32f4xx_hal_gpio.o
 .debug_info    0x000000000000c54e     0x2609 ./Drivers/STM32F4xx_HAL_Driver/Src/stm32f4xx_hal_i2c.o
 .debug_info    0x000000000000eb57      0x966 ./Drivers/STM32F4xx_HAL_Driver/Src/stm32f4xx_hal_rcc.o
 .debug_info    0x000000000000f4bd     0x1758 ./Drivers/STM32F4xx_HAL_Driver/Src/stm32f4xx_hal_spi.o
 .debug_info    0x0000000000010c15     0x2bbe ./Drivers/STM32F4xx_HAL_Driver/Src/stm32f4xx_hal_tim.o
 .debug_info    0x00000000000137d3     0x15e0 ./Drivers/STM32F4xx_HAL_Driver/Src/stm32f4xx_hal_tim_ex.o
 .debug_info    0x0000000000014db3     0x31bc ./Drivers/STM32F4xx_HAL_Driver/Src/stm32f4xx_hal_uart.o
 .debug_info    0x0000000000017f6f     0x2352 ./Middlewares/Third_Party/FreeRTOS/Source/CMSIS_RTOS/cmsis_os.o
 .debug_info    0x000000000001a2c1      0x2d1 ./Middlewares/Third_Party/FreeRTOS/Source/list.o
 .debug_info    0x000000000001a592     0x18e1 ./Middlewares/Third_Party/FreeRTOS/Source/queue.o
 .debug_info    0x000000000001be73     0x25e2 ./Middlewares/Third_Party/FreeRTOS/Source/tasks.o
 .debug_info    0x000000000001e455      0x507 ./Middlewares/Third_Party/FreeRTOS/Source/portable/GCC/ARM_CM4F/port.o
 .debug_info    0x000000000001e95c      0x50b ./Middlewares/Third_Party/FreeRTOS/Source/portable/MemMang/heap_4.o

.debug_abbrev   0x0000000000000000     0x434c
 .debug_abbrev  0x0000000000000000      0x1e0 ./Core/Src/adc.o
 .debug_abbrev  0x00000000000001e0      0x201 ./Core/Src/can.o
 .debug_abbrev  0x00000000000003e1      0x291 ./Core/Src/freertos.o
 .debug_abbrev  0x0000000000000672      0x146 ./Core/Src/gpio.o
 .debug_abbrev  0x00000000000007b8      0x1e0 ./Core/Src/i2c.o
 .debug_abbrev  0x0000000000000998      0x268 ./Core/Src/main.o
 .debug_abbrev  0x0000000000000c00      0x1e0 ./Core/Src/spi.o
 .debug_abbrev  0x0000000000000de0      0x115 ./Core/Src/stm32f4xx_hal_msp.o
 .debug_abbrev  0x0000000000000ef5      0x1e6 ./Core/Src/stm32f4xx_hal_timebase_tim.o
 .debug_abbrev  0x00000000000010db      0x171 ./Core/Src/stm32f4xx_it.o
 .debug_abbrev  0x000000000000124c      0x116 ./Core/Src/system_stm32f4xx.o
 .debug_abbrev  0x0000000000001362      0x23e ./Core/Src/tim.o
 .debug_abbrev  0x00000000000015a0      0x214 ./Core/Src/usart.o
 .debug_abbrev  0x00000000000017b4       0x12 ./Core/Startup/startup_stm32f407vgtx.o
 .debug_abbrev  0x00000000000017c6      0x20d ./Drivers/STM32F4xx_HAL_Driver/Src/stm32f4xx_hal.o
 .debug_abbrev  0x00000000000019d3      0x244 ./Drivers/STM32F4xx_HAL_Driver/Src/stm32f4xx_hal_adc.o
 .debug_abbrev  0x0000000000001c17      0x22e ./Drivers/STM32F4xx_HAL_Driver/Src/stm32f4xx_hal_can.o
 .debug_abbrev  0x0000000000001e45      0x316 ./Drivers/STM32F4xx_HAL_Driver/Src/stm32f4xx_hal_cortex.o
 .debug_abbrev  0x000000000000215b      0x1c4 ./Drivers/STM32F4xx_HAL_Driver/Src/stm32f4xx_hal_gpio.o
 .debug_abbrev  0x000000000000231f      0x297 ./Drivers/STM32F4xx_HAL_Driver/Src/stm32f4xx_hal_i2c.o
 .debug_abbrev  0x00000000000025b6      0x2aa ./Drivers/STM32F4xx_HAL_Driver/Src/stm32f4xx_hal_rcc.o
 .debug_abbrev  0x0000000000002860      0x26e ./Drivers/STM32F4xx_HAL_Driver/Src/stm32f4xx_hal_spi.o
 .debug_abbrev  0x0000000000002ace      0x25d ./Drivers/STM32F4xx_HAL_Driver/Src/stm32f4xx_hal_tim.o
 .debug_abbrev  0x0000000000002d2b      0x265 ./Drivers/STM32F4xx_HAL_Driver/Src/stm32f4xx_hal_tim_ex.o
 .debug_abbrev  0x0000000000002f90      0x2f4 ./Drivers/STM32F4xx_HAL_Driver/Src/stm32f4xx_hal_uart.o
 .debug_abbrev  0x0000000000003284      0x406 ./Middlewares/Third_Party/FreeRTOS/Source/CMSIS_RTOS/cmsis_os.o
 .debug_abbrev  0x000000000000368a       0xf2 ./Middlewares/Third_Party/FreeRTOS/Source/list.o
 .debug_abbrev  0x000000000000377c      0x3a1 ./Middlewares/Third_Party/FreeRTOS/Source/queue.o
 .debug_abbrev  0x0000000000003b1d      0x3c4 ./Middlewares/Third_Party/FreeRTOS/Source/tasks.o
 .debug_abbrev  0x0000000000003ee1      0x259 ./Middlewares/Third_Party/FreeRTOS/Source/portable/GCC/ARM_CM4F/port.o
 .debug_abbrev  0x000000000000413a      0x212 ./Middlewares/Third_Party/FreeRTOS/Source/portable/MemMang/heap_4.o

.debug_aranges  0x0000000000000000     0x1968
 .debug_aranges
                0x0000000000000000       0x30 ./Core/Src/adc.o
 .debug_aranges
                0x0000000000000030       0x30 ./Core/Src/can.o
 .debug_aranges
                0x0000000000000060       0x50 ./Core/Src/freertos.o
 .debug_aranges
                0x00000000000000b0       0x20 ./Core/Src/gpio.o
 .debug_aranges
                0x00000000000000d0       0x38 ./Core/Src/i2c.o
 .debug_aranges
                0x0000000000000108       0x38 ./Core/Src/main.o
 .debug_aranges
                0x0000000000000140       0x30 ./Core/Src/spi.o
 .debug_aranges
                0x0000000000000170       0x20 ./Core/Src/stm32f4xx_hal_msp.o
 .debug_aranges
                0x0000000000000190       0x30 ./Core/Src/stm32f4xx_hal_timebase_tim.o
 .debug_aranges
                0x00000000000001c0       0x58 ./Core/Src/stm32f4xx_it.o
 .debug_aranges
                0x0000000000000218       0x28 ./Core/Src/system_stm32f4xx.o
 .debug_aranges
                0x0000000000000240       0x58 ./Core/Src/tim.o
 .debug_aranges
                0x0000000000000298       0x48 ./Core/Src/usart.o
 .debug_aranges
                0x00000000000002e0       0x28 ./Core/Startup/startup_stm32f407vgtx.o
 .debug_aranges
                0x0000000000000308       0xf0 ./Drivers/STM32F4xx_HAL_Driver/Src/stm32f4xx_hal.o
 .debug_aranges
                0x00000000000003f8       0xe8 ./Drivers/STM32F4xx_HAL_Driver/Src/stm32f4xx_hal_adc.o
 .debug_aranges
                0x00000000000004e0      0x138 ./Drivers/STM32F4xx_HAL_Driver/Src/stm32f4xx_hal_can.o
 .debug_aranges
                0x0000000000000618      0x118 ./Drivers/STM32F4xx_HAL_Driver/Src/stm32f4xx_hal_cortex.o
 .debug_aranges
                0x0000000000000730       0x58 ./Drivers/STM32F4xx_HAL_Driver/Src/stm32f4xx_hal_gpio.o
 .debug_aranges
                0x0000000000000788      0x2a0 ./Drivers/STM32F4xx_HAL_Driver/Src/stm32f4xx_hal_i2c.o
 .debug_aranges
                0x0000000000000a28       0x88 ./Drivers/STM32F4xx_HAL_Driver/Src/stm32f4xx_hal_rcc.o
 .debug_aranges
                0x0000000000000ab0      0x1d0 ./Drivers/STM32F4xx_HAL_Driver/Src/stm32f4xx_hal_spi.o
 .debug_aranges
                0x0000000000000c80      0x3d0 ./Drivers/STM32F4xx_HAL_Driver/Src/stm32f4xx_hal_tim.o
 .debug_aranges
                0x0000000000001050      0x168 ./Drivers/STM32F4xx_HAL_Driver/Src/stm32f4xx_hal_tim_ex.o
 .debug_aranges
                0x00000000000011b8      0x200 ./Drivers/STM32F4xx_HAL_Driver/Src/stm32f4xx_hal_uart.o
 .debug_aranges
                0x00000000000013b8      0x1d8 ./Middlewares/Third_Party/FreeRTOS/Source/CMSIS_RTOS/cmsis_os.o
 .debug_aranges
                0x0000000000001590       0x40 ./Middlewares/Third_Party/FreeRTOS/Source/list.o
 .debug_aranges
                0x00000000000015d0      0x108 ./Middlewares/Third_Party/FreeRTOS/Source/queue.o
 .debug_aranges
                0x00000000000016d8      0x1b8 ./Middlewares/Third_Party/FreeRTOS/Source/tasks.o
 .debug_aranges
                0x0000000000001890       0x80 ./Middlewares/Third_Party/FreeRTOS/Source/portable/GCC/ARM_CM4F/port.o
 .debug_aranges
                0x0000000000001910       0x58 ./Middlewares/Third_Party/FreeRTOS/Source/portable/MemMang/heap_4.o

.debug_ranges   0x0000000000000000     0x17c8
 .debug_ranges  0x0000000000000000       0x20 ./Core/Src/adc.o
 .debug_ranges  0x0000000000000020       0x20 ./Core/Src/can.o
 .debug_ranges  0x0000000000000040       0x40 ./Core/Src/freertos.o
 .debug_ranges  0x0000000000000080       0x10 ./Core/Src/gpio.o
 .debug_ranges  0x0000000000000090       0x28 ./Core/Src/i2c.o
 .debug_ranges  0x00000000000000b8       0x28 ./Core/Src/main.o
 .debug_ranges  0x00000000000000e0       0x20 ./Core/Src/spi.o
 .debug_ranges  0x0000000000000100       0x10 ./Core/Src/stm32f4xx_hal_msp.o
 .debug_ranges  0x0000000000000110       0x20 ./Core/Src/stm32f4xx_hal_timebase_tim.o
 .debug_ranges  0x0000000000000130       0x48 ./Core/Src/stm32f4xx_it.o
 .debug_ranges  0x0000000000000178       0x18 ./Core/Src/system_stm32f4xx.o
 .debug_ranges  0x0000000000000190       0x48 ./Core/Src/tim.o
 .debug_ranges  0x00000000000001d8       0x38 ./Core/Src/usart.o
 .debug_ranges  0x0000000000000210       0x20 ./Core/Startup/startup_stm32f407vgtx.o
 .debug_ranges  0x0000000000000230       0xe0 ./Drivers/STM32F4xx_HAL_Driver/Src/stm32f4xx_hal.o
 .debug_ranges  0x0000000000000310       0xd8 ./Drivers/STM32F4xx_HAL_Driver/Src/stm32f4xx_hal_adc.o
 .debug_ranges  0x00000000000003e8      0x128 ./Drivers/STM32F4xx_HAL_Driver/Src/stm32f4xx_hal_can.o
 .debug_ranges  0x0000000000000510      0x108 ./Drivers/STM32F4xx_HAL_Driver/Src/stm32f4xx_hal_cortex.o
 .debug_ranges  0x0000000000000618       0x48 ./Drivers/STM32F4xx_HAL_Driver/Src/stm32f4xx_hal_gpio.o
 .debug_ranges  0x0000000000000660      0x2a8 ./Drivers/STM32F4xx_HAL_Driver/Src/stm32f4xx_hal_i2c.o
 .debug_ranges  0x0000000000000908       0x78 ./Drivers/STM32F4xx_HAL_Driver/Src/stm32f4xx_hal_rcc.o
 .debug_ranges  0x0000000000000980      0x1c0 ./Drivers/STM32F4xx_HAL_Driver/Src/stm32f4xx_hal_spi.o
 .debug_ranges  0x0000000000000b40      0x3c0 ./Drivers/STM32F4xx_HAL_Driver/Src/stm32f4xx_hal_tim.o
 .debug_ranges  0x0000000000000f00      0x158 ./Drivers/STM32F4xx_HAL_Driver/Src/stm32f4xx_hal_tim_ex.o
 .debug_ranges  0x0000000000001058      0x220 ./Drivers/STM32F4xx_HAL_Driver/Src/stm32f4xx_hal_uart.o
 .debug_ranges  0x0000000000001278      0x1c8 ./Middlewares/Third_Party/FreeRTOS/Source/CMSIS_RTOS/cmsis_os.o
 .debug_ranges  0x0000000000001440       0x30 ./Middlewares/Third_Party/FreeRTOS/Source/list.o
 .debug_ranges  0x0000000000001470       0xf8 ./Middlewares/Third_Party/FreeRTOS/Source/queue.o
 .debug_ranges  0x0000000000001568      0x1a8 ./Middlewares/Third_Party/FreeRTOS/Source/tasks.o
 .debug_ranges  0x0000000000001710       0x70 ./Middlewares/Third_Party/FreeRTOS/Source/portable/GCC/ARM_CM4F/port.o
 .debug_ranges  0x0000000000001780       0x48 ./Middlewares/Third_Party/FreeRTOS/Source/portable/MemMang/heap_4.o

.debug_macro    0x0000000000000000    0x25d38
 .debug_macro   0x0000000000000000      0x23d ./Core/Src/adc.o
 .debug_macro   0x000000000000023d      0xa78 ./Core/Src/adc.o
 .debug_macro   0x0000000000000cb5      0x2b3 ./Core/Src/adc.o
 .debug_macro   0x0000000000000f68       0x2e ./Core/Src/adc.o
 .debug_macro   0x0000000000000f96       0x2f ./Core/Src/adc.o
 .debug_macro   0x0000000000000fc5       0x22 ./Core/Src/adc.o
 .debug_macro   0x0000000000000fe7       0x8e ./Core/Src/adc.o
 .debug_macro   0x0000000000001075       0x51 ./Core/Src/adc.o
 .debug_macro   0x00000000000010c6      0x103 ./Core/Src/adc.o
 .debug_macro   0x00000000000011c9       0x6a ./Core/Src/adc.o
 .debug_macro   0x0000000000001233      0x1df ./Core/Src/adc.o
 .debug_macro   0x0000000000001412       0x1c ./Core/Src/adc.o
 .debug_macro   0x000000000000142e       0x22 ./Core/Src/adc.o
 .debug_macro   0x0000000000001450       0xd9 ./Core/Src/adc.o
 .debug_macro   0x0000000000001529     0x102d ./Core/Src/adc.o
 .debug_macro   0x0000000000002556      0x11f ./Core/Src/adc.o
 .debug_macro   0x0000000000002675    0x15e82 ./Core/Src/adc.o
 .debug_macro   0x00000000000184f7       0x6d ./Core/Src/adc.o
 .debug_macro   0x0000000000018564     0x367e ./Core/Src/adc.o
 .debug_macro   0x000000000001bbe2      0x174 ./Core/Src/adc.o
 .debug_macro   0x000000000001bd56       0x5c ./Core/Src/adc.o
 .debug_macro   0x000000000001bdb2      0x96b ./Core/Src/adc.o
 .debug_macro   0x000000000001c71d      0x9fe ./Core/Src/adc.o
 .debug_macro   0x000000000001d11b      0x115 ./Core/Src/adc.o
 .debug_macro   0x000000000001d230      0x13e ./Core/Src/adc.o
 .debug_macro   0x000000000001d36e       0xa5 ./Core/Src/adc.o
 .debug_macro   0x000000000001d413      0x174 ./Core/Src/adc.o
 .debug_macro   0x000000000001d587      0x287 ./Core/Src/adc.o
 .debug_macro   0x000000000001d80e       0x5f ./Core/Src/adc.o
 .debug_macro   0x000000000001d86d      0x236 ./Core/Src/adc.o
 .debug_macro   0x000000000001daa3      0xb5b ./Core/Src/adc.o
 .debug_macro   0x000000000001e5fe      0x38b ./Core/Src/adc.o
 .debug_macro   0x000000000001e989      0x176 ./Core/Src/adc.o
 .debug_macro   0x000000000001eaff       0xf9 ./Core/Src/adc.o
 .debug_macro   0x000000000001ebf8      0x40f ./Core/Src/adc.o
 .debug_macro   0x000000000001f007      0x12c ./Core/Src/adc.o
 .debug_macro   0x000000000001f133      0x21e ./Core/Src/adc.o
 .debug_macro   0x000000000001f351       0x2e ./Core/Src/adc.o
 .debug_macro   0x000000000001f37f      0x1b5 ./Core/Src/adc.o
 .debug_macro   0x000000000001f534       0xd6 ./Core/Src/adc.o
 .debug_macro   0x000000000001f60a      0x11a ./Core/Src/adc.o
 .debug_macro   0x000000000001f724       0x7e ./Core/Src/adc.o
 .debug_macro   0x000000000001f7a2       0x89 ./Core/Src/adc.o
 .debug_macro   0x000000000001f82b      0x225 ./Core/Src/adc.o
 .debug_macro   0x000000000001fa50      0x8e6 ./Core/Src/adc.o
 .debug_macro   0x0000000000020336       0x47 ./Core/Src/adc.o
 .debug_macro   0x000000000002037d      0x295 ./Core/Src/adc.o
 .debug_macro   0x0000000000020612      0x12d ./Core/Src/adc.o
 .debug_macro   0x000000000002073f       0xc4 ./Core/Src/adc.o
 .debug_macro   0x0000000000020803      0x23d ./Core/Src/can.o
 .debug_macro   0x0000000000020a40      0x391 ./Core/Src/freertos.o
 .debug_macro   0x0000000000020dd1       0xf1 ./Core/Src/freertos.o
 .debug_macro   0x0000000000020ec2      0x15a ./Core/Src/freertos.o
 .debug_macro   0x000000000002101c       0xde ./Core/Src/freertos.o
 .debug_macro   0x00000000000210fa       0x1c ./Core/Src/freertos.o
 .debug_macro   0x0000000000021116       0x26 ./Core/Src/freertos.o
 .debug_macro   0x000000000002113c       0x52 ./Core/Src/freertos.o
 .debug_macro   0x000000000002118e       0x1e ./Core/Src/freertos.o
 .debug_macro   0x00000000000211ac       0x3c ./Core/Src/freertos.o
 .debug_macro   0x00000000000211e8       0x34 ./Core/Src/freertos.o
 .debug_macro   0x000000000002121c       0x16 ./Core/Src/freertos.o
 .debug_macro   0x0000000000021232       0x43 ./Core/Src/freertos.o
 .debug_macro   0x0000000000021275       0x34 ./Core/Src/freertos.o
 .debug_macro   0x00000000000212a9       0x10 ./Core/Src/freertos.o
 .debug_macro   0x00000000000212b9       0x58 ./Core/Src/freertos.o
 .debug_macro   0x0000000000021311       0x71 ./Core/Src/freertos.o
 .debug_macro   0x0000000000021382       0x1c ./Core/Src/freertos.o
 .debug_macro   0x000000000002139e      0x12a ./Core/Src/freertos.o
 .debug_macro   0x00000000000214c8       0x10 ./Core/Src/freertos.o
 .debug_macro   0x00000000000214d8       0x35 ./Core/Src/freertos.o
 .debug_macro   0x000000000002150d      0x4fe ./Core/Src/freertos.o
 .debug_macro   0x0000000000021a0b       0xb5 ./Core/Src/freertos.o
 .debug_macro   0x0000000000021ac0       0xaa ./Core/Src/freertos.o
 .debug_macro   0x0000000000021b6a       0x91 ./Core/Src/freertos.o
 .debug_macro   0x0000000000021bfb       0x8d ./Core/Src/freertos.o
 .debug_macro   0x0000000000021c88       0x7e ./Core/Src/freertos.o
 .debug_macro   0x0000000000021d06       0x19 ./Core/Src/freertos.o
 .debug_macro   0x0000000000021d1f       0xf2 ./Core/Src/freertos.o
 .debug_macro   0x0000000000021e11      0x23d ./Core/Src/gpio.o
 .debug_macro   0x000000000002204e      0x23d ./Core/Src/i2c.o
 .debug_macro   0x000000000002228b      0x3cd ./Core/Src/main.o
 .debug_macro   0x0000000000022658       0xf1 ./Core/Src/main.o
 .debug_macro   0x0000000000022749      0x23d ./Core/Src/spi.o
 .debug_macro   0x0000000000022986      0x233 ./Core/Src/stm32f4xx_hal_msp.o
 .debug_macro   0x0000000000022bb9      0x224 ./Core/Src/stm32f4xx_hal_timebase_tim.o
 .debug_macro   0x0000000000022ddd      0x23d ./Core/Src/stm32f4xx_it.o
 .debug_macro   0x000000000002301a      0x224 ./Core/Src/system_stm32f4xx.o
 .debug_macro   0x000000000002323e      0x23d ./Core/Src/tim.o
 .debug_macro   0x000000000002347b      0x23d ./Core/Src/usart.o
 .debug_macro   0x00000000000236b8      0x284 ./Drivers/STM32F4xx_HAL_Driver/Src/stm32f4xx_hal.o
 .debug_macro   0x000000000002393c      0x225 ./Drivers/STM32F4xx_HAL_Driver/Src/stm32f4xx_hal_adc.o
 .debug_macro   0x0000000000023b61      0x22c ./Drivers/STM32F4xx_HAL_Driver/Src/stm32f4xx_hal_can.o
 .debug_macro   0x0000000000023d8d      0x224 ./Drivers/STM32F4xx_HAL_Driver/Src/stm32f4xx_hal_cortex.o
 .debug_macro   0x0000000000023fb1      0x22a ./Drivers/STM32F4xx_HAL_Driver/Src/stm32f4xx_hal_gpio.o
 .debug_macro   0x00000000000241db      0x26b ./Drivers/STM32F4xx_HAL_Driver/Src/stm32f4xx_hal_i2c.o
 .debug_macro   0x0000000000024446      0x248 ./Drivers/STM32F4xx_HAL_Driver/Src/stm32f4xx_hal_rcc.o
 .debug_macro   0x000000000002468e      0x233 ./Drivers/STM32F4xx_HAL_Driver/Src/stm32f4xx_hal_spi.o
 .debug_macro   0x00000000000248c1      0x225 ./Drivers/STM32F4xx_HAL_Driver/Src/stm32f4xx_hal_tim.o
 .debug_macro   0x0000000000024ae6      0x224 ./Drivers/STM32F4xx_HAL_Driver/Src/stm32f4xx_hal_tim_ex.o
 .debug_macro   0x0000000000024d0a      0x225 ./Drivers/STM32F4xx_HAL_Driver/Src/stm32f4xx_hal_uart.o
 .debug_macro   0x0000000000024f2f      0x210 ./Middlewares/Third_Party/FreeRTOS/Source/CMSIS_RTOS/cmsis_os.o
 .debug_macro   0x000000000002513f       0x10 ./Middlewares/Third_Party/FreeRTOS/Source/CMSIS_RTOS/cmsis_os.o
 .debug_macro   0x000000000002514f       0x20 ./Middlewares/Third_Party/FreeRTOS/Source/CMSIS_RTOS/cmsis_os.o
 .debug_macro   0x000000000002516f       0x16 ./Middlewares/Third_Party/FreeRTOS/Source/CMSIS_RTOS/cmsis_os.o
 .debug_macro   0x0000000000025185       0xc7 ./Middlewares/Third_Party/FreeRTOS/Source/CMSIS_RTOS/cmsis_os.o
 .debug_macro   0x000000000002524c      0x199 ./Middlewares/Third_Party/FreeRTOS/Source/list.o
 .debug_macro   0x00000000000253e5      0x228 ./Middlewares/Third_Party/FreeRTOS/Source/queue.o
 .debug_macro   0x000000000002560d       0x16 ./Middlewares/Third_Party/FreeRTOS/Source/queue.o
 .debug_macro   0x0000000000025623       0x87 ./Middlewares/Third_Party/FreeRTOS/Source/queue.o
 .debug_macro   0x00000000000256aa      0x28b ./Middlewares/Third_Party/FreeRTOS/Source/tasks.o
 .debug_macro   0x0000000000025935       0x10 ./Middlewares/Third_Party/FreeRTOS/Source/tasks.o
 .debug_macro   0x0000000000025945      0x233 ./Middlewares/Third_Party/FreeRTOS/Source/portable/GCC/ARM_CM4F/port.o
 .debug_macro   0x0000000000025b78      0x1c0 ./Middlewares/Third_Party/FreeRTOS/Source/portable/MemMang/heap_4.o

.debug_line     0x0000000000000000    0x1f3da
 .debug_line    0x0000000000000000      0x7e9 ./Core/Src/adc.o
 .debug_line    0x00000000000007e9      0x7d7 ./Core/Src/can.o
 .debug_line    0x0000000000000fc0      0xb1f ./Core/Src/freertos.o
 .debug_line    0x0000000000001adf      0x7ce ./Core/Src/gpio.o
 .debug_line    0x00000000000022ad      0x841 ./Core/Src/i2c.o
 .debug_line    0x0000000000002aee      0xb00 ./Core/Src/main.o
 .debug_line    0x00000000000035ee      0x7ed ./Core/Src/spi.o
 .debug_line    0x0000000000003ddb      0x76a ./Core/Src/stm32f4xx_hal_msp.o