c:\st\stm32cubeide_1.12.0\stm32cubeide\plugins\com.st.stm32cube.ide.mcu.externaltools.gnu-tools-for-stm32.10.3-2021.10.win32_1.0.200.202301161003\tools\arm-none-eabi\include\c++\10.3.1\bits\std_abs.h:75:3:constexpr float std::abs(float)	16	static
c:\st\stm32cubeide_1.12.0\stm32cubeide\plugins\com.st.stm32cube.ide.mcu.externaltools.gnu-tools-for-stm32.10.3-2021.10.win32_1.0.200.202301161003\tools\arm-none-eabi\include\c++\10.3.1\cmath:184:3:constexpr float std::cos(float)	16	static
c:\st\stm32cubeide_1.12.0\stm32cubeide\plugins\com.st.stm32cube.ide.mcu.externaltools.gnu-tools-for-stm32.10.3-2021.10.win32_1.0.200.202301161003\tools\arm-none-eabi\include\c++\10.3.1\cmath:241:3:constexpr float std::fabs(float)	16	static
c:\st\stm32cubeide_1.12.0\stm32cubeide\plugins\com.st.stm32cube.ide.mcu.externaltools.gnu-tools-for-stm32.10.3-2021.10.win32_1.0.200.202301161003\tools\arm-none-eabi\include\c++\10.3.1\cmath:425:3:constexpr float std::sin(float)	16	static
../Core/Inc/ros/time.h:51:3:ros::Time::Time()	16	static
../Core/Inc/ros/msg.h:65:14:static int ros::Msg::serializeAvrFloat64(unsigned char*, float)	32	static
../Core/Inc/ros/msg.h:126:14:static int ros::Msg::deserializeAvrFloat64(const unsigned char*, float*)	32	static
../Core/Inc/ros/msg.h:46:7:constexpr ros::Msg::Msg()	16	static
../Core/Inc/std_msgs/Header.h:23:5:std_msgs::Header::Header()	16	static
../Core/Inc/std_msgs/Header.h:30:17:virtual int std_msgs::Header::serialize(unsigned char*) const	24	static
../Core/Inc/std_msgs/Header.h:56:17:virtual int std_msgs::Header::deserialize(unsigned char*)	32	static
../Core/Inc/std_msgs/Header.h:86:26:virtual const char* std_msgs::Header::getType()	16	static
../Core/Inc/std_msgs/Header.h:87:26:virtual const char* std_msgs::Header::getMD5()	16	static
../Core/Inc/geometry_msgs/Point.h:22:5:geometry_msgs::Point::Point()	16	static
../Core/Inc/geometry_msgs/Point.h:29:17:virtual int geometry_msgs::Point::serialize(unsigned char*) const	24	static
../Core/Inc/geometry_msgs/Point.h:38:17:virtual int geometry_msgs::Point::deserialize(unsigned char*)	24	static
../Core/Inc/geometry_msgs/Point.h:47:26:virtual const char* geometry_msgs::Point::getType()	16	static
../Core/Inc/geometry_msgs/Point.h:48:26:virtual const char* geometry_msgs::Point::getMD5()	16	static
../Core/Inc/geometry_msgs/Quaternion.h:24:5:geometry_msgs::Quaternion::Quaternion()	16	static
../Core/Inc/geometry_msgs/Quaternion.h:32:17:virtual int geometry_msgs::Quaternion::serialize(unsigned char*) const	24	static
../Core/Inc/geometry_msgs/Quaternion.h:42:17:virtual int geometry_msgs::Quaternion::deserialize(unsigned char*)	24	static
../Core/Inc/geometry_msgs/Quaternion.h:52:26:virtual const char* geometry_msgs::Quaternion::getType()	16	static
../Core/Inc/geometry_msgs/Quaternion.h:53:26:virtual const char* geometry_msgs::Quaternion::getMD5()	16	static
../Core/Inc/geometry_msgs/Pose.h:22:5:geometry_msgs::Pose::Pose()	16	static
../Core/Inc/geometry_msgs/Pose.h:28:17:virtual int geometry_msgs::Pose::serialize(unsigned char*) const	24	static
../Core/Inc/geometry_msgs/Pose.h:36:17:virtual int geometry_msgs::Pose::deserialize(unsigned char*)	24	static
../Core/Inc/geometry_msgs/Pose.h:44:26:virtual const char* geometry_msgs::Pose::getType()	16	static
../Core/Inc/geometry_msgs/Pose.h:45:26:virtual const char* geometry_msgs::Pose::getMD5()	16	static
../Core/Inc/geometry_msgs/PoseWithCovariance.h:20:5:geometry_msgs::PoseWithCovariance::PoseWithCovariance()	16	static
../Core/Inc/geometry_msgs/PoseWithCovariance.h:26:17:virtual int geometry_msgs::PoseWithCovariance::serialize(unsigned char*) const	24	static
../Core/Inc/geometry_msgs/PoseWithCovariance.h:36:17:virtual int geometry_msgs::PoseWithCovariance::deserialize(unsigned char*)	24	static
../Core/Inc/geometry_msgs/PoseWithCovariance.h:46:26:virtual const char* geometry_msgs::PoseWithCovariance::getType()	16	static
../Core/Inc/geometry_msgs/PoseWithCovariance.h:47:26:virtual const char* geometry_msgs::PoseWithCovariance::getMD5()	16	static
../Core/Inc/geometry_msgs/Vector3.h:22:5:geometry_msgs::Vector3::Vector3()	16	static
../Core/Inc/geometry_msgs/Vector3.h:29:17:virtual int geometry_msgs::Vector3::serialize(unsigned char*) const	24	static
../Core/Inc/geometry_msgs/Vector3.h:38:17:virtual int geometry_msgs::Vector3::deserialize(unsigned char*)	24	static
../Core/Inc/geometry_msgs/Vector3.h:47:26:virtual const char* geometry_msgs::Vector3::getType()	16	static
../Core/Inc/geometry_msgs/Vector3.h:48:26:virtual const char* geometry_msgs::Vector3::getMD5()	16	static
../Core/Inc/geometry_msgs/Twist.h:21:5:geometry_msgs::Twist::Twist()	16	static
../Core/Inc/geometry_msgs/Twist.h:27:17:virtual int geometry_msgs::Twist::serialize(unsigned char*) const	24	static
../Core/Inc/geometry_msgs/Twist.h:35:17:virtual int geometry_msgs::Twist::deserialize(unsigned char*)	24	static
../Core/Inc/geometry_msgs/Twist.h:43:26:virtual const char* geometry_msgs::Twist::getType()	16	static
../Core/Inc/geometry_msgs/Twist.h:44:26:virtual const char* geometry_msgs::Twist::getMD5()	16	static
../Core/Inc/geometry_msgs/TwistWithCovariance.h:20:5:geometry_msgs::TwistWithCovariance::TwistWithCovariance()	16	static
../Core/Inc/geometry_msgs/TwistWithCovariance.h:26:17:virtual int geometry_msgs::TwistWithCovariance::serialize(unsigned char*) const	24	static
../Core/Inc/geometry_msgs/TwistWithCovariance.h:36:17:virtual int geometry_msgs::TwistWithCovariance::deserialize(unsigned char*)	24	static
../Core/Inc/geometry_msgs/TwistWithCovariance.h:46:26:virtual const char* geometry_msgs::TwistWithCovariance::getType()	16	static
../Core/Inc/geometry_msgs/TwistWithCovariance.h:47:26:virtual const char* geometry_msgs::TwistWithCovariance::getMD5()	16	static
../Core/Inc/nav_msgs/Odometry.h:27:5:nav_msgs::Odometry::Odometry()	16	static
../Core/Inc/nav_msgs/Odometry.h:35:17:virtual int nav_msgs::Odometry::serialize(unsigned char*) const	24	static
../Core/Inc/nav_msgs/Odometry.h:49:17:virtual int nav_msgs::Odometry::deserialize(unsigned char*)	32	static
../Core/Inc/nav_msgs/Odometry.h:67:26:virtual const char* nav_msgs::Odometry::getType()	16	static
../Core/Inc/nav_msgs/Odometry.h:68:26:virtual const char* nav_msgs::Odometry::getMD5()	16	static
../Core/Inc/geometry_msgs/Transform.h:22:5:geometry_msgs::Transform::Transform()	16	static
../Core/Inc/geometry_msgs/Transform.h:28:17:virtual int geometry_msgs::Transform::serialize(unsigned char*) const	24	static
../Core/Inc/geometry_msgs/Transform.h:36:17:virtual int geometry_msgs::Transform::deserialize(unsigned char*)	24	static
../Core/Inc/geometry_msgs/Transform.h:44:26:virtual const char* geometry_msgs::Transform::getType()	16	static
../Core/Inc/geometry_msgs/Transform.h:45:26:virtual const char* geometry_msgs::Transform::getMD5()	16	static
../Core/Inc/geometry_msgs/TransformStamped.h:24:5:geometry_msgs::TransformStamped::TransformStamped()	16	static
../Core/Inc/geometry_msgs/TransformStamped.h:31:17:virtual int geometry_msgs::TransformStamped::serialize(unsigned char*) const	24	static
../Core/Inc/geometry_msgs/TransformStamped.h:44:17:virtual int geometry_msgs::TransformStamped::deserialize(unsigned char*)	32	static
../Core/Inc/geometry_msgs/TransformStamped.h:61:26:virtual const char* geometry_msgs::TransformStamped::getType()	16	static
../Core/Inc/geometry_msgs/TransformStamped.h:62:26:virtual const char* geometry_msgs::TransformStamped::getMD5()	16	static
../Core/Inc/ros/publisher.h:48:3:ros::Publisher::Publisher(const char*, ros::Msg*, int)	24	static
../Core/Inc/ros/publisher.h:53:7:int ros::Publisher::publish(const ros::Msg*)	16	static
../Core/Inc/tf/tfMessage.h:21:5:tf::tfMessage::tfMessage()	16	static
../Core/Inc/tf/tfMessage.h:26:17:virtual int tf::tfMessage::serialize(unsigned char*) const	24	static
../Core/Inc/tf/tfMessage.h:40:17:virtual int tf::tfMessage::deserialize(unsigned char*)	32	static
../Core/Inc/tf/tfMessage.h:58:26:virtual const char* tf::tfMessage::getType()	16	static
../Core/Inc/tf/tfMessage.h:59:26:virtual const char* tf::tfMessage::getMD5()	16	static
../Core/Inc/tf/transform_broadcaster.h:47:3:tf::TransformBroadcaster::TransformBroadcaster()	16	static
../Core/Inc/tf/transform_broadcaster.h:49:8:void tf::TransformBroadcaster::init(ros::NodeHandle&)	16	static
../Core/Inc/tf/transform_broadcaster.h:54:8:void tf::TransformBroadcaster::sendTransform(geometry_msgs::TransformStamped&)	16	static
../Core/Inc/tf/tf.h:53:41:geometry_msgs::Quaternion tf::createQuaternionFromYaw(double)	24	static
../Core/Src/odom.cpp:24:1:Odometer::Odometer(float, float)	24	static
../Core/Src/odom.cpp:32:6:void Odometer::setupPubs(ros::NodeHandle&)	16	static
../Core/Src/odom.cpp:38:6:void Odometer::update_publish(ros::Time, float, float, float)	40	static
../Core/Src/odom.cpp:49:6:void Odometer::update_odom(float, float, float, float&, float&)	72	static
../Core/Src/odom.cpp:87:6:void Odometer::update_kinematics(float, float, float&, float&)	88	static
../Core/Inc/ros/msg.h:46:7:constexpr ros::Msg& ros::Msg::operator=(ros::Msg&&)	16	static
../Core/Inc/geometry_msgs/Quaternion.h:12:9:constexpr geometry_msgs::Quaternion& geometry_msgs::Quaternion::operator=(geometry_msgs::Quaternion&&)	16	static
../Core/Src/odom.cpp:114:6:void Odometer::publish_odom(ros::Time, float, float)	56	static
../Core/Src/odom.cpp:133:8:void Odometer::broadcastTf(ros::Time)	48	static
../Core/Src/odom.cpp:148:9:float Odometer::normalize_angle(float)	16	static
../Core/Inc/ros/msg.h:188:15:static void ros::Msg::varToArr(A, V) [with A = unsigned char*; V = long unsigned int]	24	static
../Core/Inc/ros/msg.h:196:15:static void ros::Msg::arrToVar(V&, A) [with V = long unsigned int; A = unsigned char*]	24	static
../Core/Inc/ros/node_handle.h:390:8:bool ros::NodeHandle_<Hardware, MAX_SUBSCRIBERS, MAX_PUBLISHERS, INPUT_SIZE, OUTPUT_SIZE>::advertise(ros::Publisher&) [with Hardware = STM32Hardware; int MAX_SUBSCRIBERS = 25; int MAX_PUBLISHERS = 25; int INPUT_SIZE = 2048; int OUTPUT_SIZE = 2048]	24	static
../Core/Src/odom.cpp:156:3:void __static_initialization_and_destruction_0(int, int)	16	static
../Core/Src/odom.cpp:156:3:cpp)	8	static
