../Core/Src/stm32f4xx_it.c:84:6:NMI_Handler	4	static
../Core/Src/stm32f4xx_it.c:99:6:HardFault_Handler	4	static
../Core/Src/stm32f4xx_it.c:114:6:MemManage_Handler	4	static
../Core/Src/stm32f4xx_it.c:129:6:BusFault_Handler	4	static
../Core/Src/stm32f4xx_it.c:144:6:UsageFault_Handler	4	static
../Core/Src/stm32f4xx_it.c:159:6:DebugMon_Handler	4	static
../Core/Src/stm32f4xx_it.c:179:6:DMA1_Stream0_IRQHandler	8	static
../Core/Src/stm32f4xx_it.c:193:6:DMA1_Stream2_IRQHandler	8	static
../Core/Src/stm32f4xx_it.c:207:6:DMA1_Stream5_IRQHandler	8	static
../Core/Src/stm32f4xx_it.c:221:6:TIM1_CC_IRQHandler	8	static
../Core/Src/stm32f4xx_it.c:235:6:TIM2_IRQHandler	8	static
../Core/Src/stm32f4xx_it.c:249:6:TIM3_IRQHandler	8	static
../Core/Src/stm32f4xx_it.c:263:6:TIM4_IRQHandler	8	static
../Core/Src/stm32f4xx_it.c:277:6:USART1_IRQHandler	8	static
../Core/Src/stm32f4xx_it.c:291:6:USART2_IRQHandler	8	static
../Core/Src/stm32f4xx_it.c:305:6:TIM8_CC_IRQHandler	8	static
../Core/Src/stm32f4xx_it.c:319:6:DMA1_Stream7_IRQHandler	8	static
../Core/Src/stm32f4xx_it.c:333:6:UART4_IRQHandler	8	static
../Core/Src/stm32f4xx_it.c:347:6:UART5_IRQHandler	8	static
../Core/Src/stm32f4xx_it.c:361:6:TIM6_DAC_IRQHandler	8	static
../Core/Src/stm32f4xx_it.c:375:6:TIM7_IRQHandler	8	static
