../Core/Src/tim.c:38:6:MX_TIM1_Init	56	static
../Core/Src/tim.c:83:6:MX_TIM2_Init	56	static
../Core/Src/tim.c:127:6:MX_TIM3_Init	56	static
../Core/Src/tim.c:171:6:MX_TIM4_Init	56	static
../Core/Src/tim.c:215:6:MX_TIM7_Init	16	static
../Core/Src/tim.c:248:6:MX_TIM8_Init	56	static
../Core/Src/tim.c:293:6:MX_TIM9_Init	56	static
../Core/Src/tim.c:344:6:MX_TIM12_Init	56	static
../Core/Src/tim.c:395:6:MX_TIM13_Init	8	static
../Core/Src/tim.c:421:6:HAL_TIM_Encoder_MspInit	80	static
../Core/Src/tim.c:567:6:HAL_TIM_Base_MspInit	32	static
../Core/Src/tim.c:623:6:HAL_TIM_MspPostInit	48	static
../Core/Src/tim.c:673:6:HAL_TIM_Encoder_MspDeInit	16	static
../Core/Src/tim.c:785:6:HAL_TIM_Base_MspDeInit	16	static
